Archive member included because of file (symbol)

c:/altera/13.0sp1/nios2eds/bin/gnu/h-i686-mingw32/bin/../lib/gcc/nios2-elf/4.1.2\libgcc.a(_fixunsdfsi.o)
                              obj/default/dm9000a.o (__fixunsdfsi)
c:/altera/13.0sp1/nios2eds/bin/gnu/h-i686-mingw32/bin/../lib/gcc/nios2-elf/4.1.2\libgcc.a(_addsub_df.o)
                              c:/altera/13.0sp1/nios2eds/bin/gnu/h-i686-mingw32/bin/../lib/gcc/nios2-elf/4.1.2\libgcc.a(_fixunsdfsi.o) (__subdf3)
c:/altera/13.0sp1/nios2eds/bin/gnu/h-i686-mingw32/bin/../lib/gcc/nios2-elf/4.1.2\libgcc.a(_mul_df.o)
                              obj/default/dm9000a.o (__muldf3)
c:/altera/13.0sp1/nios2eds/bin/gnu/h-i686-mingw32/bin/../lib/gcc/nios2-elf/4.1.2\libgcc.a(_ge_df.o)
                              c:/altera/13.0sp1/nios2eds/bin/gnu/h-i686-mingw32/bin/../lib/gcc/nios2-elf/4.1.2\libgcc.a(_fixunsdfsi.o) (__gedf2)
c:/altera/13.0sp1/nios2eds/bin/gnu/h-i686-mingw32/bin/../lib/gcc/nios2-elf/4.1.2\libgcc.a(_df_to_si.o)
                              c:/altera/13.0sp1/nios2eds/bin/gnu/h-i686-mingw32/bin/../lib/gcc/nios2-elf/4.1.2\libgcc.a(_fixunsdfsi.o) (__fixdfsi)
c:/altera/13.0sp1/nios2eds/bin/gnu/h-i686-mingw32/bin/../lib/gcc/nios2-elf/4.1.2\libgcc.a(_thenan_df.o)
                              c:/altera/13.0sp1/nios2eds/bin/gnu/h-i686-mingw32/bin/../lib/gcc/nios2-elf/4.1.2\libgcc.a(_addsub_df.o) (__thenan_df)
c:/altera/13.0sp1/nios2eds/bin/gnu/h-i686-mingw32/bin/../lib/gcc/nios2-elf/4.1.2\libgcc.a(_usi_to_df.o)
                              obj/default/dm9000a.o (__floatunsidf)
c:/altera/13.0sp1/nios2eds/bin/gnu/h-i686-mingw32/bin/../lib/gcc/nios2-elf/4.1.2\libgcc.a(_muldi3.o)
                              c:/altera/13.0sp1/nios2eds/bin/gnu/h-i686-mingw32/bin/../lib/gcc/nios2-elf/4.1.2\libgcc.a(_mul_df.o) (__muldi3)
c:/altera/13.0sp1/nios2eds/bin/gnu/h-i686-mingw32/bin/../lib/gcc/nios2-elf/4.1.2\libgcc.a(_clzsi2.o)
                              c:/altera/13.0sp1/nios2eds/bin/gnu/h-i686-mingw32/bin/../lib/gcc/nios2-elf/4.1.2\libgcc.a(_usi_to_df.o) (__clzsi2)
c:/altera/13.0sp1/nios2eds/bin/gnu/h-i686-mingw32/bin/../lib/gcc/nios2-elf/4.1.2\libgcc.a(_pack_df.o)
                              c:/altera/13.0sp1/nios2eds/bin/gnu/h-i686-mingw32/bin/../lib/gcc/nios2-elf/4.1.2\libgcc.a(_addsub_df.o) (__pack_d)
c:/altera/13.0sp1/nios2eds/bin/gnu/h-i686-mingw32/bin/../lib/gcc/nios2-elf/4.1.2\libgcc.a(_unpack_df.o)
                              c:/altera/13.0sp1/nios2eds/bin/gnu/h-i686-mingw32/bin/../lib/gcc/nios2-elf/4.1.2\libgcc.a(_addsub_df.o) (__unpack_d)
c:/altera/13.0sp1/nios2eds/bin/gnu/h-i686-mingw32/bin/../lib/gcc/nios2-elf/4.1.2\libgcc.a(_fpcmp_parts_df.o)
                              c:/altera/13.0sp1/nios2eds/bin/gnu/h-i686-mingw32/bin/../lib/gcc/nios2-elf/4.1.2\libgcc.a(_ge_df.o) (__fpcmp_parts_d)
c:/altera/13.0sp1/nios2eds/bin/gnu/h-i686-mingw32/bin/../lib/gcc/nios2-elf/4.1.2\libgcc.a(_clz.o)
                              c:/altera/13.0sp1/nios2eds/bin/gnu/h-i686-mingw32/bin/../lib/gcc/nios2-elf/4.1.2\libgcc.a(_clzsi2.o) (__clz_tab)
c:/altera/13.0sp1/nios2eds/bin/gnu/h-i686-mingw32/bin/../lib/gcc/nios2-elf/4.1.2/../../../../nios2-elf/lib\libc.a(lib_a-ctype_.o)
                              obj/default/network_utilities.o (__ctype_ptr)
c:/altera/13.0sp1/nios2eds/bin/gnu/h-i686-mingw32/bin/../lib/gcc/nios2-elf/4.1.2/../../../../nios2-elf/lib\libc.a(lib_a-exit.o)
                              obj/default/iniche_init.o (exit)
c:/altera/13.0sp1/nios2eds/bin/gnu/h-i686-mingw32/bin/../lib/gcc/nios2-elf/4.1.2/../../../../nios2-elf/lib\libc.a(lib_a-fprintf.o)
                              obj/default/alt_error_handler.o (fprintf)
c:/altera/13.0sp1/nios2eds/bin/gnu/h-i686-mingw32/bin/../lib/gcc/nios2-elf/4.1.2/../../../../nios2-elf/lib\libc.a(lib_a-fwrite.o)
                              obj/default/alt_error_handler.o (fwrite)
c:/altera/13.0sp1/nios2eds/bin/gnu/h-i686-mingw32/bin/../lib/gcc/nios2-elf/4.1.2/../../../../nios2-elf/lib\libc.a(lib_a-getc.o)
                              obj/default/network_utilities.o (getc)
c:/altera/13.0sp1/nios2eds/bin/gnu/h-i686-mingw32/bin/../lib/gcc/nios2-elf/4.1.2/../../../../nios2-elf/lib\libc.a(lib_a-impure.o)
                              obj/default/alt_error_handler.o (_impure_ptr)
c:/altera/13.0sp1/nios2eds/bin/gnu/h-i686-mingw32/bin/../lib/gcc/nios2-elf/4.1.2/../../../../nios2-elf/lib\libc.a(lib_a-memcpy.o)
                              obj/default/iniche_init.o (memcpy)
c:/altera/13.0sp1/nios2eds/bin/gnu/h-i686-mingw32/bin/../lib/gcc/nios2-elf/4.1.2/../../../../nios2-elf/lib\libc.a(lib_a-memmove.o)
                              obj/default/simple_socket_server.o (memmove)
c:/altera/13.0sp1/nios2eds/bin/gnu/h-i686-mingw32/bin/../lib/gcc/nios2-elf/4.1.2/../../../../nios2-elf/lib\libc.a(lib_a-memset.o)
                              obj/default/simple_socket_server.o (memset)
c:/altera/13.0sp1/nios2eds/bin/gnu/h-i686-mingw32/bin/../lib/gcc/nios2-elf/4.1.2/../../../../nios2-elf/lib\libc.a(lib_a-perror.o)
[...]
Memory Configuration

Name             Origin             Length             Attributes
sdram_0_BEFORE_EXCEPTION 0x00800000         0x00000020
sdram_0          0x00800020         0x007fffe0
reset            0x01400000         0x00000020
cfi_flash_0      0x01400020         0x003fffe0
sram_0           0x01a00000         0x00080000
epcs_controller  0x01a81800         0x00000800
*default*        0x00000000         0xffffffff

Linker script and memory map

LOAD ../server_bsp//obj/HAL/src/crt0.o
LOAD obj/default/LCD.o
LOAD obj/default/SSS_DE2_115.o
LOAD obj/default/alt_error_handler.o
LOAD obj/default/dm9000a.o
LOAD obj/default/iniche_init.o
LOAD obj/default/led.o
LOAD obj/default/network_utilities.o
LOAD obj/default/simple_socket_server.o
LOAD obj/default/tse_my_system.o
LOAD c:/altera/13.0sp1/nios2eds/bin/gnu/h-i686-mingw32/bin/../lib/gcc/nios2-elf/4.1.2/../../../../nios2-elf/lib\libstdc++.a
LOAD c:/altera/13.0sp1/nios2eds/bin/gnu/h-i686-mingw32/bin/../lib/gcc/nios2-elf/4.1.2/../../../../nios2-elf/lib\libm.a
LOAD c:/altera/13.0sp1/nios2eds/bin/gnu/h-i686-mingw32/bin/../lib/gcc/nios2-elf/4.1.2\libgcc.a
START GROUP
LOAD c:/altera/13.0sp1/nios2eds/bin/gnu/h-i686-mingw32/bin/../lib/gcc/nios2-elf/4.1.2/../../../../nios2-elf/lib\libc.a
LOAD c:/altera/13.0sp1/nios2eds/bin/gnu/h-i686-mingw32/bin/../lib/gcc/nios2-elf/4.1.2\libgcc.a
LOAD ../server_bsp/\libucosii_bsp.a
END GROUP
LOAD c:/altera/13.0sp1/nios2eds/bin/gnu/h-i686-mingw32/bin/../lib/gcc/nios2-elf/4.1.2\libgcc.a
                0x00800000                __alt_mem_sdram_0 = 0x800000
                0x01400000                __alt_mem_cfi_flash_0 = 0x1400000
                0x01a00000                __alt_mem_sram_0 = 0x1a00000
                0x01a81800                __alt_mem_epcs_controller = 0x1a81800

.entry          0x01400000        0x0
 *(.entry)
 .entry         0x01400000        0x0 ../server_bsp//obj/HAL/src/crt0.o
                0x01400000                __reset

.exceptions     0x00800020      0x19c
                0x00800020                PROVIDE (__ram_exceptions_start, ABSOLUTE (.))
                0x00800020                . = ALIGN (0x20)
 *(.irq)
 *(.exceptions.entry.label)
 .exceptions.entry.label
                0x00800020        0x0 ../server_bsp/\libucosii_bsp.a(alt_irq_entry.o)
                0x00800020                alt_irq_entry
 .exceptions.entry.label
                0x00800020        0x0 ../server_bsp/\libucosii_bsp.a(alt_exception_entry.o)
                0x00800020                alt_exception
 *(.exceptions.entry.user)
 *(.exceptions.entry)
 .exceptions.entry
                0x00800020       0x54 ../server_bsp/\libucosii_bsp.a(alt_exception_entry.o)
 *(.exceptions.irqtest.user)
 *(.exceptions.irqtest)
 .exceptions.irqtest
                0x00800074       0x10 ../server_bsp/\libucosii_bsp.a(alt_irq_entry.o)
 *(.exceptions.irqhandler.user)
 *(.exceptions.irqhandler)
 .exceptions.irqhandler
                0x00800084        0x4 ../server_bsp/\libucosii_bsp.a(alt_irq_entry.o)
 *(.exceptions.irqreturn.user)
 *(.exceptions.irqreturn)
 .exceptions.irqreturn
                0x00800088        0x4 ../server_bsp/\libucosii_bsp.a(alt_irq_entry.o)
 *(.exceptions.notirq.label)
 .exceptions.notirq.label
                0x0080008c        0x0 ../server_bsp/\libucosii_bsp.a(alt_irq_entry.o)
 *(.exceptions.notirq.user)
 *(.exceptions.notirq)
 .exceptions.notirq
                0x0080008c        0x8 ../server_bsp/\libucosii_bsp.a(alt_exception_entry.o)
 *(.exceptions.soft.user)
 *(.exceptions.soft)
 *(.exceptions.unknown.user)
 *(.exceptions.unknown)
 .exceptions.unknown
                0x00800094        0x4 ../server_bsp/\libucosii_bsp.a(alt_exception_entry.o)
 *(.exceptions.exit.label)
 .exceptions.exit.label
                0x00800098        0x0 ../server_bsp/\libucosii_bsp.a(alt_irq_entry.o)
 .exceptions.exit.label
                0x00800098        0x0 ../server_bsp/\libucosii_bsp.a(alt_exception_entry.o)
 *(.exceptions.exit.user)
 *(.exceptions.exit)
 .exceptions.exit
                0x00800098       0x54 ../server_bsp/\libucosii_bsp.a(alt_exception_entry.o)
 *(.exceptions)
 .exceptions    0x008000ec       0xd0 ../server_bsp/\libucosii_bsp.a(alt_irq_handler.o)
                0x008000ec                alt_irq_handler
                0x008001bc                PROVIDE (__ram_exceptions_end, ABSOLUTE (.))
                0x00800020                PROVIDE (__flash_exceptions_start, LOADADDR (.exceptions))

.text           0x008001bc    0x46be8
                0x008001bc                PROVIDE (stext, ABSOLUTE (.))
 *(.interp)
 *(.hash)
 *(.dynsym)
 *(.dynstr)
 *(.gnu.version)
 *(.gnu.version_d)
 *(.gnu.version_r)
 *(.rel.init)
 *(.rela.init)
 *(.rel.text .rel.text.* .rel.gnu.linkonce.t.*)
 *(.rela.text .rela.text.* .rela.gnu.linkonce.t.*)
 *(.rel.fini)
 *(.rela.fini)
 *(.rel.rodata .rel.rodata.* .rel.gnu.linkonce.r.*)
 *(.rela.rodata .rela.rodata.* .rela.gnu.linkonce.r.*)
 *(.rel.data .rel.data.* .rel.gnu.linkonce.d.*)
 *(.rela.data .rela.data.* .rela.gnu.linkonce.d.*)
 *(.rel.tdata .rel.tdata.* .rel.gnu.linkonce.td.*)
 *(.rela.tdata .rela.tdata.* .rela.gnu.linkonce.td.*)
 *(.rel.tbss .rel.tbss.* .rel.gnu.linkonce.tb.*)
 *(.rela.tbss .rela.tbss.* .rela.gnu.linkonce.tb.*)
 *(.rel.ctors)
 *(.rela.ctors)
 *(.rel.dtors)
 *(.rela.dtors)
 *(.rel.got)
 *(.rela.got)
 *(.rel.sdata .rel.sdata.* .rel.gnu.linkonce.s.*)
 *(.rela.sdata .rela.sdata.* .rela.gnu.linkonce.s.*)
 *(.rel.sbss .rel.sbss.* .rel.gnu.linkonce.sb.*)
 *(.rela.sbss .rela.sbss.* .rela.gnu.linkonce.sb.*)
 *(.rel.sdata2 .rel.sdata2.* .rel.gnu.linkonce.s2.*)
 *(.rela.sdata2 .rela.sdata2.* .rela.gnu.linkonce.s2.*)
 *(.rel.sbss2 .rel.sbss2.* .rel.gnu.linkonce.sb2.*)
 *(.rela.sbss2 .rela.sbss2.* .rela.gnu.linkonce.sb2.*)
 *(.rel.bss .rel.bss.* .rel.gnu.linkonce.b.*)
 *(.rela.bss .rela.bss.* .rela.gnu.linkonce.b.*)
 *(.rel.plt)
 *(.rela.plt)
 *(.rel.dyn)
 *(.init)
 *(.plt)
 *(.text .stub .text.* .gnu.linkonce.t.*)
 .text          0x008001bc       0x48 ../server_bsp//obj/HAL/src/crt0.o
                0x008001bc                _start
 .text          0x00800204      0x31c obj/default/LCD.o
                0x00800204                LCD_Init
                0x008002a0                LCD_Show_Text
                0x00800328                LCD_Line2
                0x00800364                LCD_Line1
                0x008003a0                LCD_Clear
                0x008003dc                LCD_Test
 .text          0x00800520      0x2ec obj/default/SSS_DE2_115.o
                0x00800520                get_DE2_115_mac_addr
                0x008006c8                FindLastFlashSectorOffset
 .text          0x0080080c      0xba8 obj/default/alt_error_handler.o
                0x0080080c                alt_uCOSIIErrorHandler
                0x00800e30                alt_NetworkErrorHandler
                0x008010c8                alt_SSSErrorHandler
 .text          0x008013b4      0xe48 obj/default/dm9000a.o
                0x008013b4                dm9000a_iow
                0x00801408                dm9000a_ior
                0x00801454                phy_write
                0x008014f0                dm9000a_reset
                0x008016b4                TransmitPacket
                0x008017d0                prep_dm9000a
                0x008019ec                dm9000a_init
                0x00801e3c                dm9Ka_isr_wrap
                0x00801e7c                dm9ka_init
                0x00801f74                dm9ka_close
                0x00802084                dm9ka_stats
                0x008020e0                dm9ka_pkt_send
 .text          0x008021fc      0x398 obj/default/iniche_init.o
                0x008021fc                SSSInitialTask
                0x00802498                main
 .text          0x00802594      0x324 obj/default/led.o
                0x00802594                led_bit_toggle
                0x00802660                LED7SegLightshowTask
                0x008026d4                LEDManagementTask
 .text          0x008028b8      0x70c obj/default/network_utilities.o
                0x008028b8                get_mac_addr
                0x00802910                get_ip_addr
                0x0080296c                get_serial_number
                0x00802b48                generate_and_store_mac_addr
                0x00802cf4                generate_mac_addr
                0x00802e30                get_board_mac_addr
 .text          0x00802fc4      0x968 obj/default/simple_socket_server.o
                0x00802fc4                SSSCreateOSDataStructs
                0x0080306c                SSSCreateTasks
                0x00803130                sss_reset_connection
                0x008031a0                sss_send_menu
                0x00803330                sss_handle_accept
                0x008033f0                sss_exec_command
                0x00803594                sss_handle_receive
                0x00803780                SSSSimpleSocketServerTask
 .text          0x0080392c        0x0 obj/default/tse_my_system.o
 .text          0x0080392c       0xa4 c:/altera/13.0sp1/nios2eds/bin/gnu/h-i686-mingw32/bin/../lib/gcc/nios2-elf/4.1.2\libgcc.a(_fixunsdfsi.o)
                0x0080392c                __fixunsdfsi
 .text          0x008039d0      0x504 c:/altera/13.0sp1/nios2eds/bin/gnu/h-i686-mingw32/bin/../lib/gcc/nios2-elf/4.1.2\libgcc.a(_addsub_df.o)
                0x00803de0                __subdf3
                0x00803e60                __adddf3
 .text          0x00803ed4      0x3c4 c:/altera/13.0sp1/nios2eds/bin/gnu/h-i686-mingw32/bin/../lib/gcc/nios2-elf/4.1.2\libgcc.a(_mul_df.o)
                0x00803ed4                __muldf3
 .text          0x00804298       0x88 c:/altera/13.0sp1/nios2eds/bin/gnu/h-i686-mingw32/bin/../lib/gcc/nios2-elf/4.1.2\libgcc.a(_ge_df.o)
                0x00804298                __gedf2
 .text          0x00804320       0xd8 c:/altera/13.0sp1/nios2eds/bin/gnu/h-i686-mingw32/bin/../lib/gcc/nios2-elf/4.1.2\libgcc.a(_df_to_si.o)
                0x00804320                __fixdfsi
 .text          0x008043f8        0x0 c:/altera/13.0sp1/nios2eds/bin/gnu/h-i686-mingw32/bin/../lib/gcc/nios2-elf/4.1.2\libgcc.a(_thenan_df.o)
 .text          0x008043f8      0x194 c:/altera/13.0sp1/nios2eds/bin/gnu/h-i686-mingw32/bin/../lib/gcc/nios2-elf/4.1.2\libgcc.a(_usi_to_df.o)
                0x008043f8                __floatunsidf
 .text          0x0080458c       0x98 c:/altera/13.0sp1/nios2eds/bin/gnu/h-i686-mingw32/bin/../lib/gcc/nios2-elf/4.1.2\libgcc.a(_muldi3.o)
                0x0080458c                __muldi3
 .text          0x00804624       0x80 c:/altera/13.0sp1/nios2eds/bin/gnu/h-i686-mingw32/bin/../lib/gcc/nios2-elf/4.1.2\libgcc.a(_clzsi2.o)
                0x00804624                __clzsi2
 .text          0x008046a4      0x314 c:/altera/13.0sp1/nios2eds/bin/gnu/h-i686-mingw32/bin/../lib/gcc/nios2-elf/4.1.2\libgcc.a(_pack_df.o)
                0x008046a4                __pack_d
 .text          0x008049b8      0x138 c:/altera/13.0sp1/nios2eds/bin/gnu/h-i686-mingw32/bin/../lib/gcc/nios2-elf/4.1.2\libgcc.a(_unpack_df.o)
                0x008049b8                __unpack_d
 .text          0x00804af0       0xc8 c:/altera/13.0sp1/nios2eds/bin/gnu/h-i686-mingw32/bin/../lib/gcc/nios2-elf/4.1.2\libgcc.a(_fpcmp_parts_df.o)
                0x00804af0                __fpcmp_parts_d
 .text          0x00804bb8        0x0 c:/altera/13.0sp1/nios2eds/bin/gnu/h-i686-mingw32/bin/../lib/gcc/nios2-elf/4.1.2\libgcc.a(_clz.o)
 .text          0x00804bb8        0x0 c:/altera/13.0sp1/nios2eds/bin/gnu/h-i686-mingw32/bin/../lib/gcc/nios2-elf/4.1.2/../../../../nios2-elf/lib\libc.a(lib_a-ctype_.o)
 .text          0x00804bb8       0x38 c:/altera/13.0sp1/nios2eds/bin/gnu/h-i686-mingw32/bin/../lib/gcc/nios2-elf/4.1.2/../../../../nios2-elf/lib\libc.a(lib_a-exit.o)
                0x00804bb8                exit
 .text          0x00804bf0       0x60 c:/altera/13.0sp1/nios2eds/bin/gnu/h-i686-mingw32/bin/../lib/gcc/nios2-elf/4.1.2/../../../../nios2-elf/lib\libc.a(lib_a-fprintf.o)
                0x00804bf0                fprintf
                0x00804c1c                _fprintf_r
 .text          0x00804c50       0xdc c:/altera/13.0sp1/nios2eds/bin/gnu/h-i686-mingw32/bin/../lib/gcc/nios2-elf/4.1.2/../../../../nios2-elf/lib\libc.a(lib_a-fwrite.o)
                0x00804c50                _fwrite_r
                0x00804cec                fwrite
 .text          0x00804d2c      0x128 c:/altera/13.0sp1/nios2eds/bin/gnu/h-i686-mingw32/bin/../lib/gcc/nios2-elf/4.1.2/../../../../nios2-elf/lib\libc.a(lib_a-getc.o)
                0x00804d2c                getc
                0x00804dc4                _getc_r
 .text          0x00804e54        0x0 c:/altera/13.0sp1/nios2eds/bin/gnu/h-i686-mingw32/bin/../lib/gcc/nios2-elf/4.1.2/../../../../nios2-elf/lib\libc.a(lib_a-impure.o)
 .text          0x00804e54       0xa0 c:/altera/13.0sp1/nios2eds/bin/gnu/h-i686-mingw32/bin/../lib/gcc/nios2-elf/4.1.2/../../../../nios2-elf/lib\libc.a(lib_a-memcpy.o)
                0x00804e54                memcpy
 .text          0x00804ef4       0xe0 c:/altera/13.0sp1/nios2eds/bin/gnu/h-i686-mingw32/bin/../lib/gcc/nios2-elf/4.1.2/../../../../nios2-elf/lib\libc.a(lib_a-memmove.o)
                0x00804ef4                memmove
 .text          0x00804fd4       0x98 c:/altera/13.0sp1/nios2eds/bin/gnu/h-i686-mingw32/bin/../lib/gcc/nios2-elf/4.1.2/../../../../nios2-elf/lib\libc.a(lib_a-memset.o)
                0x00804fd4                memset
 .text          0x0080506c       0x80 c:/altera/13.0sp1/nios2eds/bin/gnu/h-i686-mingw32/bin/../lib/gcc/nios2-elf/4.1.2/../../../../nios2-elf/lib\libc.a(lib_a-perror.o)
                0x0080506c                _perror_r
                0x008050d8                perror
 .text          0x008050ec       0x78 c:/altera/13.0sp1/nios2eds/bin/gnu/h-i686-mingw32/bin/../lib/gcc/nios2-elf/4.1.2/../../../../nios2-elf/lib\libc.a(lib_a-printf.o)
                0x008050ec                printf
                0x00805130                _printf_r
 .text          0x00805164      0x1ec c:/altera/13.0sp1/nios2eds/bin/gnu/h-i686-mingw32/bin/../lib/gcc/nios2-elf/4.1.2/../../../../nios2-elf/lib\libc.a(lib_a-putc.o)
                0x00805164                putc
                0x00805268                _putc_r
 .text          0x00805350       0x24 c:/altera/13.0sp1/nios2eds/bin/gnu/h-i686-mingw32/bin/../lib/gcc/nios2-elf/4.1.2/../../../../nios2-elf/lib\libc.a(lib_a-putchar.o)
                0x00805350                putchar
                0x0080536c                _putchar_r
 .text          0x00805374       0xb4 c:/altera/13.0sp1/nios2eds/bin/gnu/h-i686-mingw32/bin/../lib/gcc/nios2-elf/4.1.2/../../../../nios2-elf/lib\libc.a(lib_a-puts.o)
                0x00805374                _puts_r
                0x00805414                puts
 .text          0x00805428       0x60 c:/altera/13.0sp1/nios2eds/bin/gnu/h-i686-mingw32/bin/../lib/gcc/nios2-elf/4.1.2/../../../../nios2-elf/lib\libc.a(lib_a-rget.o)
                0x00805428                __srget_r
                0x00805474                __srget
 .text          0x00805488       0xd4 c:/altera/13.0sp1/nios2eds/bin/gnu/h-i686-mingw32/bin/../lib/gcc/nios2-elf/4.1.2/../../../../nios2-elf/lib\libc.a(lib_a-sprintf.o)
                0x00805488                sprintf
                0x008054fc                _sprintf_r
 .text          0x0080555c       0xe0 c:/altera/13.0sp1/nios2eds/bin/gnu/h-i686-mingw32/bin/../lib/gcc/nios2-elf/4.1.2/../../../../nios2-elf/lib\libc.a(lib_a-strchr.o)
                0x0080555c                strchr
 .text          0x0080563c      0x674 c:/altera/13.0sp1/nios2eds/bin/gnu/h-i686-mingw32/bin/../lib/gcc/nios2-elf/4.1.2/../../../../nios2-elf/lib\libc.a(lib_a-strerror.o)
                0x0080563c                strerror
 .text          0x00805cb0       0x74 c:/altera/13.0sp1/nios2eds/bin/gnu/h-i686-mingw32/bin/../lib/gcc/nios2-elf/4.1.2/../../../../nios2-elf/lib\libc.a(lib_a-strlen.o)
                0x00805cb0                strlen
 .text          0x00805d24        0x8 c:/altera/13.0sp1/nios2eds/bin/gnu/h-i686-mingw32/bin/../lib/gcc/nios2-elf/4.1.2/../../../../nios2-elf/lib\libc.a(lib_a-u_strerr.o)
                0x00805d24                _user_strerror
 .text          0x00805d2c     0x1f28 c:/altera/13.0sp1/nios2eds/bin/gnu/h-i686-mingw32/bin/../lib/gcc/nios2-elf/4.1.2/../../../../nios2-elf/lib\libc.a(lib_a-vfprintf.o)
                0x00805d84                ___vfprintf_internal_r
                0x00807c30                __vfprintf_internal
 .text          0x00807c54      0x14c c:/altera/13.0sp1/nios2eds/bin/gnu/h-i686-mingw32/bin/../lib/gcc/nios2-elf/4.1.2/../../../../nios2-elf/lib\libc.a(lib_a-wbuf.o)
                0x00807c54                __swbuf_r
                0x00807d84                __swbuf
 .text          0x00807da0      0x13c c:/altera/13.0sp1/nios2eds/bin/gnu/h-i686-mingw32/bin/../lib/gcc/nios2-elf/4.1.2/../../../../nios2-elf/lib\libc.a(lib_a-wsetup.o)
                0x00807da0                __swsetup_r
 .text          0x00807edc      0x1b4 c:/altera/13.0sp1/nios2eds/bin/gnu/h-i686-mingw32/bin/../lib/gcc/nios2-elf/4.1.2/../../../../nios2-elf/lib\libc.a(lib_a-__call_atexit.o)
                0x00807ee0                __call_exitprocs
 .text          0x00808090     0x17cc c:/altera/13.0sp1/nios2eds/bin/gnu/h-i686-mingw32/bin/../lib/gcc/nios2-elf/4.1.2/../../../../nios2-elf/lib\libc.a(lib_a-dtoa.o)
                0x008082a8                _dtoa_r
 .text          0x0080985c      0x230 c:/altera/13.0sp1/nios2eds/bin/gnu/h-i686-mingw32/bin/../lib/gcc/nios2-elf/4.1.2/../../../../nios2-elf/lib\libc.a(lib_a-fflush.o)
                0x0080985c                _fflush_r
                0x00809a58                fflush
 .text          0x00809a8c      0x2c0 c:/altera/13.0sp1/nios2eds/bin/gnu/h-i686-mingw32/bin/../lib/gcc/nios2-elf/4.1.2/../../../../nios2-elf/lib\libc.a(lib_a-findfp.o)
                0x00809ae4                __sfp_lock_acquire
                0x00809ae8                __sfp_lock_release
                0x00809aec                __sinit_lock_acquire
                0x00809af0                __sinit_lock_release
                0x00809af4                __sinit
                0x00809ba8                __fp_unlock_all
                0x00809bc0                __fp_lock_all
                0x00809bd8                _cleanup_r
                0x00809be4                _cleanup
                0x00809bf4                __sfmoreglue
                0x00809c5c                __sfp
 .text          0x00809d4c       0xbc c:/altera/13.0sp1/nios2eds/bin/gnu/h-i686-mingw32/bin/../lib/gcc/nios2-elf/4.1.2/../../../../nios2-elf/lib\libc.a(lib_a-fputc.o)
                0x00809d4c                fputc
                0x00809db0                _fputc_r
 .text          0x00809e08       0x90 c:/altera/13.0sp1/nios2eds/bin/gnu/h-i686-mingw32/bin/../lib/gcc/nios2-elf/4.1.2/../../../../nios2-elf/lib\libc.a(lib_a-fputs.o)
                0x00809e08                _fputs_r
                0x00809e7c                fputs
 .text          0x00809e98      0x440 c:/altera/13.0sp1/nios2eds/bin/gnu/h-i686-mingw32/bin/../lib/gcc/nios2-elf/4.1.2/../../../../nios2-elf/lib\libc.a(lib_a-freer.o)
                0x00809e98                _malloc_trim_r
                0x00809fc4                _free_r
 .text          0x0080a2d8      0x49c c:/altera/13.0sp1/nios2eds/bin/gnu/h-i686-mingw32/bin/../lib/gcc/nios2-elf/4.1.2/../../../../nios2-elf/lib\libc.a(lib_a-fvwrite.o)
                0x0080a2d8                __sfvwrite_r
 .text          0x0080a774      0x180 c:/altera/13.0sp1/nios2eds/bin/gnu/h-i686-mingw32/bin/../lib/gcc/nios2-elf/4.1.2/../../../../nios2-elf/lib\libc.a(lib_a-fwalk.o)
                0x0080a774                _fwalk_reent
                0x0080a83c                _fwalk
 .text          0x0080a8f4       0xc4 c:/altera/13.0sp1/nios2eds/bin/gnu/h-i686-mingw32/bin/../lib/gcc/nios2-elf/4.1.2/../../../../nios2-elf/lib\libc.a(lib_a-locale.o)
                0x0080a8f4                __locale_charset
                0x0080a8fc                _localeconv_r
                0x0080a908                localeconv
                0x0080a918                _setlocale_r
                0x0080a99c                setlocale
 .text          0x0080a9b8      0x194 c:/altera/13.0sp1/nios2eds/bin/gnu/h-i686-mingw32/bin/../lib/gcc/nios2-elf/4.1.2/../../../../nios2-elf/lib\libc.a(lib_a-makebuf.o)
                0x0080a9b8                __smakebuf_r
 .text          0x0080ab4c      0x740 c:/altera/13.0sp1/nios2eds/bin/gnu/h-i686-mingw32/bin/../lib/gcc/nios2-elf/4.1.2/../../../../nios2-elf/lib\libc.a(lib_a-mallocr.o)
                0x0080ab4c                _malloc_r
 .text          0x0080b28c       0xe4 c:/altera/13.0sp1/nios2eds/bin/gnu/h-i686-mingw32/bin/../lib/gcc/nios2-elf/4.1.2/../../../../nios2-elf/lib\libc.a(lib_a-memchr.o)
                0x0080b28c                memchr
 .text          0x0080b370      0xff4 c:/altera/13.0sp1/nios2eds/bin/gnu/h-i686-mingw32/bin/../lib/gcc/nios2-elf/4.1.2/../../../../nios2-elf/lib\libc.a(lib_a-mprec.o)
                0x0080b370                _Bfree
                0x0080b398                __hi0bits
                0x0080b408                __lo0bits
                0x0080b4cc                __mcmp
                0x0080b52c                __ulp
                0x0080b5ac                __b2d
                0x0080b6cc                __ratio
                0x0080b77c                _mprec_log10
                0x0080b810                __copybits
                0x0080b868                __any_on
                0x0080b8f0                _Balloc
                0x0080b9ac                __d2b
                0x0080bb28                __mdiff
                0x0080bcb4                __lshift
                0x0080be00                __multiply
                0x0080bfe8                __i2b
                0x0080c024                __multadd
                0x0080c124                __pow5mult
                0x0080c244                __s2b
 .text          0x0080c364      0x5f4 c:/altera/13.0sp1/nios2eds/bin/gnu/h-i686-mingw32/bin/../lib/gcc/nios2-elf/4.1.2/../../../../nios2-elf/lib\libc.a(lib_a-reallocr.o)
                0x0080c364                _realloc_r
 .text          0x0080c958      0x1e0 c:/altera/13.0sp1/nios2eds/bin/gnu/h-i686-mingw32/bin/../lib/gcc/nios2-elf/4.1.2/../../../../nios2-elf/lib\libc.a(lib_a-refill.o)
                0x0080c958                __srefill_r
 .text          0x0080cb38       0x40 c:/altera/13.0sp1/nios2eds/bin/gnu/h-i686-mingw32/bin/../lib/gcc/nios2-elf/4.1.2/../../../../nios2-elf/lib\libc.a(lib_a-s_isinfd.o)
                0x0080cb38                __isinfd
 .text          0x0080cb78       0x30 c:/altera/13.0sp1/nios2eds/bin/gnu/h-i686-mingw32/bin/../lib/gcc/nios2-elf/4.1.2/../../../../nios2-elf/lib\libc.a(lib_a-s_isnand.o)
                0x0080cb78                __isnand
 .text          0x0080cba8       0x70 c:/altera/13.0sp1/nios2eds/bin/gnu/h-i686-mingw32/bin/../lib/gcc/nios2-elf/4.1.2/../../../../nios2-elf/lib\libc.a(lib_a-sbrkr.o)
                0x0080cba8                _sbrk_r
 .text          0x0080cc18      0x14c c:/altera/13.0sp1/nios2eds/bin/gnu/h-i686-mingw32/bin/../lib/gcc/nios2-elf/4.1.2/../../../../nios2-elf/lib\libc.a(lib_a-stdio.o)
                0x0080cc18                __sclose
                0x0080cc20                __sseek
                0x0080cc88                __swrite
                0x0080cd04                __sread
 .text          0x0080cd64       0xbc c:/altera/13.0sp1/nios2eds/bin/gnu/h-i686-mingw32/bin/../lib/gcc/nios2-elf/4.1.2/../../../../nios2-elf/lib\libc.a(lib_a-strcmp.o)
                0x0080cd64                strcmp
 .text          0x0080ce20       0x78 c:/altera/13.0sp1/nios2eds/bin/gnu/h-i686-mingw32/bin/../lib/gcc/nios2-elf/4.1.2/../../../../nios2-elf/lib\libc.a(lib_a-writer.o)
                0x0080ce20                _write_r
 .text          0x0080ce98       0xb4 c:/altera/13.0sp1/nios2eds/bin/gnu/h-i686-mingw32/bin/../lib/gcc/nios2-elf/4.1.2/../../../../nios2-elf/lib\libc.a(lib_a-callocr.o)
                0x0080ce98                _calloc_r
 .text          0x0080cf4c       0x70 c:/altera/13.0sp1/nios2eds/bin/gnu/h-i686-mingw32/bin/../lib/gcc/nios2-elf/4.1.2/../../../../nios2-elf/lib\libc.a(lib_a-closer.o)
                0x0080cf4c                _close_r
 .text          0x0080cfbc      0x124 c:/altera/13.0sp1/nios2eds/bin/gnu/h-i686-mingw32/bin/../lib/gcc/nios2-elf/4.1.2/../../../../nios2-elf/lib\libc.a(lib_a-fclose.o)
                0x0080cfbc                _fclose_r
                0x0080d0cc                fclose
 .text          0x0080d0e0       0x74 c:/altera/13.0sp1/nios2eds/bin/gnu/h-i686-mingw32/bin/../lib/gcc/nios2-elf/4.1.2/../../../../nios2-elf/lib\libc.a(lib_a-fstatr.o)
                0x0080d0e0                _fstat_r
 .text          0x0080d154        0x0 c:/altera/13.0sp1/nios2eds/bin/gnu/h-i686-mingw32/bin/../lib/gcc/nios2-elf/4.1.2/../../../../nios2-elf/lib\libc.a(lib_a-int_errno.o)
 .text          0x0080d154       0x70 c:/altera/13.0sp1/nios2eds/bin/gnu/h-i686-mingw32/bin/../lib/gcc/nios2-elf/4.1.2/../../../../nios2-elf/lib\libc.a(lib_a-isattyr.o)
                0x0080d154                _isatty_r
 .text          0x0080d1c4       0x78 c:/altera/13.0sp1/nios2eds/bin/gnu/h-i686-mingw32/bin/../lib/gcc/nios2-elf/4.1.2/../../../../nios2-elf/lib\libc.a(lib_a-lseekr.o)
                0x0080d1c4                _lseek_r
 .text          0x0080d23c       0x78 c:/altera/13.0sp1/nios2eds/bin/gnu/h-i686-mingw32/bin/../lib/gcc/nios2-elf/4.1.2/../../../../nios2-elf/lib\libc.a(lib_a-readr.o)
                0x0080d23c                _read_r
 .text          0x0080d2b4      0x5dc c:/altera/13.0sp1/nios2eds/bin/gnu/h-i686-mingw32/bin/../lib/gcc/nios2-elf/4.1.2\libgcc.a(_udivdi3.o)
                0x0080d2b4                __udivdi3
 .text          0x0080d890      0x5b0 c:/altera/13.0sp1/nios2eds/bin/gnu/h-i686-mingw32/bin/../lib/gcc/nios2-elf/4.1.2\libgcc.a(_umoddi3.o)
                0x0080d890                __umoddi3
 .text          0x0080de40      0x258 c:/altera/13.0sp1/nios2eds/bin/gnu/h-i686-mingw32/bin/../lib/gcc/nios2-elf/4.1.2\libgcc.a(_div_df.o)
                0x0080de40                __divdf3
 .text          0x0080e098       0x88 c:/altera/13.0sp1/nios2eds/bin/gnu/h-i686-mingw32/bin/../lib/gcc/nios2-elf/4.1.2\libgcc.a(_eq_df.o)
                0x0080e098                __eqdf2
 .text          0x0080e120       0x88 c:/altera/13.0sp1/nios2eds/bin/gnu/h-i686-mingw32/bin/../lib/gcc/nios2-elf/4.1.2\libgcc.a(_ne_df.o)
                0x0080e120                __nedf2
 .text          0x0080e1a8       0x88 c:/altera/13.0sp1/nios2eds/bin/gnu/h-i686-mingw32/bin/../lib/gcc/nios2-elf/4.1.2\libgcc.a(_gt_df.o)
                0x0080e1a8                __gtdf2
 .text          0x0080e230       0x88 c:/altera/13.0sp1/nios2eds/bin/gnu/h-i686-mingw32/bin/../lib/gcc/nios2-elf/4.1.2\libgcc.a(_lt_df.o)
                0x0080e230                __ltdf2
 .text          0x0080e2b8       0xf8 c:/altera/13.0sp1/nios2eds/bin/gnu/h-i686-mingw32/bin/../lib/gcc/nios2-elf/4.1.2\libgcc.a(_si_to_df.o)
                0x0080e2b8                __floatsidf
 .text          0x0080e3b0      0x14c c:/altera/13.0sp1/nios2eds/bin/gnu/h-i686-mingw32/bin/../lib/gcc/nios2-elf/4.1.2\libgcc.a(lib2-divmod.o)
                0x0080e42c                __divsi3
                0x0080e48c                __modsi3
                0x0080e4ec                __udivsi3
                0x0080e4f4                __umodsi3
 .text          0x0080e4fc       0x6c ../server_bsp/\libucosii_bsp.a(alt_exit.o)
                0x0080e53c                _exit
 .text          0x0080e568       0xd0 ../server_bsp/\libucosii_bsp.a(alt_flash_dev.o)
                0x0080e568                alt_flash_open_dev
                0x0080e5e4                alt_flash_close_dev
 .text          0x0080e638      0x134 ../server_bsp/\libucosii_bsp.a(alt_fstat.o)
                0x0080e638                fstat
 .text          0x0080e76c      0x1c0 ../server_bsp/\libucosii_bsp.a(alt_irq_register.o)
                0x0080e76c                alt_irq_register
 .text          0x0080e92c        0x0 ../server_bsp/\libucosii_bsp.a(alt_irq_vars.o)
 .text          0x0080e92c      0x120 ../server_bsp/\libucosii_bsp.a(alt_isatty.o)
                0x0080e92c                isatty
 .text          0x0080ea4c      0x150 ../server_bsp/\libucosii_bsp.a(alt_lseek.o)
                0x0080ea4c                lseek
 .text          0x0080eb9c       0xc8 ../server_bsp/\libucosii_bsp.a(alt_main.o)
                0x0080eb9c                alt_main
 .text          0x0080ec64       0xbc ../server_bsp/\libucosii_bsp.a(alt_sbrk.o)
                0x0080ec64                sbrk
 .text          0x0080ed20      0x118 ../server_bsp/\libucosii_bsp.a(alt_usleep.o)
                0x0080ed20                usleep
 .text          0x0080ee38      0x108 ../server_bsp/\libucosii_bsp.a(alt_env_lock.o)
                0x0080ee38                __env_lock
                0x0080eee4                __env_unlock
 .text          0x0080ef40      0x1d8 ../server_bsp/\libucosii_bsp.a(alt_malloc_lock.o)
                0x0080ef40                __malloc_lock
                0x0080f048                __malloc_unlock
 .text          0x0080f118     0x2128 ../server_bsp/\libucosii_bsp.a(os_core.o)
                0x0080f118                OSEventNameGet
                0x0080f248                OSEventNameSet
                0x0080f38c                OSEventPendMulti
                0x0080fa40                OSInit
                0x0080fa94                OSIntEnter
                0x0080fb10                OSIntExit
                0x0080fc10                OSSchedLock
                0x0080fc9c                OSSchedUnlock
                0x0080fd80                OSStart
                0x0080fdf0                OSStatInit
                0x0080fe9c                OSTimeTick
                0x008100dc                OSVersion
                0x008100fc                OS_Dummy
                0x00810118                OS_EventTaskRdy
                0x008102ac                OS_EventTaskWait
                0x008103bc                OS_EventTaskWaitMulti
                0x00810510                OS_EventTaskRemove
                0x008105c8                OS_EventTaskRemoveMulti
                0x008106cc                OS_EventWaitListInit
                0x00810a98                OS_MemClr
                0x00810aec                OS_MemCopy
                0x00810b58                OS_Sched
                0x00810c9c                OS_StrCopy
                0x00810d1c                OS_StrLen
                0x00810d74                OS_TaskIdle
                0x00810dd0                OS_TaskStat
                0x00810e98                OS_TaskStatStkChk
                0x00810f60                OS_TCBInit
 .text          0x00811240      0x18c ../server_bsp/\libucosii_bsp.a(os_dbg.o)
                0x00811240                OSDebugInit
 .text          0x008113cc     0x193c ../server_bsp/\libucosii_bsp.a(os_flag.o)
                0x008113cc                OSFlagAccept
                0x00811700                OSFlagCreate
                0x0081183c                OSFlagDel
                0x00811ae4                OSFlagNameGet
                0x00811c28                OSFlagNameSet
                0x00811d7c                OSFlagPend
                0x008123c0                OSFlagPendGetFlagsRdy
                0x00812428                OSFlagPost
                0x008127d0                OSFlagQuery
                0x00812a68                OS_FlagInit
                0x00812c5c                OS_FlagUnlink
 .text          0x00812d08      0x808 ../server_bsp/\libucosii_bsp.a(os_mem.o)
                0x00812d08                OSMemCreate
                0x00812f24                OSMemGet
                0x00813028                OSMemNameGet
                0x00813134                OSMemNameSet
                0x00813254                OSMemPut
                0x00813344                OSMemQuery
                0x00813440                OS_MemInit
 .text          0x00813510     0x1334 ../server_bsp/\libucosii_bsp.a(os_q.o)
                0x00813510                OSQAccept
                0x00813664                OSQCreate
                0x00813878                OSQDel
                0x00813b78                OSQFlush
                0x00813c40                OSQPend
                0x00813f60                OSQPendAbort
                0x008140dc                OSQPost
                0x0081425c                OSQPostFront
                0x008143e4                OSQPostOpt
                0x00814618                OSQQuery
                0x00814798                OS_QInit
 .text          0x00814844      0xbc8 ../server_bsp/\libucosii_bsp.a(os_sem.o)
                0x00814844                OSSemAccept
                0x00814904                OSSemCreate
                0x00814a18                OSSemDel
                0x00814cb8                OSSemPend
                0x00814f34                OSSemPendAbort
                0x008150b0                OSSemPost
                0x008151d8                OSSemQuery
                0x00815308                OSSemSet
 .text          0x0081540c     0x1a40 ../server_bsp/\libucosii_bsp.a(os_task.o)
                0x0081540c                OSTaskChangePrio
                0x00815980                OSTaskCreate
                0x00815b54                OSTaskCreateExt
                0x00815d54                OSTaskDel
                0x00816160                OSTaskDelReq
                0x008162d0                OSTaskNameGet
                0x00816488                OSTaskNameSet
                0x0081664c                OSTaskResume
                0x00816864                OSTaskStkChk
                0x00816a60                OSTaskSuspend
                0x00816c8c                OSTaskQuery
                0x00816dd0                OS_TaskStkClr
 .text          0x00816e4c      0x670 ../server_bsp/\libucosii_bsp.a(os_time.o)
                0x00816e4c                OSTimeDly
                0x00816f98                OSTimeDlyHMSM
                0x008171e4                OSTimeDlyResume
                0x008173f4                OSTimeGet
                0x00817458                OSTimeSet
 .text          0x008174bc      0x118 ../server_bsp/\libucosii_bsp.a(alt_sys_init.o)
                0x008174bc                alt_irq_init
                0x008174f0                alt_sys_init
 .text          0x008175d4      0x8c8 ../server_bsp/\libucosii_bsp.a(altera_avalon_cfi_flash.o)
                0x008175d4                alt_flash_cfi_init
                0x008176a8                alt_flash_cfi_write
                0x00817968                alt_flash_cfi_get_info
                0x008179f8                alt_flash_cfi_read
                0x00817a60                alt_write_value_to_flash
                0x00817bc4                alt_flash_program_block
 .text          0x00817e9c     0x14a8 ../server_bsp/\libucosii_bsp.a(altera_avalon_cfi_flash_table.o)
                0x00817e9c                alt_read_query_entry_8bit
                0x00817edc                alt_read_query_entry_16bit
                0x00817f20                alt_read_query_entry_32bit
                0x00817f68                alt_write_flash_command_8bit_device_8bit_mode
                0x00817fa4                alt_write_flash_command_16bit_device_8bit_mode
                0x00818020                alt_write_flash_command_32bit_device_8bit_mode
                0x00818068                alt_write_flash_command_16bit_device_16bit_mode
                0x008180ac                alt_write_flash_command_32bit_device_16bit_mode
                0x008180f4                alt_write_flash_command_32bit_device_32bit_mode
                0x0081813c                alt_write_native_8bit
                0x00818170                alt_write_native_16bit
                0x008181a4                alt_write_native_32bit
                0x008181d4                alt_set_flash_width_func
                0x008183b4                alt_set_flash_algorithm_func
                0x008184dc                alt_read_cfi_table
                0x00818abc                alt_read_cfi_width
                0x00819268                alt_check_primary_table
 .text          0x00819344      0x9e4 ../server_bsp/\libucosii_bsp.a(altera_avalon_epcs_flash_controller.o)
                0x00819344                alt_epcs_flash_init
                0x00819760                alt_epcs_flash_write
                0x008199e0                alt_epcs_flash_get_info
                0x00819a70                alt_epcs_flash_erase_block
                0x00819b74                alt_epcs_flash_write_block
                0x00819c90                alt_epcs_flash_read
 .text          0x00819d28      0x148 ../server_bsp/\libucosii_bsp.a(altera_avalon_jtag_uart_fd.o)
                0x00819d28                altera_avalon_jtag_uart_read_fd
                0x00819d80                altera_avalon_jtag_uart_write_fd
                0x00819dd8                altera_avalon_jtag_uart_close_fd
                0x00819e20                altera_avalon_jtag_uart_ioctl_fd
 .text          0x00819e70      0x584 ../server_bsp/\libucosii_bsp.a(altera_avalon_jtag_uart_init.o)
                0x00819e70                altera_avalon_jtag_uart_init
                0x0081a380                altera_avalon_jtag_uart_close
 .text          0x0081a3f4       0xf4 ../server_bsp/\libucosii_bsp.a(altera_avalon_jtag_uart_ioctl.o)
                0x0081a3f4                altera_avalon_jtag_uart_ioctl
 .text          0x0081a4e8      0x2c0 ../server_bsp/\libucosii_bsp.a(altera_avalon_jtag_uart_read.o)
                0x0081a4e8                altera_avalon_jtag_uart_read
 .text          0x0081a7a8      0x2dc ../server_bsp/\libucosii_bsp.a(altera_avalon_jtag_uart_write.o)
                0x0081a7a8                altera_avalon_jtag_uart_write
 .text          0x0081aa84      0xf3c ../server_bsp/\libucosii_bsp.a(altera_avalon_lcd_16207.o)
                0x0081b258                altera_avalon_lcd_16207_write
                0x0081b85c                altera_avalon_lcd_16207_init
 .text          0x0081b9c0       0x58 ../server_bsp/\libucosii_bsp.a(altera_avalon_lcd_16207_fd.o)
                0x0081b9c0                altera_avalon_lcd_16207_write_fd
 .text          0x0081ba18      0x100 ../server_bsp/\libucosii_bsp.a(altera_avalon_timer_sc.o)
                0x0081ba88                alt_avalon_timer_sc_init
 .text          0x0081bb18       0xf8 ../server_bsp/\libucosii_bsp.a(altera_avalon_uart_fd.o)
                0x0081bb18                altera_avalon_uart_read_fd
                0x0081bb70                altera_avalon_uart_write_fd
                0x0081bbc8                altera_avalon_uart_close_fd
 .text          0x0081bc10      0x57c ../server_bsp/\libucosii_bsp.a(altera_avalon_uart_init.o)
                0x0081bc10                altera_avalon_uart_init
                0x0081c12c                altera_avalon_uart_close
 .text          0x0081c18c      0x310 ../server_bsp/\libucosii_bsp.a(altera_avalon_uart_read.o)
                0x0081c18c                altera_avalon_uart_read
 .text          0x0081c49c      0x2a8 ../server_bsp/\libucosii_bsp.a(altera_avalon_uart_write.o)
                0x0081c49c                altera_avalon_uart_write
 .text          0x0081c744      0x6d4 ../server_bsp/\libucosii_bsp.a(epcs_commands.o)
                0x0081c744                epcs_read_status_register
                0x0081c7a4                epcs_sector_erase
                0x0081c90c                epcs_read_buffer
                0x0081ca58                epcs_write_enable
                0x0081caa8                epcs_write_status_register
                0x0081cb0c                epcs_write_buffer
                0x0081cc7c                epcs_read_electronic_signature
                0x0081cce8                epcs_read_device_id
                0x0081cd68                epcs_enter_4_bytes_mode
                0x0081cdc0                epcs_exit_4_bytes_mode
 .text          0x0081ce18       0x54 ../server_bsp/\libucosii_bsp.a(alt_iniche_close.o)
                0x0081ce18                close
 .text          0x0081ce6c      0x144 ../server_bsp/\libucosii_bsp.a(alt_iniche_dev.o)
                0x0081ce6c                iniche_devices_init
 .text          0x0081cfb0       0x78 ../server_bsp/\libucosii_bsp.a(alt_iniche_read.o)
                0x0081cfb0                read
 .text          0x0081d028       0x70 ../server_bsp/\libucosii_bsp.a(alt_iniche_write.o)
                0x0081d028                write
 .text          0x0081d098      0xedc ../server_bsp/\libucosii_bsp.a(ipnet.o)
                0x0081d098                Netinit
                0x0081d6e4                fixup_subnet_mask
                0x0081d844                netclose
                0x0081d92c                pktdemux
                0x0081dd00                c_older
                0x0081ddd0                ip2mac
 .text          0x0081df74      0x4b0 ../server_bsp/\libucosii_bsp.a(ipstart.o)
                0x0081df74                ip_startup
                0x0081e258                exit_hook
                0x0081e2c4                ip_exit
                0x0081e394                if_netnumber
 .text          0x0081e424     0x10e8 ../server_bsp/\libucosii_bsp.a(igmp_cmn.o)
                0x0081e424                igmp_init
                0x0081e514                igmp_input
                0x0081e60c                igmp_fasttimo
                0x0081e840                igmp_send
                0x0081eae8                igmp_joingroup
                0x0081ed54                igmp_leavegroup
                0x0081edd0                igmp_validate
                0x0081f12c                igmp_print_stats
 .text          0x0081f50c      0xbc8 ../server_bsp/\libucosii_bsp.a(bsdsock.o)
                0x0081f50c                bsd_accept
                0x0081f644                bsd_getpeername
                0x0081f770                bsd_getsockname
                0x0081f89c                bsd_i_sockoptlen
                0x0081fa54                bsd_getsockopt
                0x0081fb74                bsd_ioctl
                0x0081fc78                bsd_inet_ntoa
                0x0081fca8                bsd_recvfrom
                0x0081fe08                bsd_select
                0x0081ffe8                bsd_setsockopt
 .text          0x008200d4      0x118 ../server_bsp/\libucosii_bsp.a(cksum.o)
                0x008200d4                ccksum
                0x00820184                cksum
 .text          0x008201ec      0xa9c ../server_bsp/\libucosii_bsp.a(in_utils.o)
                0x008201ec                do_trap
                0x00820218                nextarg
                0x00820294                hexdump
                0x008203dc                print_ipad
                0x00820450                print_uptime
                0x0082057c                panic
                0x008205c0                print_eth
                0x00820724                uslash
                0x008207a4                ns_printf
                0x00820928                std_out
                0x0082096c                con_page
                0x00820a5c                parse_args
 .text          0x00820c88      0x1c8 ../server_bsp/\libucosii_bsp.a(netmain.o)
                0x00820c88                netmain
                0x00820d7c                tk_netmain
                0x00820e04                tk_nettick
 .text          0x00820e50      0x810 ../server_bsp/\libucosii_bsp.a(parseip.o)
                0x00820e50                parse_ipad
                0x0082116c                inet_addr
                0x008211d4                hextoa
                0x00821244                inet_pton
                0x008212f0                inet_ntop
                0x0082137c                print46_addr
                0x008213dc                inet46_addr
                0x008214a0                inet_setport
                0x00821514                convert_ip
 .text          0x00821660      0x5e8 ../server_bsp/\libucosii_bsp.a(tk_crnos.o)
                0x00821660                TK_OSTimeDly
                0x0082168c                TK_OSTaskResume
                0x008216fc                tcp_sleep
                0x0082189c                tcp_wakeup
                0x008219a0                TK_OSTaskQuery
                0x00821a14                tk_yield
                0x00821a40                tk_stats
 .text          0x00821c48     0x3294 ../server_bsp/\libucosii_bsp.a(dhcpclnt.o)
                0x00821c48                dhc_get_srv_ipaddr
                0x00821cd8                dhc_init
                0x00821d94                dhc_set_callback
                0x00821dd8                dhc_upcall
                0x00822608                dhc_buildheader
                0x00822824                dhc_discover
                0x00822d3c                dhc_rx_offer
                0x00822e40                dhc_request
                0x0082397c                dhc_setip
                0x00823bfc                dhc_resetip
                0x00823ce0                dhc_decline
                0x00823ec4                dhc_extract_opts
                0x00824180                dhc_second
                0x00824a70                dhc_halt
                0x00824af8                dhc_reclaim
                0x00824cc8                dhc_state_init
                0x00824d28                dhc_alldone
                0x00824db8                dhc_ifacedone
                0x00824e2c                dhc_set_state
 .text          0x00824edc       0xcc ../server_bsp/\libucosii_bsp.a(dhcputil.o)
                0x00824edc                find_opt
 .text          0x00824fa8      0x79c ../server_bsp/\libucosii_bsp.a(pktalloc.o)
                0x00824fa8                pk_init
                0x00825238                pk_alloc
                0x00825314                pk_validate
                0x008255cc                pk_free
                0x00825678                pk_get_max_intrsafe_buf_len
                0x00825698                dump_buf_estats
 .text          0x00825744      0x288 ../server_bsp/\libucosii_bsp.a(q.o)
                0x00825744                getq
                0x0082580c                putq
                0x008258bc                qdel
 .text          0x008259cc      0x31c ../server_bsp/\libucosii_bsp.a(udp_open.o)
                0x008259cc                udp_open
                0x00825c04                udp_close
 .text          0x00825ce8      0x194 ../server_bsp/\libucosii_bsp.a(asm_cksum.o)
                0x00825ce8                asm_cksum
 .text          0x00825e7c      0x2e4 ../server_bsp/\libucosii_bsp.a(brdutils.o)
                0x00825e7c                dtrap
                0x00825eac                kbhit
                0x00825f58                getch
                0x00825fb8                clock_init
                0x00825ff4                clock_c
                0x00826010                cticks_hook
                0x008260c0                irq_Mask
                0x0082611c                irq_Unmask
 .text          0x00826160      0x488 ../server_bsp/\libucosii_bsp.a(osportco.o)
                0x00826160                LOCK_NET_RESOURCE
                0x00826220                UNLOCK_NET_RESOURCE
                0x008262a8                TK_NEWTASK
                0x008264bc                wait_app_sem
                0x00826570                post_app_sem
 .text          0x008265e8      0x568 ../server_bsp/\libucosii_bsp.a(targnios.o)
                0x008265e8                alt_iniche_init
                0x00826804                pre_task_setup
                0x00826878                post_task_setup
                0x00826898                prep_armintcp
                0x008268d0                calloc2
                0x00826904                npalloc
                0x008269f8                npfree
                0x00826ab0                ncpalloc
                0x00826b04                ncpfree
 .text          0x00826b50     0x19b8 ../server_bsp/\libucosii_bsp.a(nptcp.o)
                0x00826b50                pffindtype
                0x00826bf0                pffindproto
                0x00826cc0                m_getnbuf
                0x00826e68                m_free
                0x00826f9c                m_freem
                0x00826fe0                m_copy
                0x00827304                m_adj
                0x008274d4                mbuf_len
                0x0082752c                dtom
                0x008275d4                remque
                0x00827644                insque
                0x008276c0                nptcp_init
                0x008277e4                tcp_rcv
                0x008279d0                ip_output
                0x00827fc8                in_broadcast
                0x00828008                np_stripoptions
                0x008280f0                so_icmpdu
                0x00828448                tcp_tick
 .text          0x00828508      0xa2c ../server_bsp/\libucosii_bsp.a(rawsock.o)
                0x00828508                rawip_lookup
                0x00828578                rawip_soinput
                0x0082874c                rawip_usrreq
 .text          0x00828f34     0x17fc ../server_bsp/\libucosii_bsp.a(sockcall.o)
                0x00828f34                DOMAIN_CHECK
                0x00828f80                t_socket
                0x00829010                t_bind
                0x0082918c                t_listen
                0x00829270                t_accept
                0x00829508                t_connect
                0x008297b0                t_getpeername
                0x008297f4                t_getsockname
                0x00829a34                t_setsockopt
                0x00829c10                t_getsockopt
                0x00829db4                t_recv
                0x00829ea4                t_recvfrom
                0x00829ff4                t_sendto
                0x0082a220                t_send
                0x0082a448                t_shutdown
                0x0082a52c                t_socketclose
                0x0082a694                t_errno
 .text          0x0082a730     0x23ec ../server_bsp/\libucosii_bsp.a(socket.o)
                0x0082a730                socreate
                0x0082a8fc                sobind
                0x0082a958                solisten
                0x0082aa48                sofree
                0x0082ab78                soclose
                0x0082aee4                soabort
                0x0082af34                soaccept
                0x0082afd0                soconnect
                0x0082b0a4                sodisconnect
                0x0082b144                sosend
                0x0082b74c                soreceive
                0x0082bf30                soshutdown
                0x0082bfd8                sorflush
                0x0082c0d8                sosetopt
                0x0082c598                sogetopt
                0x0082cad8                sohasoutofband
 .text          0x0082cb1c     0x1318 ../server_bsp/\libucosii_bsp.a(socket2.o)
                0x0082cb1c                soisconnecting
                0x0082cb88                soisconnected
                0x0082cc84                soisdisconnecting
                0x0082cd10                soisdisconnected
                0x0082cdcc                sonewconn
                0x0082cfe8                soqinsque
                0x0082d094                soqremque
                0x0082d1b4                socantsendmore
                0x0082d204                socantrcvmore
                0x0082d254                sbselqueue
                0x0082d28c                sbwait
                0x0082d2f4                sbwakeup
                0x0082d390                soreserve
                0x0082d410                sbreserve
                0x0082d470                sbrelease
                0x0082d4b8                sbappend
                0x0082d560                sbappendrecord
                0x0082d640                sbappendaddr
                0x0082d848                sbcompress
                0x0082da30                sbflush
                0x0082dac0                sbdrop
                0x0082dc90                sbdropend
                0x0082dda0                sbdroprecord
 .text          0x0082de34      0x914 ../server_bsp/\libucosii_bsp.a(soselect.o)
                0x0082de34                t_select
                0x0082e054                sock_selscan
                0x0082e1ac                sock_select
                0x0082e3c0                in_pcbnotify
                0x0082e48c                tcp_notify
                0x0082e4f4                ifd_clr
                0x0082e5e4                ifd_set
                0x0082e658                ifd_isset
                0x0082e6d8                ifd_get
 .text          0x0082e748     0x3020 ../server_bsp/\libucosii_bsp.a(tcp_in.o)
                0x0082e748                tcp_reass
                0x0082eb50                tcp_input
                0x008310a4                tcp_dooptions
                0x00831234                tcp_pulloutofband
                0x00831360                tcp_xmit_timer
                0x00831604                ip4_tcpmss
                0x0083164c                tcp_mss
 .text          0x00831768     0x1360 ../server_bsp/\libucosii_bsp.a(tcp_out.o)
                0x00831768                tcp_output
                0x008328e4                tcp_setpersist
 .text          0x00832ac8      0x9e8 ../server_bsp/\libucosii_bsp.a(tcp_subr.o)
                0x00832ac8                tcp_init
                0x00832b20                tcp_template
                0x00832c38                tcp_respond
                0x008330c0                tcp_newtcpcb
                0x008331d8                tcp_drop
                0x00833284                tcp_close
                0x0083336c                tcp_quench
                0x008333b8                tcp_putseq
                0x00833438                tcp_getseq
 .text          0x008334b0      0x798 ../server_bsp/\libucosii_bsp.a(tcp_timr.o)
                0x008334b0                tcp_slowtimo
                0x00833750                tcp_canceltimers
                0x008337ac                tcp_timers
 .text          0x00833c48      0x9ec ../server_bsp/\libucosii_bsp.a(tcp_usr.o)
                0x00833c48                tcp_usrreq
                0x0083434c                tcp_attach
                0x00834480                tcp_disconnect
                0x00834554                tcp_usrclosed
 .text          0x00834634       0x4c ../server_bsp/\libucosii_bsp.a(tcpport.o)
                0x00834634                tcpinit
 .text          0x00834680      0xd20 ../server_bsp/\libucosii_bsp.a(udpsock.o)
                0x00834680                udp_lookup
                0x008346f0                udp_soinput
                0x008348a8                udp_usrreq
                0x00834b2c                udp4_sockbind
                0x00834e68                udp4_socksend
                0x00835244                udp4_sockaddr
 .text          0x008353a0      0x154 ../server_bsp/\libucosii_bsp.a(alt_alarm_start.o)
                0x008353a0                alt_alarm_start
 .text          0x008354f4      0x14c ../server_bsp/\libucosii_bsp.a(alt_busy_sleep.o)
                0x008354f4                alt_busy_sleep
 .text          0x00835640      0x15c ../server_bsp/\libucosii_bsp.a(alt_close.o)
                0x00835640                alt_close
 .text          0x0083579c       0x78 ../server_bsp/\libucosii_bsp.a(alt_dcache_flush.o)
                0x0083579c                alt_dcache_flush
 .text          0x00835814       0x2c ../server_bsp/\libucosii_bsp.a(alt_dev.o)
 .text          0x00835840      0x114 ../server_bsp/\libucosii_bsp.a(alt_dev_llist_insert.o)
                0x00835840                alt_dev_llist_insert
 .text          0x00835954       0x64 ../server_bsp/\libucosii_bsp.a(alt_do_ctors.o)
                0x00835954                _do_ctors
 .text          0x008359b8       0x64 ../server_bsp/\libucosii_bsp.a(alt_do_dtors.o)
                0x008359b8                _do_dtors
 .text          0x00835a1c        0x0 ../server_bsp/\libucosii_bsp.a(alt_errno.o)
 .text          0x00835a1c       0x94 ../server_bsp/\libucosii_bsp.a(alt_find_dev.o)
                0x00835a1c                alt_find_dev
 .text          0x00835ab0      0x1d4 ../server_bsp/\libucosii_bsp.a(alt_iic.o)
                0x00835ab0                alt_ic_isr_register
                0x00835b00                alt_ic_irq_enable
                0x00835b9c                alt_ic_irq_disable
                0x00835c3c                alt_ic_irq_enabled
 .text          0x00835c84       0xf8 ../server_bsp/\libucosii_bsp.a(alt_iic_isr_register.o)
                0x00835c84                alt_iic_isr_register
 .text          0x00835d7c      0x13c ../server_bsp/\libucosii_bsp.a(alt_io_redirect.o)
                0x00835e40                alt_io_redirect
 .text          0x00835eb8        0x0 ../server_bsp/\libucosii_bsp.a(alt_irq_entry.o)
 .text          0x00835eb8        0x0 ../server_bsp/\libucosii_bsp.a(alt_irq_handler.o)
 .text          0x00835eb8      0x2c4 ../server_bsp/\libucosii_bsp.a(alt_open.o)
                0x00835f94                open
 .text          0x0083617c      0x180 ../server_bsp/\libucosii_bsp.a(alt_read.o)
                0x0083617c                alt_read
 .text          0x008362fc       0x60 ../server_bsp/\libucosii_bsp.a(alt_release_fd.o)
                0x008362fc                alt_release_fd
 .text          0x0083635c       0x38 ../server_bsp/\libucosii_bsp.a(alt_remap_cached.o)
                0x0083635c                alt_remap_cached
 .text          0x00836394       0x40 ../server_bsp/\libucosii_bsp.a(alt_remap_uncached.o)
                0x00836394                alt_remap_uncached
 .text          0x008363d4      0x1a8 ../server_bsp/\libucosii_bsp.a(alt_tick.o)
                0x008363d4                alt_alarm_stop
                0x0083646c                alt_tick
 .text          0x0083657c      0x180 ../server_bsp/\libucosii_bsp.a(alt_write.o)
                0x0083657c                alt_write
 .text          0x008366fc       0x20 ../server_bsp/\libucosii_bsp.a(altera_nios2_qsys_irq.o)
                0x008366fc                altera_nios2_qsys_irq_init
 .text          0x0083671c       0xd0 ../server_bsp/\libucosii_bsp.a(os_cpu_a.o)
                0x0083671c                OSCtxSw
                0x0083671c                OSIntCtxSw
                0x008367a8                OSStartHighRdy
                0x008367c8                OSStartTsk
 .text          0x008367ec      0x424 ../server_bsp/\libucosii_bsp.a(os_cpu_c.o)
                0x008367ec                OSTaskStkInit
                0x00836afc                OSTaskCreateHook
                0x00836b1c                OSTaskDelHook
                0x00836b3c                OSTaskSwHook
                0x00836b58                OSTaskStatHook
                0x00836b74                OSTimeTickHook
                0x00836b9c                OSInitHookBegin
                0x00836bb8                OSInitHookEnd
                0x00836bd4                OSTaskIdleHook
                0x00836bf0                OSTCBInitHook
 .text          0x00836c10      0x460 ../server_bsp/\libucosii_bsp.a(altera_avalon_cfi_flash_amd.o)
                0x00836c10                alt_program_amd
                0x00836c78                alt_erase_block_amd
 .text          0x00837070      0x460 ../server_bsp/\libucosii_bsp.a(altera_avalon_cfi_flash_intel.o)
                0x00837070                alt_program_intel
                0x008370f4                alt_erase_block_intel
 .text          0x008374d0      0x238 ../server_bsp/\libucosii_bsp.a(altera_avalon_spi.o)
                0x008374d0                alt_avalon_spi_command
 .text          0x00837708      0x444 ../server_bsp/\libucosii_bsp.a(allports.o)
                0x00837708                netmain_init
                0x00837804                icmp_port_du
                0x0083788c                station_state
                0x008379f0                sysuptime
                0x00837a84                packet_check
                0x00837ad0                mcastlist
                0x00837af4                prep_modules
 .text          0x00837b4c      0x580 ../server_bsp/\libucosii_bsp.a(timeouts.o)
                0x00837b4c                inet_timer
                0x00837e4c                in_timerset
                0x00838024                in_timerkill
 .text          0x008380cc       0xa4 ../server_bsp/\libucosii_bsp.a(tk_misc.o)
                0x008380cc                create_apptasks
                0x008380f0                task_stats
 .text          0x00838170       0xb0 ../server_bsp/\libucosii_bsp.a(alt_iniche_fcntl.o)
                0x00838170                fcntl
 .text          0x00838220     0x15b0 ../server_bsp/\libucosii_bsp.a(et_arp.o)
                0x00838220                etainit
                0x00838274                et_send
                0x008383f0                arp_free_pending
                0x00838478                arp_send_pending
                0x008384ec                send_arp
                0x00838984                find_oldest_arp
                0x00838b80                make_arp_entry
                0x00838c94                arpReply
                0x00838f28                arprcv
                0x00839188                send_via_arp
                0x00839358                cb_arpent_tmo
                0x00839504                grat_arp
 .text          0x008397d0      0x298 ../server_bsp/\libucosii_bsp.a(iface.o)
                0x008397d0                if_getbynum
                0x00839854                isbcast
                0x00839934                reg_type
                0x008399d0                if_killsocks
 .text          0x00839a68     0x22a4 ../server_bsp/\libucosii_bsp.a(ip.o)
                0x00839a68                ip_init
                0x00839b64                ip_bldhead
                0x00839d08                ip_write_internal
                0x0083a488                ip_write
                0x0083a6d0                ip_write2
                0x0083aa80                ip_raw_write
                0x0083ab58                ip_fragment_lc
                0x0083afe0                ip_fragment
                0x0083b604                ip_mymach
                0x0083b6b0                ip_dump
                0x0083b968                iproute
                0x0083bbd4                ip_copypkt
 .text          0x0083bd0c     0x1e08 ../server_bsp/\libucosii_bsp.a(ip_reasm.o)
                0x0083bd0c                ip_reasm_match_frag_with_ire
                0x0083bddc                ip_reasm_determine_type_of_frag
                0x0083bec8                ip_reasm_check_mem_useage
                0x0083bf60                ip_reasm_incr_mem_useage
                0x0083c008                ip_reasm_decr_mem_useage
                0x0083c0a8                ip_reasm_process_first_fragment
                0x0083c388                ip_reassm
                0x0083c428                ip_reasm_compute_overlap
                0x0083c9b8                ip_reasm_process_subsequent_fragments
                0x0083cf4c                ip_reasm_find_ire
                0x0083cfb0                ip_reasm_copy_queued_fragments_into_reassy_buffer
                0x0083d30c                ip_reasm_process_timer_tick
                0x0083d42c                ip_reasm_delete_ire
                0x0083d5f4                ip_reasm_mark_compact_rfq
                0x0083d73c                ipr_stats
                0x0083dac0                ip_reasm_send_icmp_timex
 .text          0x0083db14      0xe3c ../server_bsp/\libucosii_bsp.a(ipdemux.o)
                0x0083db14                ip_rcv
                0x0083df14                ip_rcv_phase2
                0x0083e520                ip_demux
 .text          0x0083e950      0x2f0 ../server_bsp/\libucosii_bsp.a(ipmc.o)
                0x0083e950                in_addmulti
                0x0083eab8                in_delmulti
                0x0083ebd0                lookup_mcast
 .text          0x0083ec40       0xe4 ../server_bsp/\libucosii_bsp.a(ipport.o)
                0x0083ec40                prep_ifaces
                0x0083ecd4                netexit
                0x0083ecfc                evtmap_setup
 .text          0x0083ed24      0x550 ../server_bsp/\libucosii_bsp.a(ipraw.o)
                0x0083ed24                ip_raw_open
                0x0083ee14                ip_raw_close
                0x0083eed4                ip_raw_input
                0x0083f10c                ip_raw_alloc
                0x0083f1d8                ip_raw_free
                0x0083f218                ip_raw_maxalloc
 .text          0x0083f274      0x6f0 ../server_bsp/\libucosii_bsp.a(iproute.o)
                0x0083f274                rt_lookup
                0x0083f3f8                add_route
                0x0083f820                del_route
 .text          0x0083f964      0xe3c ../server_bsp/\libucosii_bsp.a(udp.o)
                0x0083f964                udpdemux
                0x008401bc                udp_send
                0x00840474                udpswap
                0x008405a4                udp_socket
                0x00840674                udp_alloc
                0x00840734                udp_maxalloc
                0x00840760                udp_free
 .text          0x008407a0      0x2e8 ../server_bsp/\libucosii_bsp.a(igmp.o)
                0x008407a0                igmpv1_input
 .text          0x00840a88      0x7c0 ../server_bsp/\libucosii_bsp.a(igmp2.o)
                0x00840a88                igmpv2_input
                0x00840be8                igmpv2_process_report
                0x00840d34                igmpv2_process_query
                0x00840f80                igmpv2_chk_set_timer
                0x008410d8                igmpv2_chk4_rtr_alert_opt
 .text          0x00841248      0x8fc ../server_bsp/\libucosii_bsp.a(ipopt.o)
                0x00841248                IPADDR_TO_NETP
                0x00841390                ip_setmoptions
                0x00841980                ip_getmoptions
                0x00841ac0                ip_freemoptions
 .text          0x00841b44      0x6e8 ../server_bsp/\libucosii_bsp.a(u_mctest.o)
                0x00841b44                u_mctest_init
                0x00841b74                u_mctest_run
 .text          0x0084222c      0x3d0 ../server_bsp/\libucosii_bsp.a(dhcsetup.o)
                0x0084222c                dhc_setup
                0x008424f8                dhc_main_ipset
 .text          0x008425fc      0x40c ../server_bsp/\libucosii_bsp.a(memdev.o)
                0x008425fc                init_memdev
                0x00842674                md_fopen
                0x0084269c                md_fclose
                0x008426bc                md_fread
                0x0084283c                md_fwrite
                0x008428bc                md_fseek
                0x008428e8                md_ftell
                0x0084290c                md_fgetc
                0x008429e4                md_unlink
 .text          0x00842a08      0x1cc ../server_bsp/\libucosii_bsp.a(tcpcksum.o)
                0x00842a08                tcp_cksum
 .text          0x00842bd4      0x900 ../server_bsp/\libucosii_bsp.a(in_pcb.o)
                0x00842bd4                in_pcballoc
                0x00842c68                in_pcbdetach
                0x00842cbc                in_pcbbind
                0x00842f10                in_pcbconnect
                0x00843120                in_pcbdisconnect
                0x00843180                in_setsockaddr
                0x008431fc                in_setpeeraddr
                0x00843278                in_pcblookup
 .text          0x008434d4     0x1a74 ../server_bsp/\libucosii_bsp.a(vfsfiles.o)
                0x008434d4                set_vfopen_error
                0x008434fc                get_vfopen_error
                0x0084351c                vf_alloc_and_link_vop
                0x00843598                vf_alloc_buffer
                0x00843670                vf_free_buffer
                0x008436c0                vfopen_locked
                0x00843a28                vfopen
                0x00843a78                vfclose_locked
                0x00843c20                vfclose
                0x00843c60                vfflush
                0x00843ca8                vfgets
                0x00843d8c                vfeof
                0x00843de4                vunlink_flag_open_files
                0x00843e40                vunlink
                0x00844060                vfread
                0x0084420c                vfwrite_locked
                0x008445f4                vfwrite
                0x00844654                vfseek
                0x008447d0                vftell
                0x00844904                vgetc_locked
                0x00844a24                vgetc
                0x00844a6c                vfslookup_locked
                0x00844ba4                vfslookup
                0x00844bec                strippath
                0x00844dd4                isvfile_locked
                0x00844e38                isvfile
                0x00844e80                vferror
                0x00844eec                vclearerr
 .text          0x00844f48       0x24 ../server_bsp/\libucosii_bsp.a(vfsport.o)
                0x00844f48                prep_vfs
 .text          0x00844f6c        0x0 ../server_bsp/\libucosii_bsp.a(alt_exception_entry.o)
 .text          0x00844f6c      0x1b4 ../server_bsp/\libucosii_bsp.a(alt_fcntl.o)
                0x00844f6c                alt_fcntl
 .text          0x00845120      0x120 ../server_bsp/\libucosii_bsp.a(alt_find_file.o)
                0x00845120                alt_find_file
 .text          0x00845240       0xf4 ../server_bsp/\libucosii_bsp.a(alt_get_fd.o)
                0x00845240                alt_get_fd
 .text          0x00845334     0x130c ../server_bsp/\libucosii_bsp.a(icmp.o)
                0x00845334                icmprcv
                0x00845f68                icmp_destun
                0x008462b8                icmp_timex
                0x008465ec                icmp_du
 .text          0x00846640       0x14 c:/altera/13.0sp1/nios2eds/bin/gnu/h-i686-mingw32/bin/../lib/gcc/nios2-elf/4.1.2/../../../../nios2-elf/lib\libc.a(lib_a-atexit.o)
                0x00846640                atexit
 .text          0x00846654       0x18 c:/altera/13.0sp1/nios2eds/bin/gnu/h-i686-mingw32/bin/../lib/gcc/nios2-elf/4.1.2/../../../../nios2-elf/lib\libc.a(lib_a-atoi.o)
                0x00846654                _atoi_r
                0x00846660                atoi
 .text          0x0084666c       0x1c c:/altera/13.0sp1/nios2eds/bin/gnu/h-i686-mingw32/bin/../lib/gcc/nios2-elf/4.1.2/../../../../nios2-elf/lib\libc.a(lib_a-calloc.o)
                0x0084666c                calloc
 .text          0x00846688       0x28 c:/altera/13.0sp1/nios2eds/bin/gnu/h-i686-mingw32/bin/../lib/gcc/nios2-elf/4.1.2/../../../../nios2-elf/lib\libc.a(lib_a-malloc.o)
                0x00846688                free
                0x0084669c                malloc
 .text          0x008466b0       0x74 c:/altera/13.0sp1/nios2eds/bin/gnu/h-i686-mingw32/bin/../lib/gcc/nios2-elf/4.1.2/../../../../nios2-elf/lib\libc.a(lib_a-memcmp.o)
                0x008466b0                memcmp
 .text          0x00846724       0x8c c:/altera/13.0sp1/nios2eds/bin/gnu/h-i686-mingw32/bin/../lib/gcc/nios2-elf/4.1.2/../../../../nios2-elf/lib\libc.a(lib_a-strcpy.o)
                0x00846724                strcpy
 .text          0x008467b0       0xf0 c:/altera/13.0sp1/nios2eds/bin/gnu/h-i686-mingw32/bin/../lib/gcc/nios2-elf/4.1.2/../../../../nios2-elf/lib\libc.a(lib_a-strncmp.o)
                0x008467b0                strncmp
 .text          0x008468a0       0xbc c:/altera/13.0sp1/nios2eds/bin/gnu/h-i686-mingw32/bin/../lib/gcc/nios2-elf/4.1.2/../../../../nios2-elf/lib\libc.a(lib_a-strncpy.o)
                0x008468a0                strncpy
 .text          0x0084695c      0x268 c:/altera/13.0sp1/nios2eds/bin/gnu/h-i686-mingw32/bin/../lib/gcc/nios2-elf/4.1.2/../../../../nios2-elf/lib\libc.a(lib_a-strtol.o)
                0x0084695c                _strtol_r
                0x00846ba0                strtol
 .text          0x00846bc4       0x34 c:/altera/13.0sp1/nios2eds/bin/gnu/h-i686-mingw32/bin/../lib/gcc/nios2-elf/4.1.2/../../../../nios2-elf/lib\libc.a(lib_a-vprintf.o)
                0x00846bc4                _vprintf_r
                0x00846bd8                vprintf
 .text          0x00846bf8       0x74 c:/altera/13.0sp1/nios2eds/bin/gnu/h-i686-mingw32/bin/../lib/gcc/nios2-elf/4.1.2/../../../../nios2-elf/lib\libc.a(lib_a-vsprintf.o)
                0x00846bf8                _vsprintf_r
                0x00846c48                vsprintf
 .text          0x00846c6c      0x134 c:/altera/13.0sp1/nios2eds/bin/gnu/h-i686-mingw32/bin/../lib/gcc/nios2-elf/4.1.2/../../../../nios2-elf/lib\libc.a(lib_a-__atexit.o)
                0x00846c6c                __register_exitproc
 *(.gnu.warning.*)
 *(.fini)
                0x00846da0                PROVIDE (__etext, ABSOLUTE (.))
                0x00846da0                PROVIDE (_etext, ABSOLUTE (.))
                0x00846da0                PROVIDE (etext, ABSOLUTE (.))
 *(.eh_frame_hdr)
                0x00846da0                . = ALIGN (0x4)
                0x00846da0                PROVIDE (__preinit_array_start, ABSOLUTE (.))
 *(.preinit_array)
                0x00846da0                PROVIDE (__preinit_array_end, ABSOLUTE (.))
                0x00846da0                PROVIDE (__init_array_start, ABSOLUTE (.))
 *(.init_array)
                0x00846da0                PROVIDE (__init_array_end, ABSOLUTE (.))
                0x00846da0                PROVIDE (__fini_array_start, ABSOLUTE (.))
 *(.fini_array)
                0x00846da0                PROVIDE (__fini_array_end, ABSOLUTE (.))
 *(.eh_frame)
 *(.gcc_except_table)
 *(.dynamic)
                0x00846da0                PROVIDE (__CTOR_LIST__, ABSOLUTE (.))
 *(.ctors)
 *(SORT(.ctors.*))
 .ctors.65535   0x00846da0        0x4 c:/altera/13.0sp1/nios2eds/bin/gnu/h-i686-mingw32/bin/../lib/gcc/nios2-elf/4.1.2/../../../../nios2-elf/lib\libc.a(lib_a-__call_atexit.o)
                0x00846da4                PROVIDE (__CTOR_END__, ABSOLUTE (.))
                0x00846da4                PROVIDE (__DTOR_LIST__, ABSOLUTE (.))
 *(.dtors)
 *(SORT(.dtors.*))
                0x00846da4                PROVIDE (__DTOR_END__, ABSOLUTE (.))
 *(.jcr)
                0x00846da4                . = ALIGN (0x4)

.rodata         0x00846da4     0x4290
                0x00846da4                PROVIDE (__ram_rodata_start, ABSOLUTE (.))
                0x00846da4                . = ALIGN (0x4)
 *(.rodata .rodata.* .gnu.linkonce.r.*)
 .rodata        0x00846da4       0x60 obj/default/LCD.o
 .rodata        0x00846e04       0xa8 obj/default/SSS_DE2_115.o
 .rodata        0x00846eac      0xba4 obj/default/alt_error_handler.o
 .rodata        0x00847a50       0x64 obj/default/dm9000a.o
 .rodata        0x00847ab4      0x180 obj/default/iniche_init.o
 .rodata        0x00847c34      0x234 obj/default/network_utilities.o
 .rodata        0x00847e68      0x2d4 obj/default/simple_socket_server.o
 .rodata        0x0084813c       0x14 c:/altera/13.0sp1/nios2eds/bin/gnu/h-i686-mingw32/bin/../lib/gcc/nios2-elf/4.1.2\libgcc.a(_thenan_df.o)
                0x0084813c                __thenan_df
 .rodata        0x00848150      0x100 c:/altera/13.0sp1/nios2eds/bin/gnu/h-i686-mingw32/bin/../lib/gcc/nios2-elf/4.1.2\libgcc.a(_clz.o)
                0x00848150                __clz_tab
 .rodata        0x00848250      0x281 c:/altera/13.0sp1/nios2eds/bin/gnu/h-i686-mingw32/bin/../lib/gcc/nios2-elf/4.1.2/../../../../nios2-elf/lib\libc.a(lib_a-ctype_.o)
                0x00848250                _ctype_
 *fill*         0x008484d1        0x3 00
 .rodata.str1.4
                0x008484d4        0x2 c:/altera/13.0sp1/nios2eds/bin/gnu/h-i686-mingw32/bin/../lib/gcc/nios2-elf/4.1.2/../../../../nios2-elf/lib\libc.a(lib_a-impure.o)
                                  0x4 (size before relaxing)
 *fill*         0x008484d6        0x2 00
 .rodata.str1.4
                0x008484d8        0x3 c:/altera/13.0sp1/nios2eds/bin/gnu/h-i686-mingw32/bin/../lib/gcc/nios2-elf/4.1.2/../../../../nios2-elf/lib\libc.a(lib_a-perror.o)
                                  0x4 (size before relaxing)
 *fill*         0x008484db        0x1 00
 .rodata.str1.4
                0x008484dc        0x2 c:/altera/13.0sp1/nios2eds/bin/gnu/h-i686-mingw32/bin/../lib/gcc/nios2-elf/4.1.2/../../../../nios2-elf/lib\libc.a(lib_a-puts.o)
                                  0x4 (size before relaxing)
 *fill*         0x008484de        0x2 00
 .rodata.str1.4
                0x008484e0      0x7a2 c:/altera/13.0sp1/nios2eds/bin/gnu/h-i686-mingw32/bin/../lib/gcc/nios2-elf/4.1.2/../../../../nios2-elf/lib\libc.a(lib_a-strerror.o)
                                0x7a8 (size before relaxing)
 *fill*         0x00848c82        0x2 00
 .rodata.str1.4
                0x00848c84       0x5e c:/altera/13.0sp1/nios2eds/bin/gnu/h-i686-mingw32/bin/../lib/gcc/nios2-elf/4.1.2/../../../../nios2-elf/lib\libc.a(lib_a-vfprintf.o)
                                 0x60 (size before relaxing)
 .rodata        0x00848ce2       0x20 c:/altera/13.0sp1/nios2eds/bin/gnu/h-i686-mingw32/bin/../lib/gcc/nios2-elf/4.1.2/../../../../nios2-elf/lib\libc.a(lib_a-vfprintf.o)
 *fill*         0x00848d02        0x2 00
 .rodata.str1.4
                0x00848d04       0x10 c:/altera/13.0sp1/nios2eds/bin/gnu/h-i686-mingw32/bin/../lib/gcc/nios2-elf/4.1.2/../../../../nios2-elf/lib\libc.a(lib_a-dtoa.o)
                                 0x14 (size before relaxing)
 .rodata.str1.4
                0x00848d14       0x10 c:/altera/13.0sp1/nios2eds/bin/gnu/h-i686-mingw32/bin/../lib/gcc/nios2-elf/4.1.2/../../../../nios2-elf/lib\libc.a(lib_a-locale.o)
                                 0x18 (size before relaxing)
 .rodata        0x00848d24       0x30 c:/altera/13.0sp1/nios2eds/bin/gnu/h-i686-mingw32/bin/../lib/gcc/nios2-elf/4.1.2/../../../../nios2-elf/lib\libc.a(lib_a-locale.o)
 .rodata        0x00848d54      0x124 c:/altera/13.0sp1/nios2eds/bin/gnu/h-i686-mingw32/bin/../lib/gcc/nios2-elf/4.1.2/../../../../nios2-elf/lib\libc.a(lib_a-mprec.o)
                0x00848d54                __mprec_tens
                0x00848e1c                __mprec_bigtens
                0x00848e44                __mprec_tinytens
 .rodata        0x00848e78       0x14 ../server_bsp/\libucosii_bsp.a(alt_main.o)
 .rodata        0x00848e8c      0x120 ../server_bsp/\libucosii_bsp.a(os_core.o)
                0x00848e8c                OSUnMapTbl
 .rodata        0x00848fac       0x60 ../server_bsp/\libucosii_bsp.a(alt_sys_init.o)
 .rodata        0x0084900c       0xd8 ../server_bsp/\libucosii_bsp.a(ipnet.o)
 .rodata        0x008490e4       0xec ../server_bsp/\libucosii_bsp.a(ipstart.o)
 .rodata        0x008491d0      0x54c ../server_bsp/\libucosii_bsp.a(igmp_cmn.o)
 .rodata        0x0084971c       0xb8 ../server_bsp/\libucosii_bsp.a(in_utils.o)
 .rodata        0x008497d4       0x34 ../server_bsp/\libucosii_bsp.a(netmain.o)
 .rodata        0x00849808       0x94 ../server_bsp/\libucosii_bsp.a(parseip.o)
 .rodata        0x0084989c      0x1a8 ../server_bsp/\libucosii_bsp.a(tk_crnos.o)
 .rodata        0x00849a44        0x8 ../server_bsp/\libucosii_bsp.a(dhcpclnt.o)
 .rodata        0x00849a4c      0x118 ../server_bsp/\libucosii_bsp.a(pktalloc.o)
 .rodata        0x00849b64       0x84 ../server_bsp/\libucosii_bsp.a(udp_open.o)
 .rodata        0x00849be8       0x2c ../server_bsp/\libucosii_bsp.a(brdutils.o)
 .rodata        0x00849c14      0x26c ../server_bsp/\libucosii_bsp.a(osportco.o)
 .rodata        0x00849e80       0xa0 ../server_bsp/\libucosii_bsp.a(targnios.o)
 .rodata        0x00849f20       0x90 ../server_bsp/\libucosii_bsp.a(nptcp.o)
 .rodata        0x00849fb0        0x8 ../server_bsp/\libucosii_bsp.a(sockcall.o)
 .rodata        0x00849fb8       0x50 ../server_bsp/\libucosii_bsp.a(socket.o)
 .rodata        0x0084a008       0x40 ../server_bsp/\libucosii_bsp.a(socket2.o)
 .rodata        0x0084a048       0x20 ../server_bsp/\libucosii_bsp.a(tcp_in.o)
 .rodata        0x0084a068       0x40 ../server_bsp/\libucosii_bsp.a(tcp_out.o)
 .rodata        0x0084a0a8       0x24 ../server_bsp/\libucosii_bsp.a(tcp_subr.o)
 .rodata        0x0084a0cc       0x2c ../server_bsp/\libucosii_bsp.a(tcp_usr.o)
 .rodata        0x0084a0f8        0xc ../server_bsp/\libucosii_bsp.a(alt_dev.o)
 .rodata        0x0084a104        0x4 ../server_bsp/\libucosii_bsp.a(os_cpu_c.o)
 .rodata        0x0084a108      0x1d4 ../server_bsp/\libucosii_bsp.a(allports.o)
 .rodata        0x0084a2dc       0x34 ../server_bsp/\libucosii_bsp.a(tk_misc.o)
 .rodata        0x0084a310       0x44 ../server_bsp/\libucosii_bsp.a(et_arp.o)
 .rodata        0x0084a354      0x1dc ../server_bsp/\libucosii_bsp.a(ip.o)
 .rodata        0x0084a530      0x158 ../server_bsp/\libucosii_bsp.a(ip_reasm.o)
 .rodata        0x0084a688      0x120 ../server_bsp/\libucosii_bsp.a(ipdemux.o)
 .rodata        0x0084a7a8       0x34 ../server_bsp/\libucosii_bsp.a(ipport.o)
 .rodata        0x0084a7dc       0x24 ../server_bsp/\libucosii_bsp.a(ipraw.o)
 .rodata        0x0084a800       0x38 ../server_bsp/\libucosii_bsp.a(iproute.o)
 .rodata        0x0084a838       0xe8 ../server_bsp/\libucosii_bsp.a(udp.o)
 .rodata        0x0084a920      0x2d0 ../server_bsp/\libucosii_bsp.a(u_mctest.o)
 .rodata        0x0084abf0       0xf8 ../server_bsp/\libucosii_bsp.a(dhcsetup.o)
 .rodata        0x0084ace8       0x34 ../server_bsp/\libucosii_bsp.a(vfsfiles.o)
 .rodata        0x0084ad1c      0x318 ../server_bsp/\libucosii_bsp.a(icmp.o)
 *(.rodata1)
                0x0084b034                . = ALIGN (0x4)
                0x0084b034                PROVIDE (__ram_rodata_end, ABSOLUTE (.))
                0x00846da4                PROVIDE (__flash_rodata_start, LOADADDR (.rodata))

.rwdata         0x0084b034     0x213c
                0x0084b034                PROVIDE (__ram_rwdata_start, ABSOLUTE (.))
                0x0084b034                . = ALIGN (0x4)
 *(.got.plt)
 *(.got)
 *(.data1)
 *(.data .data.* .gnu.linkonce.d.*)
 .data          0x0084b034        0x0 ../server_bsp//obj/HAL/src/crt0.o
 .data          0x0084b034        0x0 obj/default/LCD.o
 .data          0x0084b034        0x0 obj/default/SSS_DE2_115.o
 .data          0x0084b034        0x0 obj/default/alt_error_handler.o
 .data          0x0084b034        0x0 obj/default/dm9000a.o
 .data          0x0084b034       0x18 obj/default/iniche_init.o
                0x0084b034                ssstask
 .data          0x0084b04c        0x0 obj/default/led.o
 .data          0x0084b04c        0x0 obj/default/network_utilities.o
 .data          0x0084b04c        0x0 obj/default/simple_socket_server.o
 .data          0x0084b04c        0x0 obj/default/tse_my_system.o
 .data          0x0084b04c        0x0 c:/altera/13.0sp1/nios2eds/bin/gnu/h-i686-mingw32/bin/../lib/gcc/nios2-elf/4.1.2\libgcc.a(_fixunsdfsi.o)
 .data          0x0084b04c        0x0 c:/altera/13.0sp1/nios2eds/bin/gnu/h-i686-mingw32/bin/../lib/gcc/nios2-elf/4.1.2\libgcc.a(_addsub_df.o)
 .data          0x0084b04c        0x0 c:/altera/13.0sp1/nios2eds/bin/gnu/h-i686-mingw32/bin/../lib/gcc/nios2-elf/4.1.2\libgcc.a(_mul_df.o)
 .data          0x0084b04c        0x0 c:/altera/13.0sp1/nios2eds/bin/gnu/h-i686-mingw32/bin/../lib/gcc/nios2-elf/4.1.2\libgcc.a(_ge_df.o)
 .data          0x0084b04c        0x0 c:/altera/13.0sp1/nios2eds/bin/gnu/h-i686-mingw32/bin/../lib/gcc/nios2-elf/4.1.2\libgcc.a(_df_to_si.o)
 .data          0x0084b04c        0x0 c:/altera/13.0sp1/nios2eds/bin/gnu/h-i686-mingw32/bin/../lib/gcc/nios2-elf/4.1.2\libgcc.a(_thenan_df.o)
 .data          0x0084b04c        0x0 c:/altera/13.0sp1/nios2eds/bin/gnu/h-i686-mingw32/bin/../lib/gcc/nios2-elf/4.1.2\libgcc.a(_usi_to_df.o)
 .data          0x0084b04c        0x0 c:/altera/13.0sp1/nios2eds/bin/gnu/h-i686-mingw32/bin/../lib/gcc/nios2-elf/4.1.2\libgcc.a(_muldi3.o)
 .data          0x0084b04c        0x0 c:/altera/13.0sp1/nios2eds/bin/gnu/h-i686-mingw32/bin/../lib/gcc/nios2-elf/4.1.2\libgcc.a(_clzsi2.o)
 .data          0x0084b04c        0x0 c:/altera/13.0sp1/nios2eds/bin/gnu/h-i686-mingw32/bin/../lib/gcc/nios2-elf/4.1.2\libgcc.a(_pack_df.o)
 .data          0x0084b04c        0x0 c:/altera/13.0sp1/nios2eds/bin/gnu/h-i686-mingw32/bin/../lib/gcc/nios2-elf/4.1.2\libgcc.a(_unpack_df.o)
 .data          0x0084b04c        0x0 c:/altera/13.0sp1/nios2eds/bin/gnu/h-i686-mingw32/bin/../lib/gcc/nios2-elf/4.1.2\libgcc.a(_fpcmp_parts_df.o)
 .data          0x0084b04c        0x0 c:/altera/13.0sp1/nios2eds/bin/gnu/h-i686-mingw32/bin/../lib/gcc/nios2-elf/4.1.2\libgcc.a(_clz.o)
 .data          0x0084b04c        0x0 c:/altera/13.0sp1/nios2eds/bin/gnu/h-i686-mingw32/bin/../lib/gcc/nios2-elf/4.1.2/../../../../nios2-elf/lib\libc.a(lib_a-ctype_.o)
 .data          0x0084b04c        0x0 c:/altera/13.0sp1/nios2eds/bin/gnu/h-i686-mingw32/bin/../lib/gcc/nios2-elf/4.1.2/../../../../nios2-elf/lib\libc.a(lib_a-exit.o)
 .data          0x0084b04c        0x0 c:/altera/13.0sp1/nios2eds/bin/gnu/h-i686-mingw32/bin/../lib/gcc/nios2-elf/4.1.2/../../../../nios2-elf/lib\libc.a(lib_a-fprintf.o)
 .data          0x0084b04c        0x0 c:/altera/13.0sp1/nios2eds/bin/gnu/h-i686-mingw32/bin/../lib/gcc/nios2-elf/4.1.2/../../../../nios2-elf/lib\libc.a(lib_a-fwrite.o)
 .data          0x0084b04c        0x0 c:/altera/13.0sp1/nios2eds/bin/gnu/h-i686-mingw32/bin/../lib/gcc/nios2-elf/4.1.2/../../../../nios2-elf/lib\libc.a(lib_a-getc.o)
 .data          0x0084b04c      0x400 c:/altera/13.0sp1/nios2eds/bin/gnu/h-i686-mingw32/bin/../lib/gcc/nios2-elf/4.1.2/../../../../nios2-elf/lib\libc.a(lib_a-impure.o)
 .data          0x0084b44c        0x0 c:/altera/13.0sp1/nios2eds/bin/gnu/h-i686-mingw32/bin/../lib/gcc/nios2-elf/4.1.2/../../../../nios2-elf/lib\libc.a(lib_a-memcpy.o)
 .data          0x0084b44c        0x0 c:/altera/13.0sp1/nios2eds/bin/gnu/h-i686-mingw32/bin/../lib/gcc/nios2-elf/4.1.2/../../../../nios2-elf/lib\libc.a(lib_a-memmove.o)
 .data          0x0084b44c        0x0 c:/altera/13.0sp1/nios2eds/bin/gnu/h-i686-mingw32/bin/../lib/gcc/nios2-elf/4.1.2/../../../../nios2-elf/lib\libc.a(lib_a-memset.o)
 .data          0x0084b44c        0x0 c:/altera/13.0sp1/nios2eds/bin/gnu/h-i686-mingw32/bin/../lib/gcc/nios2-elf/4.1.2/../../../../nios2-elf/lib\libc.a(lib_a-perror.o)
 .data          0x0084b44c        0x0 c:/altera/13.0sp1/nios2eds/bin/gnu/h-i686-mingw32/bin/../lib/gcc/nios2-elf/4.1.2/../../../../nios2-elf/lib\libc.a(lib_a-printf.o)
 .data          0x0084b44c        0x0 c:/altera/13.0sp1/nios2eds/bin/gnu/h-i686-mingw32/bin/../lib/gcc/nios2-elf/4.1.2/../../../../nios2-elf/lib\libc.a(lib_a-putc.o)
 .data          0x0084b44c        0x0 c:/altera/13.0sp1/nios2eds/bin/gnu/h-i686-mingw32/bin/../lib/gcc/nios2-elf/4.1.2/../../../../nios2-elf/lib\libc.a(lib_a-putchar.o)
 .data          0x0084b44c        0x0 c:/altera/13.0sp1/nios2eds/bin/gnu/h-i686-mingw32/bin/../lib/gcc/nios2-elf/4.1.2/../../../../nios2-elf/lib\libc.a(lib_a-puts.o)
 .data          0x0084b44c        0x0 c:/altera/13.0sp1/nios2eds/bin/gnu/h-i686-mingw32/bin/../lib/gcc/nios2-elf/4.1.2/../../../../nios2-elf/lib\libc.a(lib_a-rget.o)
 .data          0x0084b44c        0x0 c:/altera/13.0sp1/nios2eds/bin/gnu/h-i686-mingw32/bin/../lib/gcc/nios2-elf/4.1.2/../../../../nios2-elf/lib\libc.a(lib_a-sprintf.o)
 .data          0x0084b44c        0x0 c:/altera/13.0sp1/nios2eds/bin/gnu/h-i686-mingw32/bin/../lib/gcc/nios2-elf/4.1.2/../../../../nios2-elf/lib\libc.a(lib_a-strchr.o)
 .data          0x0084b44c        0x0 c:/altera/13.0sp1/nios2eds/bin/gnu/h-i686-mingw32/bin/../lib/gcc/nios2-elf/4.1.2/../../../../nios2-elf/lib\libc.a(lib_a-strerror.o)
 .data          0x0084b44c        0x0 c:/altera/13.0sp1/nios2eds/bin/gnu/h-i686-mingw32/bin/../lib/gcc/nios2-elf/4.1.2/../../../../nios2-elf/lib\libc.a(lib_a-strlen.o)
 .data          0x0084b44c        0x0 c:/altera/13.0sp1/nios2eds/bin/gnu/h-i686-mingw32/bin/../lib/gcc/nios2-elf/4.1.2/../../../../nios2-elf/lib\libc.a(lib_a-u_strerr.o)
 .data          0x0084b44c        0x0 c:/altera/13.0sp1/nios2eds/bin/gnu/h-i686-mingw32/bin/../lib/gcc/nios2-elf/4.1.2/../../../../nios2-elf/lib\libc.a(lib_a-vfprintf.o)
 .data          0x0084b44c        0x0 c:/altera/13.0sp1/nios2eds/bin/gnu/h-i686-mingw32/bin/../lib/gcc/nios2-elf/4.1.2/../../../../nios2-elf/lib\libc.a(lib_a-wbuf.o)
 .data          0x0084b44c        0x0 c:/altera/13.0sp1/nios2eds/bin/gnu/h-i686-mingw32/bin/../lib/gcc/nios2-elf/4.1.2/../../../../nios2-elf/lib\libc.a(lib_a-wsetup.o)
 .data          0x0084b44c        0x0 c:/altera/13.0sp1/nios2eds/bin/gnu/h-i686-mingw32/bin/../lib/gcc/nios2-elf/4.1.2/../../../../nios2-elf/lib\libc.a(lib_a-__call_atexit.o)
 .data          0x0084b44c        0x0 c:/altera/13.0sp1/nios2eds/bin/gnu/h-i686-mingw32/bin/../lib/gcc/nios2-elf/4.1.2/../../../../nios2-elf/lib\libc.a(lib_a-dtoa.o)
 .data          0x0084b44c        0x0 c:/altera/13.0sp1/nios2eds/bin/gnu/h-i686-mingw32/bin/../lib/gcc/nios2-elf/4.1.2/../../../../nios2-elf/lib\libc.a(lib_a-fflush.o)
 .data          0x0084b44c        0x0 c:/altera/13.0sp1/nios2eds/bin/gnu/h-i686-mingw32/bin/../lib/gcc/nios2-elf/4.1.2/../../../../nios2-elf/lib\libc.a(lib_a-findfp.o)
 .data          0x0084b44c        0x0 c:/altera/13.0sp1/nios2eds/bin/gnu/h-i686-mingw32/bin/../lib/gcc/nios2-elf/4.1.2/../../../../nios2-elf/lib\libc.a(lib_a-fputc.o)
 .data          0x0084b44c        0x0 c:/altera/13.0sp1/nios2eds/bin/gnu/h-i686-mingw32/bin/../lib/gcc/nios2-elf/4.1.2/../../../../nios2-elf/lib\libc.a(lib_a-fputs.o)
 .data          0x0084b44c        0x0 c:/altera/13.0sp1/nios2eds/bin/gnu/h-i686-mingw32/bin/../lib/gcc/nios2-elf/4.1.2/../../../../nios2-elf/lib\libc.a(lib_a-freer.o)
 .data          0x0084b44c        0x0 c:/altera/13.0sp1/nios2eds/bin/gnu/h-i686-mingw32/bin/../lib/gcc/nios2-elf/4.1.2/../../../../nios2-elf/lib\libc.a(lib_a-fvwrite.o)
 .data          0x0084b44c        0x0 c:/altera/13.0sp1/nios2eds/bin/gnu/h-i686-mingw32/bin/../lib/gcc/nios2-elf/4.1.2/../../../../nios2-elf/lib\libc.a(lib_a-fwalk.o)
 .data          0x0084b44c        0xc c:/altera/13.0sp1/nios2eds/bin/gnu/h-i686-mingw32/bin/../lib/gcc/nios2-elf/4.1.2/../../../../nios2-elf/lib\libc.a(lib_a-locale.o)
                0x0084b44c                __lc_ctype
 .data          0x0084b458        0x0 c:/altera/13.0sp1/nios2eds/bin/gnu/h-i686-mingw32/bin/../lib/gcc/nios2-elf/4.1.2/../../../../nios2-elf/lib\libc.a(lib_a-makebuf.o)
 .data          0x0084b458      0x408 c:/altera/13.0sp1/nios2eds/bin/gnu/h-i686-mingw32/bin/../lib/gcc/nios2-elf/4.1.2/../../../../nios2-elf/lib\libc.a(lib_a-mallocr.o)
                0x0084b458                __malloc_av_
 .data          0x0084b860        0x0 c:/altera/13.0sp1/nios2eds/bin/gnu/h-i686-mingw32/bin/../lib/gcc/nios2-elf/4.1.2/../../../../nios2-elf/lib\libc.a(lib_a-memchr.o)
 .data          0x0084b860        0x0 c:/altera/13.0sp1/nios2eds/bin/gnu/h-i686-mingw32/bin/../lib/gcc/nios2-elf/4.1.2/../../../../nios2-elf/lib\libc.a(lib_a-mprec.o)
 .data          0x0084b860        0x0 c:/altera/13.0sp1/nios2eds/bin/gnu/h-i686-mingw32/bin/../lib/gcc/nios2-elf/4.1.2/../../../../nios2-elf/lib\libc.a(lib_a-reallocr.o)
 .data          0x0084b860        0x0 c:/altera/13.0sp1/nios2eds/bin/gnu/h-i686-mingw32/bin/../lib/gcc/nios2-elf/4.1.2/../../../../nios2-elf/lib\libc.a(lib_a-refill.o)
 .data          0x0084b860        0x0 c:/altera/13.0sp1/nios2eds/bin/gnu/h-i686-mingw32/bin/../lib/gcc/nios2-elf/4.1.2/../../../../nios2-elf/lib\libc.a(lib_a-s_isinfd.o)
 .data          0x0084b860        0x0 c:/altera/13.0sp1/nios2eds/bin/gnu/h-i686-mingw32/bin/../lib/gcc/nios2-elf/4.1.2/../../../../nios2-elf/lib\libc.a(lib_a-s_isnand.o)
 .data          0x0084b860        0x0 c:/altera/13.0sp1/nios2eds/bin/gnu/h-i686-mingw32/bin/../lib/gcc/nios2-elf/4.1.2/../../../../nios2-elf/lib\libc.a(lib_a-sbrkr.o)
 .data          0x0084b860        0x0 c:/altera/13.0sp1/nios2eds/bin/gnu/h-i686-mingw32/bin/../lib/gcc/nios2-elf/4.1.2/../../../../nios2-elf/lib\libc.a(lib_a-stdio.o)
 .data          0x0084b860        0x0 c:/altera/13.0sp1/nios2eds/bin/gnu/h-i686-mingw32/bin/../lib/gcc/nios2-elf/4.1.2/../../../../nios2-elf/lib\libc.a(lib_a-strcmp.o)
 .data          0x0084b860        0x0 c:/altera/13.0sp1/nios2eds/bin/gnu/h-i686-mingw32/bin/../lib/gcc/nios2-elf/4.1.2/../../../../nios2-elf/lib\libc.a(lib_a-writer.o)
 .data          0x0084b860        0x0 c:/altera/13.0sp1/nios2eds/bin/gnu/h-i686-mingw32/bin/../lib/gcc/nios2-elf/4.1.2/../../../../nios2-elf/lib\libc.a(lib_a-callocr.o)
 .data          0x0084b860        0x0 c:/altera/13.0sp1/nios2eds/bin/gnu/h-i686-mingw32/bin/../lib/gcc/nios2-elf/4.1.2/../../../../nios2-elf/lib\libc.a(lib_a-closer.o)
 .data          0x0084b860        0x0 c:/altera/13.0sp1/nios2eds/bin/gnu/h-i686-mingw32/bin/../lib/gcc/nios2-elf/4.1.2/../../../../nios2-elf/lib\libc.a(lib_a-fclose.o)
 .data          0x0084b860        0x0 c:/altera/13.0sp1/nios2eds/bin/gnu/h-i686-mingw32/bin/../lib/gcc/nios2-elf/4.1.2/../../../../nios2-elf/lib\libc.a(lib_a-fstatr.o)
 .data          0x0084b860        0x0 c:/altera/13.0sp1/nios2eds/bin/gnu/h-i686-mingw32/bin/../lib/gcc/nios2-elf/4.1.2/../../../../nios2-elf/lib\libc.a(lib_a-int_errno.o)
 .data          0x0084b860        0x0 c:/altera/13.0sp1/nios2eds/bin/gnu/h-i686-mingw32/bin/../lib/gcc/nios2-elf/4.1.2/../../../../nios2-elf/lib\libc.a(lib_a-isattyr.o)
 .data          0x0084b860        0x0 c:/altera/13.0sp1/nios2eds/bin/gnu/h-i686-mingw32/bin/../lib/gcc/nios2-elf/4.1.2/../../../../nios2-elf/lib\libc.a(lib_a-lseekr.o)
 .data          0x0084b860        0x0 c:/altera/13.0sp1/nios2eds/bin/gnu/h-i686-mingw32/bin/../lib/gcc/nios2-elf/4.1.2/../../../../nios2-elf/lib\libc.a(lib_a-readr.o)