Archive member included because of file (symbol)

c:/altera/13.0sp1/nios2eds/bin/gnu/h-i686-mingw32/bin/../lib/gcc/nios2-elf/4.1.2/../../../../nios2-elf/lib\libsmallc.a(lib_a-puts.o)
                              obj/default/hello_world.o (puts)
c:/altera/13.0sp1/nios2eds/bin/gnu/h-i686-mingw32/bin/../lib/gcc/nios2-elf/4.1.2/../../../../nios2-elf/lib\libsmallc.a(lib_a-strlen.o)
                              c:/altera/13.0sp1/nios2eds/bin/gnu/h-i686-mingw32/bin/../lib/gcc/nios2-elf/4.1.2/../../../../nios2-elf/lib\libsmallc.a(lib_a-puts.o) (strlen)
c:/altera/13.0sp1/nios2eds/bin/gnu/h-i686-mingw32/bin/../lib/gcc/nios2-elf/4.1.2/../../../../nios2-elf/lib\libsmallc.a(lib_a-fvwrite_small_dev.o)
                              c:/altera/13.0sp1/nios2eds/bin/gnu/h-i686-mingw32/bin/../lib/gcc/nios2-elf/4.1.2/../../../../nios2-elf/lib\libsmallc.a(lib_a-puts.o) (__sfvwrite_small_dev)
c:/altera/13.0sp1/nios2eds/bin/gnu/h-i686-mingw32/bin/../lib/gcc/nios2-elf/4.1.2/../../../../nios2-elf/lib\libsmallc.a(lib_a-impure.o)
                              c:/altera/13.0sp1/nios2eds/bin/gnu/h-i686-mingw32/bin/../lib/gcc/nios2-elf/4.1.2/../../../../nios2-elf/lib\libsmallc.a(lib_a-puts.o) (_impure_ptr)
c:/altera/13.0sp1/nios2eds/bin/gnu/h-i686-mingw32/bin/../lib/gcc/nios2-elf/4.1.2/../../../../nios2-elf/lib\libsmallc.a(lib_a-writer.o)
                              c:/altera/13.0sp1/nios2eds/bin/gnu/h-i686-mingw32/bin/../lib/gcc/nios2-elf/4.1.2/../../../../nios2-elf/lib\libsmallc.a(lib_a-fvwrite_small_dev.o) (_write_r)
c:/altera/13.0sp1/nios2eds/bin/gnu/h-i686-mingw32/bin/../lib/gcc/nios2-elf/4.1.2/../../../../nios2-elf/lib\libsmallc.a(lib_a-int_errno.o)
                              c:/altera/13.0sp1/nios2eds/bin/gnu/h-i686-mingw32/bin/../lib/gcc/nios2-elf/4.1.2/../../../../nios2-elf/lib\libsmallc.a(lib_a-writer.o) (errno)
../teste1_bsp/\libhal_bsp.a(alt_main.o)
                              ../teste1_bsp//obj/HAL/src/crt0.o (alt_main)
../teste1_bsp/\libhal_bsp.a(alt_write.o)
                              c:/altera/13.0sp1/nios2eds/bin/gnu/h-i686-mingw32/bin/../lib/gcc/nios2-elf/4.1.2/../../../../nios2-elf/lib\libsmallc.a(lib_a-writer.o) (write)
../teste1_bsp/\libhal_bsp.a(alt_sys_init.o)
                              ../teste1_bsp/\libhal_bsp.a(alt_write.o) (jtag_uart_0)
../teste1_bsp/\libhal_bsp.a(altera_avalon_jtag_uart_write.o)
                              ../teste1_bsp/\libhal_bsp.a(alt_write.o) (altera_avalon_jtag_uart_write)
../teste1_bsp/\libhal_bsp.a(altera_avalon_timer_sc.o)
                              ../teste1_bsp/\libhal_bsp.a(alt_sys_init.o) (alt_avalon_timer_sc_init)
../teste1_bsp/\libhal_bsp.a(alt_do_ctors.o)
                              ../teste1_bsp/\libhal_bsp.a(alt_main.o) (_do_ctors)
../teste1_bsp/\libhal_bsp.a(alt_errno.o)
                              ../teste1_bsp/\libhal_bsp.a(alt_write.o) (alt_errno)
../teste1_bsp/\libhal_bsp.a(alt_iic.o)
                              ../teste1_bsp/\libhal_bsp.a(altera_avalon_timer_sc.o) (alt_ic_isr_register)
../teste1_bsp/\libhal_bsp.a(alt_iic_isr_register.o)
                              ../teste1_bsp/\libhal_bsp.a(alt_iic.o) (alt_iic_isr_register)
../teste1_bsp/\libhal_bsp.a(alt_irq_entry.o)
                              ../teste1_bsp/\libhal_bsp.a(alt_iic_isr_register.o) (alt_irq_entry)
../teste1_bsp/\libhal_bsp.a(alt_irq_handler.o)
                              ../teste1_bsp/\libhal_bsp.a(alt_iic_isr_register.o) (alt_irq_handler)
../teste1_bsp/\libhal_bsp.a(alt_irq_vars.o)
                              ../teste1_bsp/\libhal_bsp.a(alt_iic.o) (alt_irq_active)
../teste1_bsp/\libhal_bsp.a(alt_tick.o)
                              ../teste1_bsp/\libhal_bsp.a(altera_avalon_timer_sc.o) (_alt_tick_rate)
../teste1_bsp/\libhal_bsp.a(altera_nios2_qsys_irq.o)
                              ../teste1_bsp/\libhal_bsp.a(alt_sys_init.o) (altera_nios2_qsys_irq_init)
../teste1_bsp/\libhal_bsp.a(alt_exception_entry.o)
                              ../teste1_bsp/\libhal_bsp.a(alt_irq_entry.o) (alt_exception)

Allocating common symbols
Common symbol       size              file

alt_irq             0x100             ../teste1_bsp/\libhal_bsp.a(alt_irq_handler.o)
errno               0x4               c:/altera/13.0sp1/nios2eds/bin/gnu/h-i686-mingw32/bin/../lib/gcc/nios2-elf/4.1.2/../../../../nios2-elf/lib\libsmallc.a(lib_a-int_errno.o)

Memory Configuration

Name             Origin             Length             Attributes
sdram_0_BEFORE_EXCEPTION 0x00800000         0x00000020
sdram_0          0x00800020         0x007fffe0
reset            0x01400000         0x00000020
cfi_flash_0      0x01400020         0x003fffe0
sram_0           0x01a00000         0x00080000
epcs_controller  0x01a81800         0x00000800
*default*        0x00000000         0xffffffff

Linker script and memory map

LOAD ../teste1_bsp//obj/HAL/src/crt0.o
LOAD obj/default/hello_world.o
LOAD c:/altera/13.0sp1/nios2eds/bin/gnu/h-i686-mingw32/bin/../lib/gcc/nios2-elf/4.1.2/../../../../nios2-elf/lib\libstdc++.a
LOAD c:/altera/13.0sp1/nios2eds/bin/gnu/h-i686-mingw32/bin/../lib/gcc/nios2-elf/4.1.2/../../../../nios2-elf/lib\libm.a
LOAD c:/altera/13.0sp1/nios2eds/bin/gnu/h-i686-mingw32/bin/../lib/gcc/nios2-elf/4.1.2\libgcc.a
START GROUP
LOAD c:/altera/13.0sp1/nios2eds/bin/gnu/h-i686-mingw32/bin/../lib/gcc/nios2-elf/4.1.2/../../../../nios2-elf/lib\libsmallc.a
LOAD c:/altera/13.0sp1/nios2eds/bin/gnu/h-i686-mingw32/bin/../lib/gcc/nios2-elf/4.1.2\libgcc.a
LOAD ../teste1_bsp/\libhal_bsp.a
END GROUP
LOAD c:/altera/13.0sp1/nios2eds/bin/gnu/h-i686-mingw32/bin/../lib/gcc/nios2-elf/4.1.2\libgcc.a
                0x00800000                __alt_mem_sdram_0 = 0x800000
                0x01400000                __alt_mem_cfi_flash_0 = 0x1400000
                0x01a00000                __alt_mem_sram_0 = 0x1a00000
                0x01a81800                __alt_mem_epcs_controller = 0x1a81800

.entry          0x01400000        0x0
 *(.entry)
 .entry         0x01400000        0x0 ../teste1_bsp//obj/HAL/src/crt0.o
                0x01400000                _exit
                0x01400000                __reset

.exceptions     0x00800020      0x194
                0x00800020                PROVIDE (__ram_exceptions_start, ABSOLUTE (.))
                0x00800020                . = ALIGN (0x20)
 *(.irq)
 *(.exceptions.entry.label)
 .exceptions.entry.label
                0x00800020        0x0 ../teste1_bsp/\libhal_bsp.a(alt_irq_entry.o)
                0x00800020                alt_irq_entry
 .exceptions.entry.label
                0x00800020        0x0 ../teste1_bsp/\libhal_bsp.a(alt_exception_entry.o)
                0x00800020                alt_exception
 *(.exceptions.entry.user)
 *(.exceptions.entry)
 .exceptions.entry
                0x00800020       0x54 ../teste1_bsp/\libhal_bsp.a(alt_exception_entry.o)
 *(.exceptions.irqtest.user)
 *(.exceptions.irqtest)
 .exceptions.irqtest
                0x00800074       0x10 ../teste1_bsp/\libhal_bsp.a(alt_irq_entry.o)
 *(.exceptions.irqhandler.user)
 *(.exceptions.irqhandler)
 .exceptions.irqhandler
                0x00800084        0x4 ../teste1_bsp/\libhal_bsp.a(alt_irq_entry.o)
 *(.exceptions.irqreturn.user)
 *(.exceptions.irqreturn)
 .exceptions.irqreturn
                0x00800088        0x4 ../teste1_bsp/\libhal_bsp.a(alt_irq_entry.o)
 *(.exceptions.notirq.label)
 .exceptions.notirq.label
                0x0080008c        0x0 ../teste1_bsp/\libhal_bsp.a(alt_irq_entry.o)
 *(.exceptions.notirq.user)
 *(.exceptions.notirq)
 .exceptions.notirq
                0x0080008c        0x8 ../teste1_bsp/\libhal_bsp.a(alt_exception_entry.o)
 *(.exceptions.soft.user)
 *(.exceptions.soft)
 *(.exceptions.unknown.user)
 *(.exceptions.unknown)
 .exceptions.unknown
                0x00800094        0x4 ../teste1_bsp/\libhal_bsp.a(alt_exception_entry.o)
 *(.exceptions.exit.label)
 .exceptions.exit.label
                0x00800098        0x0 ../teste1_bsp/\libhal_bsp.a(alt_irq_entry.o)
 .exceptions.exit.label
                0x00800098        0x0 ../teste1_bsp/\libhal_bsp.a(alt_exception_entry.o)
 *(.exceptions.exit.user)
 *(.exceptions.exit)
 .exceptions.exit
                0x00800098       0x54 ../teste1_bsp/\libhal_bsp.a(alt_exception_entry.o)
 *(.exceptions)
 .exceptions    0x008000ec       0xc8 ../teste1_bsp/\libhal_bsp.a(alt_irq_handler.o)
                0x008000ec                alt_irq_handler
                0x008001b4                PROVIDE (__ram_exceptions_end, ABSOLUTE (.))
                0x00800020                PROVIDE (__flash_exceptions_start, LOADADDR (.exceptions))

.text           0x008001b4      0xad0
                0x008001b4                PROVIDE (stext, ABSOLUTE (.))
 *(.interp)
 *(.hash)
 *(.dynsym)
 *(.dynstr)
 *(.gnu.version)
 *(.gnu.version_d)
 *(.gnu.version_r)
 *(.rel.init)
 *(.rela.init)
 *(.rel.text .rel.text.* .rel.gnu.linkonce.t.*)
 *(.rela.text .rela.text.* .rela.gnu.linkonce.t.*)
 *(.rel.fini)
 *(.rela.fini)
 *(.rel.rodata .rel.rodata.* .rel.gnu.linkonce.r.*)
 *(.rela.rodata .rela.rodata.* .rela.gnu.linkonce.r.*)
 *(.rel.data .rel.data.* .rel.gnu.linkonce.d.*)
 *(.rela.data .rela.data.* .rela.gnu.linkonce.d.*)
 *(.rel.tdata .rel.tdata.* .rel.gnu.linkonce.td.*)
 *(.rela.tdata .rela.tdata.* .rela.gnu.linkonce.td.*)
 *(.rel.tbss .rel.tbss.* .rel.gnu.linkonce.tb.*)
 *(.rela.tbss .rela.tbss.* .rela.gnu.linkonce.tb.*)
 *(.rel.ctors)
 *(.rela.ctors)
 *(.rel.dtors)
 *(.rela.dtors)
 *(.rel.got)
 *(.rela.got)
 *(.rel.sdata .rel.sdata.* .rel.gnu.linkonce.s.*)
 *(.rela.sdata .rela.sdata.* .rela.gnu.linkonce.s.*)
 *(.rel.sbss .rel.sbss.* .rel.gnu.linkonce.sb.*)
 *(.rela.sbss .rela.sbss.* .rela.gnu.linkonce.sb.*)
 *(.rel.sdata2 .rel.sdata2.* .rel.gnu.linkonce.s2.*)
 *(.rela.sdata2 .rela.sdata2.* .rela.gnu.linkonce.s2.*)
 *(.rel.sbss2 .rel.sbss2.* .rel.gnu.linkonce.sb2.*)
 *(.rela.sbss2 .rela.sbss2.* .rela.gnu.linkonce.sb2.*)
 *(.rel.bss .rel.bss.* .rel.gnu.linkonce.b.*)
 *(.rela.bss .rela.bss.* .rela.gnu.linkonce.b.*)
 *(.rel.plt)
 *(.rela.plt)
 *(.rel.dyn)
 *(.init)
 *(.plt)
 *(.text .stub .text.* .gnu.linkonce.t.*)
 .text          0x008001b4       0x48 ../teste1_bsp//obj/HAL/src/crt0.o
                0x008001b4                _start
 .text          0x008001fc       0x34 obj/default/hello_world.o
                0x008001fc                main
 .text          0x00800230       0xa4 c:/altera/13.0sp1/nios2eds/bin/gnu/h-i686-mingw32/bin/../lib/gcc/nios2-elf/4.1.2/../../../../nios2-elf/lib\libsmallc.a(lib_a-puts.o)
                0x00800230                _puts_r
                0x008002c0                puts
 .text          0x008002d4       0x20 c:/altera/13.0sp1/nios2eds/bin/gnu/h-i686-mingw32/bin/../lib/gcc/nios2-elf/4.1.2/../../../../nios2-elf/lib\libsmallc.a(lib_a-strlen.o)
                0x008002d4                strlen
 .text          0x008002f4       0xbc c:/altera/13.0sp1/nios2eds/bin/gnu/h-i686-mingw32/bin/../lib/gcc/nios2-elf/4.1.2/../../../../nios2-elf/lib\libsmallc.a(lib_a-fvwrite_small_dev.o)
                0x008002f4                __sfvwrite_small_dev
 .text          0x008003b0        0x0 c:/altera/13.0sp1/nios2eds/bin/gnu/h-i686-mingw32/bin/../lib/gcc/nios2-elf/4.1.2/../../../../nios2-elf/lib\libsmallc.a(lib_a-impure.o)
 .text          0x008003b0       0x78 c:/altera/13.0sp1/nios2eds/bin/gnu/h-i686-mingw32/bin/../lib/gcc/nios2-elf/4.1.2/../../../../nios2-elf/lib\libsmallc.a(lib_a-writer.o)
                0x008003b0                _write_r
 .text          0x00800428        0x0 c:/altera/13.0sp1/nios2eds/bin/gnu/h-i686-mingw32/bin/../lib/gcc/nios2-elf/4.1.2/../../../../nios2-elf/lib\libsmallc.a(lib_a-int_errno.o)
 .text          0x00800428       0x44 ../teste1_bsp/\libhal_bsp.a(alt_main.o)
                0x00800428                alt_main
 .text          0x0080046c      0x110 ../teste1_bsp/\libhal_bsp.a(alt_write.o)
                0x0080046c                write
 .text          0x0080057c       0x70 ../teste1_bsp/\libhal_bsp.a(alt_sys_init.o)
                0x0080057c                alt_irq_init
                0x008005b0                alt_sys_init
 .text          0x008005ec       0xa4 ../teste1_bsp/\libhal_bsp.a(altera_avalon_jtag_uart_write.o)
                0x008005ec                altera_avalon_jtag_uart_write
 .text          0x00800690      0x100 ../teste1_bsp/\libhal_bsp.a(altera_avalon_timer_sc.o)
                0x00800700                alt_avalon_timer_sc_init
 .text          0x00800790       0x64 ../teste1_bsp/\libhal_bsp.a(alt_do_ctors.o)
                0x00800790                _do_ctors
 .text          0x008007f4        0x0 ../teste1_bsp/\libhal_bsp.a(alt_errno.o)
 .text          0x008007f4      0x1d4 ../teste1_bsp/\libhal_bsp.a(alt_iic.o)
                0x008007f4                alt_ic_isr_register
                0x00800844                alt_ic_irq_enable
                0x008008e0                alt_ic_irq_disable
                0x00800980                alt_ic_irq_enabled
 .text          0x008009c8       0xf8 ../teste1_bsp/\libhal_bsp.a(alt_iic_isr_register.o)
                0x008009c8                alt_iic_isr_register
 .text          0x00800ac0        0x0 ../teste1_bsp/\libhal_bsp.a(alt_irq_entry.o)
 .text          0x00800ac0        0x0 ../teste1_bsp/\libhal_bsp.a(alt_irq_handler.o)
 .text          0x00800ac0        0x0 ../teste1_bsp/\libhal_bsp.a(alt_irq_vars.o)
 .text          0x00800ac0      0x1a4 ../teste1_bsp/\libhal_bsp.a(alt_tick.o)
                0x00800ac0                alt_alarm_stop
                0x00800b58                alt_tick
 .text          0x00800c64       0x20 ../teste1_bsp/\libhal_bsp.a(altera_nios2_qsys_irq.o)
                0x00800c64                altera_nios2_qsys_irq_init
 .text          0x00800c84        0x0 ../teste1_bsp/\libhal_bsp.a(alt_exception_entry.o)
 *(.gnu.warning.*)
 *(.fini)
                0x00800c84                PROVIDE (__etext, ABSOLUTE (.))
                0x00800c84                PROVIDE (_etext, ABSOLUTE (.))
                0x00800c84                PROVIDE (etext, ABSOLUTE (.))
 *(.eh_frame_hdr)
                0x00800c84                . = ALIGN (0x4)
                0x00800c84                PROVIDE (__preinit_array_start, ABSOLUTE (.))
 *(.preinit_array)
                0x00800c84                PROVIDE (__preinit_array_end, ABSOLUTE (.))
                0x00800c84                PROVIDE (__init_array_start, ABSOLUTE (.))
 *(.init_array)
                0x00800c84                PROVIDE (__init_array_end, ABSOLUTE (.))
                0x00800c84                PROVIDE (__fini_array_start, ABSOLUTE (.))
 *(.fini_array)
                0x00800c84                PROVIDE (__fini_array_end, ABSOLUTE (.))
 *(.eh_frame)
 *(.gcc_except_table)
 *(.dynamic)
                0x00800c84                PROVIDE (__CTOR_LIST__, ABSOLUTE (.))
 *(.ctors)
 *(SORT(.ctors.*))
                0x00800c84                PROVIDE (__CTOR_END__, ABSOLUTE (.))
                0x00800c84                PROVIDE (__DTOR_LIST__, ABSOLUTE (.))
 *(.dtors)
 *(SORT(.dtors.*))
                0x00800c84                PROVIDE (__DTOR_END__, ABSOLUTE (.))
 *(.jcr)
                0x00800c84                . = ALIGN (0x4)

.rodata         0x00800c84       0x18
                0x00800c84                PROVIDE (__ram_rodata_start, ABSOLUTE (.))
                0x00800c84                . = ALIGN (0x4)
 *(.rodata .rodata.* .gnu.linkonce.r.*)
 .rodata        0x00800c84       0x14 obj/default/hello_world.o
 .rodata.str1.4
                0x00800c98        0x4 c:/altera/13.0sp1/nios2eds/bin/gnu/h-i686-mingw32/bin/../lib/gcc/nios2-elf/4.1.2/../../../../nios2-elf/lib\libsmallc.a(lib_a-puts.o)
 *(.rodata1)
                0x00800c9c                . = ALIGN (0x4)
                0x00800c9c                PROVIDE (__ram_rodata_end, ABSOLUTE (.))
                0x00800c84                PROVIDE (__flash_rodata_start, LOADADDR (.rodata))

.rwdata         0x00800c9c      0x100
                0x00800c9c                PROVIDE (__ram_rwdata_start, ABSOLUTE (.))
                0x00800c9c                . = ALIGN (0x4)
 *(.got.plt)
 *(.got)
 *(.data1)
 *(.data .data.* .gnu.linkonce.d.*)
 .data          0x00800c9c        0x0 ../teste1_bsp//obj/HAL/src/crt0.o
 .data          0x00800c9c        0x0 obj/default/hello_world.o
 .data          0x00800c9c        0x0 c:/altera/13.0sp1/nios2eds/bin/gnu/h-i686-mingw32/bin/../lib/gcc/nios2-elf/4.1.2/../../../../nios2-elf/lib\libsmallc.a(lib_a-puts.o)
 .data          0x00800c9c        0x0 c:/altera/13.0sp1/nios2eds/bin/gnu/h-i686-mingw32/bin/../lib/gcc/nios2-elf/4.1.2/../../../../nios2-elf/lib\libsmallc.a(lib_a-strlen.o)
 .data          0x00800c9c        0x0 c:/altera/13.0sp1/nios2eds/bin/gnu/h-i686-mingw32/bin/../lib/gcc/nios2-elf/4.1.2/../../../../nios2-elf/lib\libsmallc.a(lib_a-fvwrite_small_dev.o)
 .data          0x00800c9c       0xe0 c:/altera/13.0sp1/nios2eds/bin/gnu/h-i686-mingw32/bin/../lib/gcc/nios2-elf/4.1.2/../../../../nios2-elf/lib\libsmallc.a(lib_a-impure.o)
 .data          0x00800d7c        0x0 c:/altera/13.0sp1/nios2eds/bin/gnu/h-i686-mingw32/bin/../lib/gcc/nios2-elf/4.1.2/../../../../nios2-elf/lib\libsmallc.a(lib_a-writer.o)
 .data          0x00800d7c        0x0 c:/altera/13.0sp1/nios2eds/bin/gnu/h-i686-mingw32/bin/../lib/gcc/nios2-elf/4.1.2/../../../../nios2-elf/lib\libsmallc.a(lib_a-int_errno.o)
 .data          0x00800d7c        0x0 ../teste1_bsp/\libhal_bsp.a(alt_main.o)
 .data          0x00800d7c        0x0 ../teste1_bsp/\libhal_bsp.a(alt_write.o)
 .data          0x00800d7c        0x0 ../teste1_bsp/\libhal_bsp.a(alt_sys_init.o)
 .data          0x00800d7c        0x0 ../teste1_bsp/\libhal_bsp.a(altera_avalon_jtag_uart_write.o)
 .data          0x00800d7c        0x0 ../teste1_bsp/\libhal_bsp.a(altera_avalon_timer_sc.o)
 .data          0x00800d7c        0x0 ../teste1_bsp/\libhal_bsp.a(alt_do_ctors.o)
 .data          0x00800d7c        0x0 ../teste1_bsp/\libhal_bsp.a(alt_errno.o)
 .data          0x00800d7c        0x0 ../teste1_bsp/\libhal_bsp.a(alt_iic.o)
 .data          0x00800d7c        0x0 ../teste1_bsp/\libhal_bsp.a(alt_iic_isr_register.o)
 .data          0x00800d7c        0x0 ../teste1_bsp/\libhal_bsp.a(alt_irq_entry.o)
 .data          0x00800d7c        0x0 ../teste1_bsp/\libhal_bsp.a(alt_irq_handler.o)
 .data          0x00800d7c        0x0 ../teste1_bsp/\libhal_bsp.a(alt_irq_vars.o)
 .data          0x00800d7c        0x0 ../teste1_bsp/\libhal_bsp.a(alt_tick.o)
 .data          0x00800d7c        0x0 ../teste1_bsp/\libhal_bsp.a(altera_nios2_qsys_irq.o)
 .data          0x00800d7c        0x0 ../teste1_bsp/\libhal_bsp.a(alt_exception_entry.o)
                0x00808d7c                _gp = ABSOLUTE ((. + 0x8000))
                0x00808d7c                PROVIDE (gp, _gp)
 *(.rwdata .rwdata.*)
 *(.sdata .sdata.* .gnu.linkonce.s.*)
 .sdata         0x00800d7c        0x8 c:/altera/13.0sp1/nios2eds/bin/gnu/h-i686-mingw32/bin/../lib/gcc/nios2-elf/4.1.2/../../../../nios2-elf/lib\libsmallc.a(lib_a-impure.o)
                0x00800d7c                _impure_ptr
                0x00800d80                _global_impure_ptr
 .sdata         0x00800d84        0x8 ../teste1_bsp/\libhal_bsp.a(alt_sys_init.o)
                0x00800d84                jtag_uart_0
                0x00800d88                uart_0
 .sdata         0x00800d8c        0x4 ../teste1_bsp/\libhal_bsp.a(alt_errno.o)
                0x00800d8c                alt_errno
 .sdata         0x00800d90        0x4 ../teste1_bsp/\libhal_bsp.a(alt_irq_vars.o)
                0x00800d90                alt_priority_mask
 .sdata         0x00800d94        0x8 ../teste1_bsp/\libhal_bsp.a(alt_tick.o)
                0x00800d94                alt_alarm_list
 *(.sdata2 .sdata2.* .gnu.linkonce.s2.*)
                0x00800d9c                . = ALIGN (0x4)
                0x00800d9c                _edata = ABSOLUTE (.)
                0x00800d9c                PROVIDE (edata, ABSOLUTE (.))
                0x00800d9c                PROVIDE (__ram_rwdata_end, ABSOLUTE (.))
                0x00800c9c                PROVIDE (__flash_rwdata_start, LOADADDR (.rwdata))

.bss            0x00800d9c      0x11c
                0x00800d9c                __bss_start = ABSOLUTE (.)
                0x00800d9c                PROVIDE (__sbss_start, ABSOLUTE (.))
                0x00800d9c                PROVIDE (___sbss_start, ABSOLUTE (.))
 *(.dynsbss)
 *(.sbss .sbss.* .gnu.linkonce.sb.*)
 .sbss          0x00800d9c        0x4 c:/altera/13.0sp1/nios2eds/bin/gnu/h-i686-mingw32/bin/../lib/gcc/nios2-elf/4.1.2/../../../../nios2-elf/lib\libsmallc.a(lib_a-int_errno.o)
                0x00800d9c                errno
 .sbss          0x00800da0        0xc ../teste1_bsp/\libhal_bsp.a(alt_main.o)
                0x00800da0                alt_argc
                0x00800da4                alt_argv
                0x00800da8                alt_envp
 .sbss          0x00800dac        0x4 ../teste1_bsp/\libhal_bsp.a(alt_irq_vars.o)
                0x00800dac                alt_irq_active
 .sbss          0x00800db0        0x8 ../teste1_bsp/\libhal_bsp.a(alt_tick.o)
                0x00800db0                _alt_tick_rate
                0x00800db4                _alt_nticks
 *(.sbss2 .sbss2.* .gnu.linkonce.sb2.*)
 *(.scommon)
                0x00800db8                PROVIDE (__sbss_end, ABSOLUTE (.))
                0x00800db8                PROVIDE (___sbss_end, ABSOLUTE (.))
 *(.dynbss)
 *(.bss .bss.* .gnu.linkonce.b.*)
 .bss           0x00800db8        0x0 ../teste1_bsp//obj/HAL/src/crt0.o
 .bss           0x00800db8        0x0 obj/default/hello_world.o
 .bss           0x00800db8        0x0 c:/altera/13.0sp1/nios2eds/bin/gnu/h-i686-mingw32/bin/../lib/gcc/nios2-elf/4.1.2/../../../../nios2-elf/lib\libsmallc.a(lib_a-puts.o)
 .bss           0x00800db8        0x0 c:/altera/13.0sp1/nios2eds/bin/gnu/h-i686-mingw32/bin/../lib/gcc/nios2-elf/4.1.2/../../../../nios2-elf/lib\libsmallc.a(lib_a-strlen.o)
 .bss           0x00800db8        0x0 c:/altera/13.0sp1/nios2eds/bin/gnu/h-i686-mingw32/bin/../lib/gcc/nios2-elf/4.1.2/../../../../nios2-elf/lib\libsmallc.a(lib_a-fvwrite_small_dev.o)
 .bss           0x00800db8        0x0 c:/altera/13.0sp1/nios2eds/bin/gnu/h-i686-mingw32/bin/../lib/gcc/nios2-elf/4.1.2/../../../../nios2-elf/lib\libsmallc.a(lib_a-impure.o)
 .bss           0x00800db8        0x0 c:/altera/13.0sp1/nios2eds/bin/gnu/h-i686-mingw32/bin/../lib/gcc/nios2-elf/4.1.2/../../../../nios2-elf/lib\libsmallc.a(lib_a-writer.o)
 .bss           0x00800db8        0x0 c:/altera/13.0sp1/nios2eds/bin/gnu/h-i686-mingw32/bin/../lib/gcc/nios2-elf/4.1.2/../../../../nios2-elf/lib\libsmallc.a(lib_a-int_errno.o)
 .bss           0x00800db8        0x0 ../teste1_bsp/\libhal_bsp.a(alt_main.o)
 .bss           0x00800db8        0x0 ../teste1_bsp/\libhal_bsp.a(alt_write.o)
 .bss           0x00800db8        0x0 ../teste1_bsp/\libhal_bsp.a(alt_sys_init.o)
 .bss           0x00800db8        0x0 ../teste1_bsp/\libhal_bsp.a(altera_avalon_jtag_uart_write.o)
 .bss           0x00800db8        0x0 ../teste1_bsp/\libhal_bsp.a(altera_avalon_timer_sc.o)
 .bss           0x00800db8        0x0 ../teste1_bsp/\libhal_bsp.a(alt_do_ctors.o)
 .bss           0x00800db8        0x0 ../teste1_bsp/\libhal_bsp.a(alt_errno.o)
 .bss           0x00800db8        0x0 ../teste1_bsp/\libhal_bsp.a(alt_iic.o)
 .bss           0x00800db8        0x0 ../teste1_bsp/\libhal_bsp.a(alt_iic_isr_register.o)
 .bss           0x00800db8        0x0 ../teste1_bsp/\libhal_bsp.a(alt_irq_entry.o)
 .bss           0x00800db8        0x0 ../teste1_bsp/\libhal_bsp.a(alt_irq_handler.o)
 .bss           0x00800db8        0x0 ../teste1_bsp/\libhal_bsp.a(alt_irq_vars.o)
 .bss           0x00800db8        0x0 ../teste1_bsp/\libhal_bsp.a(alt_tick.o)
 .bss           0x00800db8        0x0 ../teste1_bsp/\libhal_bsp.a(altera_nios2_qsys_irq.o)
 .bss           0x00800db8        0x0 ../teste1_bsp/\libhal_bsp.a(alt_exception_entry.o)
 *(COMMON)
 COMMON         0x00800db8      0x100 ../teste1_bsp/\libhal_bsp.a(alt_irq_handler.o)
                0x00800db8                alt_irq
                0x00800eb8                . = ALIGN (0x4)
                0x00800eb8                __bss_end = ABSOLUTE (.)

.sdram_0        0x00800eb8        0x0
                0x00800eb8                PROVIDE (_alt_partition_sdram_0_start, ABSOLUTE (.))
 *(.sdram_0. sdram_0.*)
                0x00800eb8                . = ALIGN (0x4)
                0x00800eb8                PROVIDE (_alt_partition_sdram_0_end, ABSOLUTE (.))
                0x00800eb8                _end = ABSOLUTE (.)
                0x00800eb8                end = ABSOLUTE (.)
                0x00800eb8                __alt_stack_base = ABSOLUTE (.)
                0x00800eb8                PROVIDE (_alt_partition_sdram_0_load_addr, LOADADDR (.sdram_0))

.cfi_flash_0    0x01400020        0x0
                0x01400020                PROVIDE (_alt_partition_cfi_flash_0_start, ABSOLUTE (.))
 *(.cfi_flash_0. cfi_flash_0.*)
                0x01400020                . = ALIGN (0x4)
                0x01400020                PROVIDE (_alt_partition_cfi_flash_0_end, ABSOLUTE (.))
                0x01400020                PROVIDE (_alt_partition_cfi_flash_0_load_addr, LOADADDR (.cfi_flash_0))

.sram_0         0x01a00000        0x0
                0x01a00000                PROVIDE (_alt_partition_sram_0_start, ABSOLUTE (.))
 *(.sram_0. sram_0.*)
                0x01a00000                . = ALIGN (0x4)
                0x01a00000                PROVIDE (_alt_partition_sram_0_end, ABSOLUTE (.))
                0x01a00000                PROVIDE (_alt_partition_sram_0_load_addr, LOADADDR (.sram_0))

.epcs_controller
                0x01a81800        0x0
                0x01a81800                PROVIDE (_alt_partition_epcs_controller_start, ABSOLUTE (.))
 *(.epcs_controller. epcs_controller.*)
                0x01a81800                . = ALIGN (0x4)
                0x01a81800                PROVIDE (_alt_partition_epcs_controller_end, ABSOLUTE (.))
                0x01a81800                PROVIDE (_alt_partition_epcs_controller_load_addr, LOADADDR (.epcs_controller))

.stab
 *(.stab)

.stabstr
 *(.stabstr)

.stab.excl
 *(.stab.excl)

.stab.exclstr
 *(.stab.exclstr)

.stab.index
 *(.stab.index)

.stab.indexstr
 *(.stab.indexstr)

.comment        0x00000000       0x26
 *(.comment)
 .comment       0x00000000       0x26 obj/default/hello_world.o
                                 0x27 (size before relaxing)
 .comment       0x00000000       0x27 c:/altera/13.0sp1/nios2eds/bin/gnu/h-i686-mingw32/bin/../lib/gcc/nios2-elf/4.1.2/../../../../nios2-elf/lib\libsmallc.a(lib_a-puts.o)
 .comment       0x00000000       0x27 c:/altera/13.0sp1/nios2eds/bin/gnu/h-i686-mingw32/bin/../lib/gcc/nios2-elf/4.1.2/../../../../nios2-elf/lib\libsmallc.a(lib_a-strlen.o)
 .comment       0x00000000       0x27 c:/altera/13.0sp1/nios2eds/bin/gnu/h-i686-mingw32/bin/../lib/gcc/nios2-elf/4.1.2/../../../../nios2-elf/lib\libsmallc.a(lib_a-fvwrite_small_dev.o)
 .comment       0x00000000       0x27 c:/altera/13.0sp1/nios2eds/bin/gnu/h-i686-mingw32/bin/../lib/gcc/nios2-elf/4.1.2/../../../../nios2-elf/lib\libsmallc.a(lib_a-impure.o)
 .comment       0x00000000       0x27 c:/altera/13.0sp1/nios2eds/bin/gnu/h-i686-mingw32/bin/../lib/gcc/nios2-elf/4.1.2/../../../../nios2-elf/lib\libsmallc.a(lib_a-writer.o)
 .comment       0x00000000       0x27 c:/altera/13.0sp1/nios2eds/bin/gnu/h-i686-mingw32/bin/../lib/gcc/nios2-elf/4.1.2/../../../../nios2-elf/lib\libsmallc.a(lib_a-int_errno.o)
 .comment       0x00000000       0x27 ../teste1_bsp/\libhal_bsp.a(alt_main.o)
 .comment       0x00000000       0x27 ../teste1_bsp/\libhal_bsp.a(alt_write.o)
 .comment       0x00000000       0x27 ../teste1_bsp/\libhal_bsp.a(alt_sys_init.o)
 .comment       0x00000000       0x27 ../teste1_bsp/\libhal_bsp.a(altera_avalon_jtag_uart_write.o)
 .comment       0x00000000       0x27 ../teste1_bsp/\libhal_bsp.a(altera_avalon_timer_sc.o)
 .comment       0x00000000       0x27 ../teste1_bsp/\libhal_bsp.a(alt_do_ctors.o)
 .comment       0x00000000       0x27 ../teste1_bsp/\libhal_bsp.a(alt_errno.o)
 .comment       0x00000000       0x27 ../teste1_bsp/\libhal_bsp.a(alt_iic.o)
 .comment       0x00000000       0x27 ../teste1_bsp/\libhal_bsp.a(alt_iic_isr_register.o)
 .comment       0x00000000       0x27 ../teste1_bsp/\libhal_bsp.a(alt_irq_handler.o)
 .comment       0x00000000       0x27 ../teste1_bsp/\libhal_bsp.a(alt_irq_vars.o)
 .comment       0x00000000       0x27 ../teste1_bsp/\libhal_bsp.a(alt_tick.o)
 .comment       0x00000000       0x27 ../teste1_bsp/\libhal_bsp.a(altera_nios2_qsys_irq.o)

.debug
 *(.debug)

.line
 *(.line)

.debug_srcinfo
 *(.debug_srcinfo)

.debug_sfnames
 *(.debug_sfnames)

.debug_aranges  0x00000000      0x290
 *(.debug_aranges)
 .debug_aranges
                0x00000000       0x20 ../teste1_bsp//obj/HAL/src/crt0.o
 .debug_aranges
                0x00000020       0x20 obj/default/hello_world.o
 .debug_aranges
                0x00000040       0x20 c:/altera/13.0sp1/nios2eds/bin/gnu/h-i686-mingw32/bin/../lib/gcc/nios2-elf/4.1.2/../../../../nios2-elf/lib\libsmallc.a(lib_a-puts.o)
 .debug_aranges
                0x00000060       0x20 c:/altera/13.0sp1/nios2eds/bin/gnu/h-i686-mingw32/bin/../lib/gcc/nios2-elf/4.1.2/../../../../nios2-elf/lib\libsmallc.a(lib_a-strlen.o)
 .debug_aranges
                0x00000080       0x20 c:/altera/13.0sp1/nios2eds/bin/gnu/h-i686-mingw32/bin/../lib/gcc/nios2-elf/4.1.2/../../../../nios2-elf/lib\libsmallc.a(lib_a-fvwrite_small_dev.o)
 .debug_aranges
                0x000000a0       0x20 c:/altera/13.0sp1/nios2eds/bin/gnu/h-i686-mingw32/bin/../lib/gcc/nios2-elf/4.1.2/../../../../nios2-elf/lib\libsmallc.a(lib_a-writer.o)
 .debug_aranges
                0x000000c0       0x20 ../teste1_bsp/\libhal_bsp.a(alt_main.o)
 .debug_aranges
                0x000000e0       0x20 ../teste1_bsp/\libhal_bsp.a(alt_write.o)
 .debug_aranges
                0x00000100       0x20 ../teste1_bsp/\libhal_bsp.a(alt_sys_init.o)
 .debug_aranges
                0x00000120       0x20 ../teste1_bsp/\libhal_bsp.a(altera_avalon_jtag_uart_write.o)
 .debug_aranges
                0x00000140       0x20 ../teste1_bsp/\libhal_bsp.a(altera_avalon_timer_sc.o)
 .debug_aranges
                0x00000160       0x20 ../teste1_bsp/\libhal_bsp.a(alt_do_ctors.o)
 .debug_aranges
                0x00000180       0x20 ../teste1_bsp/\libhal_bsp.a(alt_iic.o)
 .debug_aranges
                0x000001a0       0x20 ../teste1_bsp/\libhal_bsp.a(alt_iic_isr_register.o)
 .debug_aranges
                0x000001c0       0x30 ../teste1_bsp/\libhal_bsp.a(alt_irq_entry.o)
 .debug_aranges
                0x000001f0       0x28 ../teste1_bsp/\libhal_bsp.a(alt_irq_handler.o)
 .debug_aranges
                0x00000218       0x20 ../teste1_bsp/\libhal_bsp.a(alt_tick.o)
 .debug_aranges
                0x00000238       0x20 ../teste1_bsp/\libhal_bsp.a(altera_nios2_qsys_irq.o)
 .debug_aranges
                0x00000258       0x38 ../teste1_bsp/\libhal_bsp.a(alt_exception_entry.o)

.debug_pubnames
                0x00000000      0x3f1
 *(.debug_pubnames)
 .debug_pubnames
                0x00000000       0x1b obj/default/hello_world.o
 .debug_pubnames
                0x0000001b       0x27 c:/altera/13.0sp1/nios2eds/bin/gnu/h-i686-mingw32/bin/../lib/gcc/nios2-elf/4.1.2/../../../../nios2-elf/lib\libsmallc.a(lib_a-puts.o)
 .debug_pubnames
                0x00000042       0x1d c:/altera/13.0sp1/nios2eds/bin/gnu/h-i686-mingw32/bin/../lib/gcc/nios2-elf/4.1.2/../../../../nios2-elf/lib\libsmallc.a(lib_a-strlen.o)
 .debug_pubnames
                0x0000005f       0x2b c:/altera/13.0sp1/nios2eds/bin/gnu/h-i686-mingw32/bin/../lib/gcc/nios2-elf/4.1.2/../../../../nios2-elf/lib\libsmallc.a(lib_a-fvwrite_small_dev.o)
 .debug_pubnames
                0x0000008a       0x39 c:/altera/13.0sp1/nios2eds/bin/gnu/h-i686-mingw32/bin/../lib/gcc/nios2-elf/4.1.2/../../../../nios2-elf/lib\libsmallc.a(lib_a-impure.o)
 .debug_pubnames
                0x000000c3       0x1f c:/altera/13.0sp1/nios2eds/bin/gnu/h-i686-mingw32/bin/../lib/gcc/nios2-elf/4.1.2/../../../../nios2-elf/lib\libsmallc.a(lib_a-writer.o)
 .debug_pubnames
                0x000000e2       0x1c c:/altera/13.0sp1/nios2eds/bin/gnu/h-i686-mingw32/bin/../lib/gcc/nios2-elf/4.1.2/../../../../nios2-elf/lib\libsmallc.a(lib_a-int_errno.o)
 .debug_pubnames
                0x000000fe       0x46 ../teste1_bsp/\libhal_bsp.a(alt_main.o)
 .debug_pubnames
                0x00000144       0x1c ../teste1_bsp/\libhal_bsp.a(alt_write.o)
 .debug_pubnames
                0x00000160       0x4f ../teste1_bsp/\libhal_bsp.a(alt_sys_init.o)
 .debug_pubnames
                0x000001af       0x34 ../teste1_bsp/\libhal_bsp.a(altera_avalon_jtag_uart_write.o)
 .debug_pubnames
                0x000001e3       0x2f ../teste1_bsp/\libhal_bsp.a(altera_avalon_timer_sc.o)
 .debug_pubnames
                0x00000212       0x20 ../teste1_bsp/\libhal_bsp.a(alt_do_ctors.o)
 .debug_pubnames
                0x00000232       0x20 ../teste1_bsp/\libhal_bsp.a(alt_errno.o)
 .debug_pubnames
                0x00000252       0x6e ../teste1_bsp/\libhal_bsp.a(alt_iic.o)
 .debug_pubnames
                0x000002c0       0x2b ../teste1_bsp/\libhal_bsp.a(alt_iic_isr_register.o)
 .debug_pubnames
                0x000002eb       0x32 ../teste1_bsp/\libhal_bsp.a(alt_irq_handler.o)
 .debug_pubnames
                0x0000031d       0x3b ../teste1_bsp/\libhal_bsp.a(alt_irq_vars.o)
 .debug_pubnames
                0x00000358       0x68 ../teste1_bsp/\libhal_bsp.a(alt_tick.o)
 .debug_pubnames
                0x000003c0       0x31 ../teste1_bsp/\libhal_bsp.a(altera_nios2_qsys_irq.o)

.debug_info     0x00000000     0x3d95
 *(.debug_info .gnu.linkonce.wi.*)
 .debug_info    0x00000000       0x5d ../teste1_bsp//obj/HAL/src/crt0.o
 .debug_info    0x0000005d      0x118 obj/default/hello_world.o
 .debug_info    0x00000175      0x685 c:/altera/13.0sp1/nios2eds/bin/gnu/h-i686-mingw32/bin/../lib/gcc/nios2-elf/4.1.2/../../../../nios2-elf/lib\libsmallc.a(lib_a-puts.o)
 .debug_info    0x000007fa       0xc2 c:/altera/13.0sp1/nios2eds/bin/gnu/h-i686-mingw32/bin/../lib/gcc/nios2-elf/4.1.2/../../../../nios2-elf/lib\libsmallc.a(lib_a-strlen.o)
 .debug_info    0x000008bc      0x68e c:/altera/13.0sp1/nios2eds/bin/gnu/h-i686-mingw32/bin/../lib/gcc/nios2-elf/4.1.2/../../../../nios2-elf/lib\libsmallc.a(lib_a-fvwrite_small_dev.o)
 .debug_info    0x00000f4a      0x636 c:/altera/13.0sp1/nios2eds/bin/gnu/h-i686-mingw32/bin/../lib/gcc/nios2-elf/4.1.2/../../../../nios2-elf/lib\libsmallc.a(lib_a-impure.o)
 .debug_info    0x00001580      0x68c c:/altera/13.0sp1/nios2eds/bin/gnu/h-i686-mingw32/bin/../lib/gcc/nios2-elf/4.1.2/../../../../nios2-elf/lib\libsmallc.a(lib_a-writer.o)
 .debug_info    0x00001c0c       0x8c c:/altera/13.0sp1/nios2eds/bin/gnu/h-i686-mingw32/bin/../lib/gcc/nios2-elf/4.1.2/../../../../nios2-elf/lib\libsmallc.a(lib_a-int_errno.o)
 .debug_info    0x00001c98      0x1ed ../teste1_bsp/\libhal_bsp.a(alt_main.o)
 .debug_info    0x00001e85      0x25a ../teste1_bsp/\libhal_bsp.a(alt_write.o)
 .debug_info    0x000020df      0x378 ../teste1_bsp/\libhal_bsp.a(alt_sys_init.o)
 .debug_info    0x00002457      0x2c4 ../teste1_bsp/\libhal_bsp.a(altera_avalon_jtag_uart_write.o)
 .debug_info    0x0000271b      0x369 ../teste1_bsp/\libhal_bsp.a(altera_avalon_timer_sc.o)
 .debug_info    0x00002a84       0xed ../teste1_bsp/\libhal_bsp.a(alt_do_ctors.o)
 .debug_info    0x00002b71      0x142 ../teste1_bsp/\libhal_bsp.a(alt_errno.o)
 .debug_info    0x00002cb3      0x471 ../teste1_bsp/\libhal_bsp.a(alt_iic.o)
 .debug_info    0x00003124      0x2f2 ../teste1_bsp/\libhal_bsp.a(alt_iic_isr_register.o)
 .debug_info    0x00003416       0x62 ../teste1_bsp/\libhal_bsp.a(alt_irq_entry.o)
 .debug_info    0x00003478      0x253 ../teste1_bsp/\libhal_bsp.a(alt_irq_handler.o)
 .debug_info    0x000036cb      0x145 ../teste1_bsp/\libhal_bsp.a(alt_irq_vars.o)
 .debug_info    0x00003810      0x3dc ../teste1_bsp/\libhal_bsp.a(alt_tick.o)
 .debug_info    0x00003bec      0x141 ../teste1_bsp/\libhal_bsp.a(altera_nios2_qsys_irq.o)
 .debug_info    0x00003d2d       0x68 ../teste1_bsp/\libhal_bsp.a(alt_exception_entry.o)

.debug_abbrev   0x00000000     0x1143
 *(.debug_abbrev)
 .debug_abbrev  0x00000000       0x14 ../teste1_bsp//obj/HAL/src/crt0.o
 .debug_abbrev  0x00000014       0x3f obj/default/hello_world.o
 .debug_abbrev  0x00000053      0x180 c:/altera/13.0sp1/nios2eds/bin/gnu/h-i686-mingw32/bin/../lib/gcc/nios2-elf/4.1.2/../../../../nios2-elf/lib\libsmallc.a(lib_a-puts.o)
 .debug_abbrev  0x000001d3       0x7a c:/altera/13.0sp1/nios2eds/bin/gnu/h-i686-mingw32/bin/../lib/gcc/nios2-elf/4.1.2/../../../../nios2-elf/lib\libsmallc.a(lib_a-strlen.o)
 .debug_abbrev  0x0000024d      0x179 c:/altera/13.0sp1/nios2eds/bin/gnu/h-i686-mingw32/bin/../lib/gcc/nios2-elf/4.1.2/../../../../nios2-elf/lib\libsmallc.a(lib_a-fvwrite_small_dev.o)
 .debug_abbrev  0x000003c6      0x13f c:/altera/13.0sp1/nios2eds/bin/gnu/h-i686-mingw32/bin/../lib/gcc/nios2-elf/4.1.2/../../../../nios2-elf/lib\libsmallc.a(lib_a-impure.o)
 .debug_abbrev  0x00000505      0x16c c:/altera/13.0sp1/nios2eds/bin/gnu/h-i686-mingw32/bin/../lib/gcc/nios2-elf/4.1.2/../../../../nios2-elf/lib\libsmallc.a(lib_a-writer.o)
 .debug_abbrev  0x00000671       0x3b c:/altera/13.0sp1/nios2eds/bin/gnu/h-i686-mingw32/bin/../lib/gcc/nios2-elf/4.1.2/../../../../nios2-elf/lib\libsmallc.a(lib_a-int_errno.o)
 .debug_abbrev  0x000006ac       0xa6 ../teste1_bsp/\libhal_bsp.a(alt_main.o)
 .debug_abbrev  0x00000752       0xc3 ../teste1_bsp/\libhal_bsp.a(alt_write.o)
 .debug_abbrev  0x00000815       0xea ../teste1_bsp/\libhal_bsp.a(alt_sys_init.o)
 .debug_abbrev  0x000008ff       0xb4 ../teste1_bsp/\libhal_bsp.a(altera_avalon_jtag_uart_write.o)
 .debug_abbrev  0x000009b3      0x137 ../teste1_bsp/\libhal_bsp.a(altera_avalon_timer_sc.o)
 .debug_abbrev  0x00000aea       0x76 ../teste1_bsp/\libhal_bsp.a(alt_do_ctors.o)
 .debug_abbrev  0x00000b60       0x5e ../teste1_bsp/\libhal_bsp.a(alt_errno.o)
 .debug_abbrev  0x00000bbe      0x134 ../teste1_bsp/\libhal_bsp.a(alt_iic.o)
 .debug_abbrev  0x00000cf2      0x14e ../teste1_bsp/\libhal_bsp.a(alt_iic_isr_register.o)
 .debug_abbrev  0x00000e40       0x12 ../teste1_bsp/\libhal_bsp.a(alt_irq_entry.o)
 .debug_abbrev  0x00000e52      0x10c ../teste1_bsp/\libhal_bsp.a(alt_irq_handler.o)
 .debug_abbrev  0x00000f5e       0x44 ../teste1_bsp/\libhal_bsp.a(alt_irq_vars.o)
 .debug_abbrev  0x00000fa2      0x150 ../teste1_bsp/\libhal_bsp.a(alt_tick.o)
 .debug_abbrev  0x000010f2       0x3f ../teste1_bsp/\libhal_bsp.a(altera_nios2_qsys_irq.o)
 .debug_abbrev  0x00001131       0x12 ../teste1_bsp/\libhal_bsp.a(alt_exception_entry.o)

.debug_line     0x00000000     0x2eb9
 *(.debug_line)
 .debug_line    0x00000000       0x57 ../teste1_bsp//obj/HAL/src/crt0.o
 .debug_line    0x00000057      0x1ca obj/default/hello_world.o
 .debug_line    0x00000221      0x2af c:/altera/13.0sp1/nios2eds/bin/gnu/h-i686-mingw32/bin/../lib/gcc/nios2-elf/4.1.2/../../../../nios2-elf/lib\libsmallc.a(lib_a-puts.o)
 .debug_line    0x000004d0      0x24d c:/altera/13.0sp1/nios2eds/bin/gnu/h-i686-mingw32/bin/../lib/gcc/nios2-elf/4.1.2/../../../../nios2-elf/lib\libsmallc.a(lib_a-strlen.o)
 .debug_line    0x0000071d      0x2a6 c:/altera/13.0sp1/nios2eds/bin/gnu/h-i686-mingw32/bin/../lib/gcc/nios2-elf/4.1.2/../../../../nios2-elf/lib\libsmallc.a(lib_a-fvwrite_small_dev.o)
 .debug_line    0x000009c3      0x22d c:/altera/13.0sp1/nios2eds/bin/gnu/h-i686-mingw32/bin/../lib/gcc/nios2-elf/4.1.2/../../../../nios2-elf/lib\libsmallc.a(lib_a-impure.o)
 .debug_line    0x00000bf0      0x29a c:/altera/13.0sp1/nios2eds/bin/gnu/h-i686-mingw32/bin/../lib/gcc/nios2-elf/4.1.2/../../../../nios2-elf/lib\libsmallc.a(lib_a-writer.o)
 .debug_line    0x00000e8a      0x1df c:/altera/13.0sp1/nios2eds/bin/gnu/h-i686-mingw32/bin/../lib/gcc/nios2-elf/4.1.2/../../../../nios2-elf/lib\libsmallc.a(lib_a-int_errno.o)
 .debug_line    0x00001069      0x2b2 ../teste1_bsp/\libhal_bsp.a(alt_main.o)
 .debug_line    0x0000131b      0x29f ../teste1_bsp/\libhal_bsp.a(alt_write.o)
 .debug_line    0x000015ba      0x390 ../teste1_bsp/\libhal_bsp.a(alt_sys_init.o)
 .debug_line    0x0000194a      0x304 ../teste1_bsp/\libhal_bsp.a(altera_avalon_jtag_uart_write.o)
 .debug_line    0x00001c4e      0x2b3 ../teste1_bsp/\libhal_bsp.a(altera_avalon_timer_sc.o)
 .debug_line    0x00001f01       0x83 ../teste1_bsp/\libhal_bsp.a(alt_do_ctors.o)
 .debug_line    0x00001f84      0x1aa ../teste1_bsp/\libhal_bsp.a(alt_errno.o)
 .debug_line    0x0000212e      0x2c8 ../teste1_bsp/\libhal_bsp.a(alt_iic.o)
 .debug_line    0x000023f6      0x249 ../teste1_bsp/\libhal_bsp.a(alt_iic_isr_register.o)
 .debug_line    0x0000263f       0x6b ../teste1_bsp/\libhal_bsp.a(alt_irq_entry.o)
 .debug_line    0x000026aa      0x248 ../teste1_bsp/\libhal_bsp.a(alt_irq_handler.o)
 .debug_line    0x000028f2       0x72 ../teste1_bsp/\libhal_bsp.a(alt_irq_vars.o)
 .debug_line    0x00002964      0x2dc ../teste1_bsp/\libhal_bsp.a(alt_tick.o)
 .debug_line    0x00002c40      0x1ce ../teste1_bsp/\libhal_bsp.a(altera_nios2_qsys_irq.o)
 .debug_line    0x00002e0e       0xab ../teste1_bsp/\libhal_bsp.a(alt_exception_entry.o)

.debug_frame    0x00000000      0x38c
 *(.debug_frame)
 .debug_frame   0x00000000       0x2c obj/default/hello_world.o
 .debug_frame   0x0000002c       0x3c c:/altera/13.0sp1/nios2eds/bin/gnu/h-i686-mingw32/bin/../lib/gcc/nios2-elf/4.1.2/../../../../nios2-elf/lib\libsmallc.a(lib_a-puts.o)
 .debug_frame   0x00000068       0x20 c:/altera/13.0sp1/nios2eds/bin/gnu/h-i686-mingw32/bin/../lib/gcc/nios2-elf/4.1.2/../../../../nios2-elf/lib\libsmallc.a(lib_a-strlen.o)
 .debug_frame   0x00000088       0x30 c:/altera/13.0sp1/nios2eds/bin/gnu/h-i686-mingw32/bin/../lib/gcc/nios2-elf/4.1.2/../../../../nios2-elf/lib\libsmallc.a(lib_a-fvwrite_small_dev.o)
 .debug_frame   0x000000b8       0x2c c:/altera/13.0sp1/nios2eds/bin/gnu/h-i686-mingw32/bin/../lib/gcc/nios2-elf/4.1.2/../../../../nios2-elf/lib\libsmallc.a(lib_a-writer.o)
 .debug_frame   0x000000e4       0x2c ../teste1_bsp/\libhal_bsp.a(alt_main.o)
 .debug_frame   0x00000110       0x48 ../teste1_bsp/\libhal_bsp.a(alt_write.o)
 .debug_frame   0x00000158       0x48 ../teste1_bsp/\libhal_bsp.a(alt_sys_init.o)
 .debug_frame   0x000001a0       0x2c ../teste1_bsp/\libhal_bsp.a(altera_avalon_jtag_uart_write.o)
 .debug_frame   0x000001cc       0x48 ../teste1_bsp/\libhal_bsp.a(altera_avalon_timer_sc.o)
 .debug_frame   0x00000214       0x2c ../teste1_bsp/\libhal_bsp.a(alt_do_ctors.o)
 .debug_frame   0x00000240       0x80 ../teste1_bsp/\libhal_bsp.a(alt_iic.o)
 .debug_frame   0x000002c0       0x2c ../teste1_bsp/\libhal_bsp.a(alt_iic_isr_register.o)
 .debug_frame   0x000002ec       0x2c ../teste1_bsp/\libhal_bsp.a(alt_irq_handler.o)
 .debug_frame   0x00000318       0x48 ../teste1_bsp/\libhal_bsp.a(alt_tick.o)
 .debug_frame   0x00000360       0x2c ../teste1_bsp/\libhal_bsp.a(altera_nios2_qsys_irq.o)

.debug_str      0x00000000      0x78b
 *(.debug_str)
 .debug_str     0x00000000       0x12 obj/default/hello_world.o
 .debug_str     0x00000012      0x3e3 c:/altera/13.0sp1/nios2eds/bin/gnu/h-i686-mingw32/bin/../lib/gcc/nios2-elf/4.1.2/../../../../nios2-elf/lib\libsmallc.a(lib_a-puts.o)
                                0x442 (size before relaxing)
 .debug_str     0x000003f5       0xda c:/altera/13.0sp1/nios2eds/bin/gnu/h-i686-mingw32/bin/../lib/gcc/nios2-elf/4.1.2/../../../../nios2-elf/lib\libsmallc.a(lib_a-strlen.o)
                                0x176 (size before relaxing)
 .debug_str     0x000004cf       0x6d c:/altera/13.0sp1/nios2eds/bin/gnu/h-i686-mingw32/bin/../lib/gcc/nios2-elf/4.1.2/../../../../nios2-elf/lib\libsmallc.a(lib_a-fvwrite_small_dev.o)
                                0x45c (size before relaxing)
 .debug_str     0x0000053c       0xea c:/altera/13.0sp1/nios2eds/bin/gnu/h-i686-mingw32/bin/../lib/gcc/nios2-elf/4.1.2/../../../../nios2-elf/lib\libsmallc.a(lib_a-impure.o)
                                0x44f (size before relaxing)
 .debug_str     0x00000626       0x4c c:/altera/13.0sp1/nios2eds/bin/gnu/h-i686-mingw32/bin/../lib/gcc/nios2-elf/4.1.2/../../../../nios2-elf/lib\libsmallc.a(lib_a-writer.o)
                                0x443 (size before relaxing)
 .debug_str     0x00000672       0x3d c:/altera/13.0sp1/nios2eds/bin/gnu/h-i686-mingw32/bin/../lib/gcc/nios2-elf/4.1.2/../../../../nios2-elf/lib\libsmallc.a(lib_a-int_errno.o)
                                0x169 (size before relaxing)
 .debug_str     0x000006af       0x12 ../teste1_bsp/\libhal_bsp.a(alt_main.o)
 .debug_str     0x000006c1       0x12 ../teste1_bsp/\libhal_bsp.a(alt_write.o)
 .debug_str     0x000006d3       0x12 ../teste1_bsp/\libhal_bsp.a(alt_sys_init.o)
 .debug_str     0x000006e5       0x12 ../teste1_bsp/\libhal_bsp.a(altera_avalon_jtag_uart_write.o)
 .debug_str     0x000006f7       0x12 ../teste1_bsp/\libhal_bsp.a(altera_avalon_timer_sc.o)
 .debug_str     0x00000709       0x12 ../teste1_bsp/\libhal_bsp.a(alt_errno.o)
 .debug_str     0x0000071b       0x18 ../teste1_bsp/\libhal_bsp.a(alt_iic.o)
 .debug_str     0x00000733       0x1a ../teste1_bsp/\libhal_bsp.a(alt_iic_isr_register.o)
 .debug_str     0x0000074d       0x12 ../teste1_bsp/\libhal_bsp.a(alt_irq_handler.o)
 .debug_str     0x0000075f       0x1a ../teste1_bsp/\libhal_bsp.a(alt_tick.o)
 .debug_str     0x00000779       0x12 ../teste1_bsp/\libhal_bsp.a(altera_nios2_qsys_irq.o)

.debug_loc      0x00000000      0x5ea
 *(.debug_loc)
 .debug_loc     0x00000000       0x2b obj/default/hello_world.o
 .debug_loc     0x0000002b       0xa2 c:/altera/13.0sp1/nios2eds/bin/gnu/h-i686-mingw32/bin/../lib/gcc/nios2-elf/4.1.2/../../../../nios2-elf/lib\libsmallc.a(lib_a-puts.o)
 .debug_loc     0x000000cd       0x1e c:/altera/13.0sp1/nios2eds/bin/gnu/h-i686-mingw32/bin/../lib/gcc/nios2-elf/4.1.2/../../../../nios2-elf/lib\libsmallc.a(lib_a-strlen.o)
 .debug_loc     0x000000eb      0x162 c:/altera/13.0sp1/nios2eds/bin/gnu/h-i686-mingw32/bin/../lib/gcc/nios2-elf/4.1.2/../../../../nios2-elf/lib\libsmallc.a(lib_a-fvwrite_small_dev.o)
 .debug_loc     0x0000024d       0x97 c:/altera/13.0sp1/nios2eds/bin/gnu/h-i686-mingw32/bin/../lib/gcc/nios2-elf/4.1.2/../../../../nios2-elf/lib\libsmallc.a(lib_a-writer.o)
 .debug_loc     0x000002e4       0x2b ../teste1_bsp/\libhal_bsp.a(alt_main.o)
 .debug_loc     0x0000030f       0x56 ../teste1_bsp/\libhal_bsp.a(alt_write.o)
 .debug_loc     0x00000365       0x56 ../teste1_bsp/\libhal_bsp.a(alt_sys_init.o)
 .debug_loc     0x000003bb       0x2b ../teste1_bsp/\libhal_bsp.a(altera_avalon_jtag_uart_write.o)
 .debug_loc     0x000003e6       0x56 ../teste1_bsp/\libhal_bsp.a(altera_avalon_timer_sc.o)
 .debug_loc     0x0000043c       0x2b ../teste1_bsp/\libhal_bsp.a(alt_do_ctors.o)
 .debug_loc     0x00000467       0xac ../teste1_bsp/\libhal_bsp.a(alt_iic.o)
 .debug_loc     0x00000513       0x2b ../teste1_bsp/\libhal_bsp.a(alt_iic_isr_register.o)
 .debug_loc     0x0000053e       0x2b ../teste1_bsp/\libhal_bsp.a(alt_irq_handler.o)
 .debug_loc     0x00000569       0x56 ../teste1_bsp/\libhal_bsp.a(alt_tick.o)
 .debug_loc     0x000005bf       0x2b ../teste1_bsp/\libhal_bsp.a(altera_nios2_qsys_irq.o)

.debug_macinfo
 *(.debug_macinfo)

.debug_weaknames
 *(.debug_weaknames)

.debug_funcnames
 *(.debug_funcnames)

.debug_typenames
 *(.debug_typenames)

.debug_varnames
 *(.debug_varnames)

.debug_alt_sim_info
                0x00000000       0x20
 *(.debug_alt_sim_info)
 .debug_alt_sim_info
                0x00000000       0x20 ../teste1_bsp//obj/HAL/src/crt0.o
                0x01000000                __alt_data_end = 0x1000000
                0x01000000                PROVIDE (__alt_stack_pointer, __alt_data_end)
                0x00800eb8                PROVIDE (__alt_stack_limit, __alt_stack_base)
                0x00800eb8                PROVIDE (__alt_heap_start, end)
                0x01000000                PROVIDE (__alt_heap_limit, 0x1000000)
OUTPUT(teste1.elf elf32-littlenios2)

.debug_ranges   0x00000000       0x58
 .debug_ranges  0x00000000       0x28 ../teste1_bsp/\libhal_bsp.a(alt_irq_entry.o)
 .debug_ranges  0x00000028       0x30 ../teste1_bsp/\libhal_bsp.a(alt_exception_entry.o)
