Archive member included because of file (symbol)

c:/altera/13.0sp1/nios2eds/bin/gnu/h-i686-mingw32/bin/../lib/gcc/nios2-elf/4.1.2\libgcc.a(_fixunsdfsi.o)
                              obj/default/dm9000a.o (__fixunsdfsi)
c:/altera/13.0sp1/nios2eds/bin/gnu/h-i686-mingw32/bin/../lib/gcc/nios2-elf/4.1.2\libgcc.a(_addsub_df.o)
                              c:/altera/13.0sp1/nios2eds/bin/gnu/h-i686-mingw32/bin/../lib/gcc/nios2-elf/4.1.2\libgcc.a(_fixunsdfsi.o) (__subdf3)
c:/altera/13.0sp1/nios2eds/bin/gnu/h-i686-mingw32/bin/../lib/gcc/nios2-elf/4.1.2\libgcc.a(_mul_df.o)
                              obj/default/dm9000a.o (__muldf3)
c:/altera/13.0sp1/nios2eds/bin/gnu/h-i686-mingw32/bin/../lib/gcc/nios2-elf/4.1.2\libgcc.a(_ge_df.o)
                              c:/altera/13.0sp1/nios2eds/bin/gnu/h-i686-mingw32/bin/../lib/gcc/nios2-elf/4.1.2\libgcc.a(_fixunsdfsi.o) (__gedf2)
c:/altera/13.0sp1/nios2eds/bin/gnu/h-i686-mingw32/bin/../lib/gcc/nios2-elf/4.1.2\libgcc.a(_df_to_si.o)
                              c:/altera/13.0sp1/nios2eds/bin/gnu/h-i686-mingw32/bin/../lib/gcc/nios2-elf/4.1.2\libgcc.a(_fixunsdfsi.o) (__fixdfsi)
c:/altera/13.0sp1/nios2eds/bin/gnu/h-i686-mingw32/bin/../lib/gcc/nios2-elf/4.1.2\libgcc.a(_thenan_df.o)
                              c:/altera/13.0sp1/nios2eds/bin/gnu/h-i686-mingw32/bin/../lib/gcc/nios2-elf/4.1.2\libgcc.a(_addsub_df.o) (__thenan_df)
c:/altera/13.0sp1/nios2eds/bin/gnu/h-i686-mingw32/bin/../lib/gcc/nios2-elf/4.1.2\libgcc.a(_usi_to_df.o)
                              obj/default/dm9000a.o (__floatunsidf)
c:/altera/13.0sp1/nios2eds/bin/gnu/h-i686-mingw32/bin/../lib/gcc/nios2-elf/4.1.2\libgcc.a(_muldi3.o)
                              c:/altera/13.0sp1/nios2eds/bin/gnu/h-i686-mingw32/bin/../lib/gcc/nios2-elf/4.1.2\libgcc.a(_mul_df.o) (__muldi3)
c:/altera/13.0sp1/nios2eds/bin/gnu/h-i686-mingw32/bin/../lib/gcc/nios2-elf/4.1.2\libgcc.a(_clzsi2.o)
                              c:/altera/13.0sp1/nios2eds/bin/gnu/h-i686-mingw32/bin/../lib/gcc/nios2-elf/4.1.2\libgcc.a(_usi_to_df.o) (__clzsi2)
c:/altera/13.0sp1/nios2eds/bin/gnu/h-i686-mingw32/bin/../lib/gcc/nios2-elf/4.1.2\libgcc.a(_pack_df.o)
                              c:/altera/13.0sp1/nios2eds/bin/gnu/h-i686-mingw32/bin/../lib/gcc/nios2-elf/4.1.2\libgcc.a(_addsub_df.o) (__pack_d)
c:/altera/13.0sp1/nios2eds/bin/gnu/h-i686-mingw32/bin/../lib/gcc/nios2-elf/4.1.2\libgcc.a(_unpack_df.o)
                              c:/altera/13.0sp1/nios2eds/bin/gnu/h-i686-mingw32/bin/../lib/gcc/nios2-elf/4.1.2\libgcc.a(_addsub_df.o) (__unpack_d)
c:/altera/13.0sp1/nios2eds/bin/gnu/h-i686-mingw32/bin/../lib/gcc/nios2-elf/4.1.2\libgcc.a(_fpcmp_parts_df.o)
                              c:/altera/13.0sp1/nios2eds/bin/gnu/h-i686-mingw32/bin/../lib/gcc/nios2-elf/4.1.2\libgcc.a(_ge_df.o) (__fpcmp_parts_d)
c:/altera/13.0sp1/nios2eds/bin/gnu/h-i686-mingw32/bin/../lib/gcc/nios2-elf/4.1.2\libgcc.a(_clz.o)
                              c:/altera/13.0sp1/nios2eds/bin/gnu/h-i686-mingw32/bin/../lib/gcc/nios2-elf/4.1.2\libgcc.a(_clzsi2.o) (__clz_tab)
c:/altera/13.0sp1/nios2eds/bin/gnu/h-i686-mingw32/bin/../lib/gcc/nios2-elf/4.1.2/../../../../nios2-elf/lib\libc.a(lib_a-ctype_.o)
                              obj/default/network_utilities.o (__ctype_ptr)
c:/altera/13.0sp1/nios2eds/bin/gnu/h-i686-mingw32/bin/../lib/gcc/nios2-elf/4.1.2/../../../../nios2-elf/lib\libc.a(lib_a-exit.o)
                              obj/default/iniche_init.o (exit)
c:/altera/13.0sp1/nios2eds/bin/gnu/h-i686-mingw32/bin/../lib/gcc/nios2-elf/4.1.2/../../../../nios2-elf/lib\libc.a(lib_a-fprintf.o)
                              obj/default/alt_error_handler.o (fprintf)
c:/altera/13.0sp1/nios2eds/bin/gnu/h-i686-mingw32/bin/../lib/gcc/nios2-elf/4.1.2/../../../../nios2-elf/lib\libc.a(lib_a-fwrite.o)
                              obj/default/alt_error_handler.o (fwrite)
c:/altera/13.0sp1/nios2eds/bin/gnu/h-i686-mingw32/bin/../lib/gcc/nios2-elf/4.1.2/../../../../nios2-elf/lib\libc.a(lib_a-getc.o)
                              obj/default/network_utilities.o (getc)
c:/altera/13.0sp1/nios2eds/bin/gnu/h-i686-mingw32/bin/../lib/gcc/nios2-elf/4.1.2/../../../../nios2-elf/lib\libc.a(lib_a-impure.o)
                              obj/default/alt_error_handler.o (_impure_ptr)
c:/altera/13.0sp1/nios2eds/bin/gnu/h-i686-mingw32/bin/../lib/gcc/nios2-elf/4.1.2/../../../../nios2-elf/lib\libc.a(lib_a-memcpy.o)
                              obj/default/iniche_init.o (memcpy)
c:/altera/13.0sp1/nios2eds/bin/gnu/h-i686-mingw32/bin/../lib/gcc/nios2-elf/4.1.2/../../../../nios2-elf/lib\libc.a(lib_a-memmove.o)
                              obj/default/simple_socket_server.o (memmove)
c:/altera/13.0sp1/nios2eds/bin/gnu/h-i686-mingw32/bin/../lib/gcc/nios2-elf/4.1.2/../../../../nios2-elf/lib\libc.a(lib_a-memset.o)
                              obj/default/simple_socket_server.o (memset)
c:/altera/13.0sp1/nios2eds/bin/gnu/h-i686-mingw32/bin/../lib/gcc/nios2-elf/4.1.2/../../../../nios2-elf/lib\libc.a(lib_a-perror.o)
[...]
Memory Configuration

Name             Origin             Length             Attributes
sdram_0_BEFORE_EXCEPTION 0x00800000         0x00000020
sdram_0          0x00800020         0x007fffe0
reset            0x01400000         0x00000020
cfi_flash_0      0x01400020         0x003fffe0
sram_0           0x01a00000         0x00080000
epcs_controller  0x01a81800         0x00000800
*default*        0x00000000         0xffffffff

Linker script and memory map

LOAD ../simple_socket_bsp//obj/HAL/src/crt0.o
LOAD obj/default/LCD.o
LOAD obj/default/SSS_DE2_115.o
LOAD obj/default/alt_error_handler.o
LOAD obj/default/dm9000a.o
LOAD obj/default/iniche_init.o
LOAD obj/default/led.o
LOAD obj/default/network_utilities.o
LOAD obj/default/simple_socket_server.o
LOAD obj/default/tse_my_system.o
LOAD c:/altera/13.0sp1/nios2eds/bin/gnu/h-i686-mingw32/bin/../lib/gcc/nios2-elf/4.1.2/../../../../nios2-elf/lib\libstdc++.a
LOAD c:/altera/13.0sp1/nios2eds/bin/gnu/h-i686-mingw32/bin/../lib/gcc/nios2-elf/4.1.2/../../../../nios2-elf/lib\libm.a
LOAD c:/altera/13.0sp1/nios2eds/bin/gnu/h-i686-mingw32/bin/../lib/gcc/nios2-elf/4.1.2\libgcc.a
START GROUP
LOAD c:/altera/13.0sp1/nios2eds/bin/gnu/h-i686-mingw32/bin/../lib/gcc/nios2-elf/4.1.2/../../../../nios2-elf/lib\libc.a
LOAD c:/altera/13.0sp1/nios2eds/bin/gnu/h-i686-mingw32/bin/../lib/gcc/nios2-elf/4.1.2\libgcc.a
LOAD ../simple_socket_bsp/\libucosii_bsp.a
END GROUP
LOAD c:/altera/13.0sp1/nios2eds/bin/gnu/h-i686-mingw32/bin/../lib/gcc/nios2-elf/4.1.2\libgcc.a
                0x00800000                __alt_mem_sdram_0 = 0x800000
                0x01400000                __alt_mem_cfi_flash_0 = 0x1400000
                0x01a00000                __alt_mem_sram_0 = 0x1a00000
                0x01a81800                __alt_mem_epcs_controller = 0x1a81800

.entry          0x01400000        0x0
 *(.entry)
 .entry         0x01400000        0x0 ../simple_socket_bsp//obj/HAL/src/crt0.o
                0x01400000                __reset

.exceptions     0x00800020      0x19c
                0x00800020                PROVIDE (__ram_exceptions_start, ABSOLUTE (.))
                0x00800020                . = ALIGN (0x20)
 *(.irq)
 *(.exceptions.entry.label)
 .exceptions.entry.label
                0x00800020        0x0 ../simple_socket_bsp/\libucosii_bsp.a(alt_irq_entry.o)
                0x00800020                alt_irq_entry
 .exceptions.entry.label
                0x00800020        0x0 ../simple_socket_bsp/\libucosii_bsp.a(alt_exception_entry.o)
                0x00800020                alt_exception
 *(.exceptions.entry.user)
 *(.exceptions.entry)
 .exceptions.entry
                0x00800020       0x54 ../simple_socket_bsp/\libucosii_bsp.a(alt_exception_entry.o)
 *(.exceptions.irqtest.user)
 *(.exceptions.irqtest)
 .exceptions.irqtest
                0x00800074       0x10 ../simple_socket_bsp/\libucosii_bsp.a(alt_irq_entry.o)
 *(.exceptions.irqhandler.user)
 *(.exceptions.irqhandler)
 .exceptions.irqhandler
                0x00800084        0x4 ../simple_socket_bsp/\libucosii_bsp.a(alt_irq_entry.o)
 *(.exceptions.irqreturn.user)
 *(.exceptions.irqreturn)
 .exceptions.irqreturn
                0x00800088        0x4 ../simple_socket_bsp/\libucosii_bsp.a(alt_irq_entry.o)
 *(.exceptions.notirq.label)
 .exceptions.notirq.label
                0x0080008c        0x0 ../simple_socket_bsp/\libucosii_bsp.a(alt_irq_entry.o)
 *(.exceptions.notirq.user)
 *(.exceptions.notirq)
 .exceptions.notirq
                0x0080008c        0x8 ../simple_socket_bsp/\libucosii_bsp.a(alt_exception_entry.o)
 *(.exceptions.soft.user)
 *(.exceptions.soft)
 *(.exceptions.unknown.user)
 *(.exceptions.unknown)
 .exceptions.unknown
                0x00800094        0x4 ../simple_socket_bsp/\libucosii_bsp.a(alt_exception_entry.o)
 *(.exceptions.exit.label)
 .exceptions.exit.label
                0x00800098        0x0 ../simple_socket_bsp/\libucosii_bsp.a(alt_irq_entry.o)
 .exceptions.exit.label
                0x00800098        0x0 ../simple_socket_bsp/\libucosii_bsp.a(alt_exception_entry.o)
 *(.exceptions.exit.user)
 *(.exceptions.exit)
 .exceptions.exit
                0x00800098       0x54 ../simple_socket_bsp/\libucosii_bsp.a(alt_exception_entry.o)
 *(.exceptions)
 .exceptions    0x008000ec       0xd0 ../simple_socket_bsp/\libucosii_bsp.a(alt_irq_handler.o)
                0x008000ec                alt_irq_handler
                0x008001bc                PROVIDE (__ram_exceptions_end, ABSOLUTE (.))
                0x00800020                PROVIDE (__flash_exceptions_start, LOADADDR (.exceptions))

.text           0x008001bc    0x46c8c
                0x008001bc                PROVIDE (stext, ABSOLUTE (.))
 *(.interp)
 *(.hash)
 *(.dynsym)
 *(.dynstr)
 *(.gnu.version)
 *(.gnu.version_d)
 *(.gnu.version_r)
 *(.rel.init)
 *(.rela.init)
 *(.rel.text .rel.text.* .rel.gnu.linkonce.t.*)
 *(.rela.text .rela.text.* .rela.gnu.linkonce.t.*)
 *(.rel.fini)
 *(.rela.fini)
 *(.rel.rodata .rel.rodata.* .rel.gnu.linkonce.r.*)
 *(.rela.rodata .rela.rodata.* .rela.gnu.linkonce.r.*)
 *(.rel.data .rel.data.* .rel.gnu.linkonce.d.*)
 *(.rela.data .rela.data.* .rela.gnu.linkonce.d.*)
 *(.rel.tdata .rel.tdata.* .rel.gnu.linkonce.td.*)
 *(.rela.tdata .rela.tdata.* .rela.gnu.linkonce.td.*)
 *(.rel.tbss .rel.tbss.* .rel.gnu.linkonce.tb.*)
 *(.rela.tbss .rela.tbss.* .rela.gnu.linkonce.tb.*)
 *(.rel.ctors)
 *(.rela.ctors)
 *(.rel.dtors)
 *(.rela.dtors)
 *(.rel.got)
 *(.rela.got)
 *(.rel.sdata .rel.sdata.* .rel.gnu.linkonce.s.*)
 *(.rela.sdata .rela.sdata.* .rela.gnu.linkonce.s.*)
 *(.rel.sbss .rel.sbss.* .rel.gnu.linkonce.sb.*)
 *(.rela.sbss .rela.sbss.* .rela.gnu.linkonce.sb.*)
 *(.rel.sdata2 .rel.sdata2.* .rel.gnu.linkonce.s2.*)
 *(.rela.sdata2 .rela.sdata2.* .rela.gnu.linkonce.s2.*)
 *(.rel.sbss2 .rel.sbss2.* .rel.gnu.linkonce.sb2.*)
 *(.rela.sbss2 .rela.sbss2.* .rela.gnu.linkonce.sb2.*)
 *(.rel.bss .rel.bss.* .rel.gnu.linkonce.b.*)
 *(.rela.bss .rela.bss.* .rela.gnu.linkonce.b.*)
 *(.rel.plt)
 *(.rela.plt)
 *(.rel.dyn)
 *(.init)
 *(.plt)
 *(.text .stub .text.* .gnu.linkonce.t.*)
 .text          0x008001bc       0x48 ../simple_socket_bsp//obj/HAL/src/crt0.o
                0x008001bc                _start
 .text          0x00800204      0x31c obj/default/LCD.o
                0x00800204                LCD_Init
                0x008002a0                LCD_Show_Text
                0x00800328                LCD_Line2
                0x00800364                LCD_Line1
                0x008003a0                LCD_Clear
                0x008003dc                LCD_Test
 .text          0x00800520      0x2ec obj/default/SSS_DE2_115.o
                0x00800520                get_DE2_115_mac_addr
                0x008006c8                FindLastFlashSectorOffset
 .text          0x0080080c      0xba8 obj/default/alt_error_handler.o
                0x0080080c                alt_uCOSIIErrorHandler
                0x00800e30                alt_NetworkErrorHandler
                0x008010c8                alt_SSSErrorHandler
 .text          0x008013b4      0xe48 obj/default/dm9000a.o
                0x008013b4                dm9000a_iow
                0x00801408                dm9000a_ior
                0x00801454                phy_write
                0x008014f0                dm9000a_reset
                0x008016b4                TransmitPacket
                0x008017d0                prep_dm9000a
                0x008019ec                dm9000a_init
                0x00801e3c                dm9Ka_isr_wrap
                0x00801e7c                dm9ka_init
                0x00801f74                dm9ka_close
                0x00802084                dm9ka_stats
                0x008020e0                dm9ka_pkt_send
 .text          0x008021fc      0x37c obj/default/iniche_init.o
                0x008021fc                SSSInitialTask
                0x0080247c                main
 .text          0x00802578      0x324 obj/default/led.o
                0x00802578                led_bit_toggle
                0x00802644                LED7SegLightshowTask
                0x008026b8                LEDManagementTask
 .text          0x0080289c      0x73c obj/default/network_utilities.o
                0x0080289c                get_mac_addr
                0x008028f4                get_ip_addr
                0x00802960                get_serial_number
                0x00802b3c                generate_and_store_mac_addr
                0x00802d08                generate_mac_addr
                0x00802e44                get_board_mac_addr
 .text          0x00802fd8      0x9f8 obj/default/simple_socket_server.o
                0x00802fd8                SSSCreateOSDataStructs
                0x00803080                SSSCreateTasks
                0x00803144                sss_reset_connection
                0x008031b4                sss_send_menu
                0x00803344                sss_handle_accept
                0x00803404                sss_exec_command
                0x00803578                sss_handle_receive
                0x00803764                SSSSimpleSocketServerTask
 .text          0x008039d0        0x0 obj/default/tse_my_system.o
 .text          0x008039d0       0xa4 c:/altera/13.0sp1/nios2eds/bin/gnu/h-i686-mingw32/bin/../lib/gcc/nios2-elf/4.1.2\libgcc.a(_fixunsdfsi.o)
                0x008039d0                __fixunsdfsi
 .text          0x00803a74      0x504 c:/altera/13.0sp1/nios2eds/bin/gnu/h-i686-mingw32/bin/../lib/gcc/nios2-elf/4.1.2\libgcc.a(_addsub_df.o)
                0x00803e84                __subdf3
                0x00803f04                __adddf3
 .text          0x00803f78      0x3c4 c:/altera/13.0sp1/nios2eds/bin/gnu/h-i686-mingw32/bin/../lib/gcc/nios2-elf/4.1.2\libgcc.a(_mul_df.o)
                0x00803f78                __muldf3
 .text          0x0080433c       0x88 c:/altera/13.0sp1/nios2eds/bin/gnu/h-i686-mingw32/bin/../lib/gcc/nios2-elf/4.1.2\libgcc.a(_ge_df.o)
                0x0080433c                __gedf2
 .text          0x008043c4       0xd8 c:/altera/13.0sp1/nios2eds/bin/gnu/h-i686-mingw32/bin/../lib/gcc/nios2-elf/4.1.2\libgcc.a(_df_to_si.o)
                0x008043c4                __fixdfsi
 .text          0x0080449c        0x0 c:/altera/13.0sp1/nios2eds/bin/gnu/h-i686-mingw32/bin/../lib/gcc/nios2-elf/4.1.2\libgcc.a(_thenan_df.o)
 .text          0x0080449c      0x194 c:/altera/13.0sp1/nios2eds/bin/gnu/h-i686-mingw32/bin/../lib/gcc/nios2-elf/4.1.2\libgcc.a(_usi_to_df.o)
                0x0080449c                __floatunsidf
 .text          0x00804630       0x98 c:/altera/13.0sp1/nios2eds/bin/gnu/h-i686-mingw32/bin/../lib/gcc/nios2-elf/4.1.2\libgcc.a(_muldi3.o)
                0x00804630                __muldi3
 .text          0x008046c8       0x80 c:/altera/13.0sp1/nios2eds/bin/gnu/h-i686-mingw32/bin/../lib/gcc/nios2-elf/4.1.2\libgcc.a(_clzsi2.o)
                0x008046c8                __clzsi2
 .text          0x00804748      0x314 c:/altera/13.0sp1/nios2eds/bin/gnu/h-i686-mingw32/bin/../lib/gcc/nios2-elf/4.1.2\libgcc.a(_pack_df.o)
                0x00804748                __pack_d
 .text          0x00804a5c      0x138 c:/altera/13.0sp1/nios2eds/bin/gnu/h-i686-mingw32/bin/../lib/gcc/nios2-elf/4.1.2\libgcc.a(_unpack_df.o)
                0x00804a5c                __unpack_d
 .text          0x00804b94       0xc8 c:/altera/13.0sp1/nios2eds/bin/gnu/h-i686-mingw32/bin/../lib/gcc/nios2-elf/4.1.2\libgcc.a(_fpcmp_parts_df.o)
                0x00804b94                __fpcmp_parts_d
 .text          0x00804c5c        0x0 c:/altera/13.0sp1/nios2eds/bin/gnu/h-i686-mingw32/bin/../lib/gcc/nios2-elf/4.1.2\libgcc.a(_clz.o)
 .text          0x00804c5c        0x0 c:/altera/13.0sp1/nios2eds/bin/gnu/h-i686-mingw32/bin/../lib/gcc/nios2-elf/4.1.2/../../../../nios2-elf/lib\libc.a(lib_a-ctype_.o)
 .text          0x00804c5c       0x38 c:/altera/13.0sp1/nios2eds/bin/gnu/h-i686-mingw32/bin/../lib/gcc/nios2-elf/4.1.2/../../../../nios2-elf/lib\libc.a(lib_a-exit.o)
                0x00804c5c                exit
 .text          0x00804c94       0x60 c:/altera/13.0sp1/nios2eds/bin/gnu/h-i686-mingw32/bin/../lib/gcc/nios2-elf/4.1.2/../../../../nios2-elf/lib\libc.a(lib_a-fprintf.o)
                0x00804c94                fprintf
                0x00804cc0                _fprintf_r
 .text          0x00804cf4       0xdc c:/altera/13.0sp1/nios2eds/bin/gnu/h-i686-mingw32/bin/../lib/gcc/nios2-elf/4.1.2/../../../../nios2-elf/lib\libc.a(lib_a-fwrite.o)
                0x00804cf4                _fwrite_r
                0x00804d90                fwrite
 .text          0x00804dd0      0x128 c:/altera/13.0sp1/nios2eds/bin/gnu/h-i686-mingw32/bin/../lib/gcc/nios2-elf/4.1.2/../../../../nios2-elf/lib\libc.a(lib_a-getc.o)
                0x00804dd0                getc
                0x00804e68                _getc_r
 .text          0x00804ef8        0x0 c:/altera/13.0sp1/nios2eds/bin/gnu/h-i686-mingw32/bin/../lib/gcc/nios2-elf/4.1.2/../../../../nios2-elf/lib\libc.a(lib_a-impure.o)
 .text          0x00804ef8       0xa0 c:/altera/13.0sp1/nios2eds/bin/gnu/h-i686-mingw32/bin/../lib/gcc/nios2-elf/4.1.2/../../../../nios2-elf/lib\libc.a(lib_a-memcpy.o)
                0x00804ef8                memcpy
 .text          0x00804f98       0xe0 c:/altera/13.0sp1/nios2eds/bin/gnu/h-i686-mingw32/bin/../lib/gcc/nios2-elf/4.1.2/../../../../nios2-elf/lib\libc.a(lib_a-memmove.o)
                0x00804f98                memmove
 .text          0x00805078       0x98 c:/altera/13.0sp1/nios2eds/bin/gnu/h-i686-mingw32/bin/../lib/gcc/nios2-elf/4.1.2/../../../../nios2-elf/lib\libc.a(lib_a-memset.o)
                0x00805078                memset
 .text          0x00805110       0x80 c:/altera/13.0sp1/nios2eds/bin/gnu/h-i686-mingw32/bin/../lib/gcc/nios2-elf/4.1.2/../../../../nios2-elf/lib\libc.a(lib_a-perror.o)
                0x00805110                _perror_r
                0x0080517c                perror
 .text          0x00805190       0x78 c:/altera/13.0sp1/nios2eds/bin/gnu/h-i686-mingw32/bin/../lib/gcc/nios2-elf/4.1.2/../../../../nios2-elf/lib\libc.a(lib_a-printf.o)
                0x00805190                printf
                0x008051d4                _printf_r
 .text          0x00805208      0x1ec c:/altera/13.0sp1/nios2eds/bin/gnu/h-i686-mingw32/bin/../lib/gcc/nios2-elf/4.1.2/../../../../nios2-elf/lib\libc.a(lib_a-putc.o)
                0x00805208                putc
                0x0080530c                _putc_r
 .text          0x008053f4       0x24 c:/altera/13.0sp1/nios2eds/bin/gnu/h-i686-mingw32/bin/../lib/gcc/nios2-elf/4.1.2/../../../../nios2-elf/lib\libc.a(lib_a-putchar.o)
                0x008053f4                putchar
                0x00805410                _putchar_r
 .text          0x00805418       0xb4 c:/altera/13.0sp1/nios2eds/bin/gnu/h-i686-mingw32/bin/../lib/gcc/nios2-elf/4.1.2/../../../../nios2-elf/lib\libc.a(lib_a-puts.o)
                0x00805418                _puts_r
                0x008054b8                puts
 .text          0x008054cc       0x60 c:/altera/13.0sp1/nios2eds/bin/gnu/h-i686-mingw32/bin/../lib/gcc/nios2-elf/4.1.2/../../../../nios2-elf/lib\libc.a(lib_a-rget.o)
                0x008054cc                __srget_r
                0x00805518                __srget
 .text          0x0080552c       0xe0 c:/altera/13.0sp1/nios2eds/bin/gnu/h-i686-mingw32/bin/../lib/gcc/nios2-elf/4.1.2/../../../../nios2-elf/lib\libc.a(lib_a-strchr.o)
                0x0080552c                strchr
 .text          0x0080560c      0x674 c:/altera/13.0sp1/nios2eds/bin/gnu/h-i686-mingw32/bin/../lib/gcc/nios2-elf/4.1.2/../../../../nios2-elf/lib\libc.a(lib_a-strerror.o)
                0x0080560c                strerror
 .text          0x00805c80       0x74 c:/altera/13.0sp1/nios2eds/bin/gnu/h-i686-mingw32/bin/../lib/gcc/nios2-elf/4.1.2/../../../../nios2-elf/lib\libc.a(lib_a-strlen.o)
                0x00805c80                strlen
 .text          0x00805cf4        0x8 c:/altera/13.0sp1/nios2eds/bin/gnu/h-i686-mingw32/bin/../lib/gcc/nios2-elf/4.1.2/../../../../nios2-elf/lib\libc.a(lib_a-u_strerr.o)
                0x00805cf4                _user_strerror
 .text          0x00805cfc     0x1f28 c:/altera/13.0sp1/nios2eds/bin/gnu/h-i686-mingw32/bin/../lib/gcc/nios2-elf/4.1.2/../../../../nios2-elf/lib\libc.a(lib_a-vfprintf.o)
                0x00805d54                ___vfprintf_internal_r
                0x00807c00                __vfprintf_internal
 .text          0x00807c24      0x14c c:/altera/13.0sp1/nios2eds/bin/gnu/h-i686-mingw32/bin/../lib/gcc/nios2-elf/4.1.2/../../../../nios2-elf/lib\libc.a(lib_a-wbuf.o)
                0x00807c24                __swbuf_r
                0x00807d54                __swbuf
 .text          0x00807d70      0x13c c:/altera/13.0sp1/nios2eds/bin/gnu/h-i686-mingw32/bin/../lib/gcc/nios2-elf/4.1.2/../../../../nios2-elf/lib\libc.a(lib_a-wsetup.o)
                0x00807d70                __swsetup_r
 .text          0x00807eac      0x1b4 c:/altera/13.0sp1/nios2eds/bin/gnu/h-i686-mingw32/bin/../lib/gcc/nios2-elf/4.1.2/../../../../nios2-elf/lib\libc.a(lib_a-__call_atexit.o)
                0x00807eb0                __call_exitprocs
 .text          0x00808060     0x17cc c:/altera/13.0sp1/nios2eds/bin/gnu/h-i686-mingw32/bin/../lib/gcc/nios2-elf/4.1.2/../../../../nios2-elf/lib\libc.a(lib_a-dtoa.o)
                0x00808278                _dtoa_r
 .text          0x0080982c      0x230 c:/altera/13.0sp1/nios2eds/bin/gnu/h-i686-mingw32/bin/../lib/gcc/nios2-elf/4.1.2/../../../../nios2-elf/lib\libc.a(lib_a-fflush.o)
                0x0080982c                _fflush_r
                0x00809a28                fflush
 .text          0x00809a5c      0x2c0 c:/altera/13.0sp1/nios2eds/bin/gnu/h-i686-mingw32/bin/../lib/gcc/nios2-elf/4.1.2/../../../../nios2-elf/lib\libc.a(lib_a-findfp.o)
                0x00809ab4                __sfp_lock_acquire
                0x00809ab8                __sfp_lock_release
                0x00809abc                __sinit_lock_acquire
                0x00809ac0                __sinit_lock_release
                0x00809ac4                __sinit
                0x00809b78                __fp_unlock_all
                0x00809b90                __fp_lock_all
                0x00809ba8                _cleanup_r
                0x00809bb4                _cleanup
                0x00809bc4                __sfmoreglue
                0x00809c2c                __sfp
 .text          0x00809d1c       0xbc c:/altera/13.0sp1/nios2eds/bin/gnu/h-i686-mingw32/bin/../lib/gcc/nios2-elf/4.1.2/../../../../nios2-elf/lib\libc.a(lib_a-fputc.o)
                0x00809d1c                fputc
                0x00809d80                _fputc_r
 .text          0x00809dd8       0x90 c:/altera/13.0sp1/nios2eds/bin/gnu/h-i686-mingw32/bin/../lib/gcc/nios2-elf/4.1.2/../../../../nios2-elf/lib\libc.a(lib_a-fputs.o)
                0x00809dd8                _fputs_r
                0x00809e4c                fputs
 .text          0x00809e68      0x440 c:/altera/13.0sp1/nios2eds/bin/gnu/h-i686-mingw32/bin/../lib/gcc/nios2-elf/4.1.2/../../../../nios2-elf/lib\libc.a(lib_a-freer.o)
                0x00809e68                _malloc_trim_r
                0x00809f94                _free_r
 .text          0x0080a2a8      0x49c c:/altera/13.0sp1/nios2eds/bin/gnu/h-i686-mingw32/bin/../lib/gcc/nios2-elf/4.1.2/../../../../nios2-elf/lib\libc.a(lib_a-fvwrite.o)
                0x0080a2a8                __sfvwrite_r
 .text          0x0080a744      0x180 c:/altera/13.0sp1/nios2eds/bin/gnu/h-i686-mingw32/bin/../lib/gcc/nios2-elf/4.1.2/../../../../nios2-elf/lib\libc.a(lib_a-fwalk.o)
                0x0080a744                _fwalk_reent
                0x0080a80c                _fwalk
 .text          0x0080a8c4       0xc4 c:/altera/13.0sp1/nios2eds/bin/gnu/h-i686-mingw32/bin/../lib/gcc/nios2-elf/4.1.2/../../../../nios2-elf/lib\libc.a(lib_a-locale.o)
                0x0080a8c4                __locale_charset
                0x0080a8cc                _localeconv_r
                0x0080a8d8                localeconv
                0x0080a8e8                _setlocale_r
                0x0080a96c                setlocale
 .text          0x0080a988      0x194 c:/altera/13.0sp1/nios2eds/bin/gnu/h-i686-mingw32/bin/../lib/gcc/nios2-elf/4.1.2/../../../../nios2-elf/lib\libc.a(lib_a-makebuf.o)
                0x0080a988                __smakebuf_r
 .text          0x0080ab1c      0x740 c:/altera/13.0sp1/nios2eds/bin/gnu/h-i686-mingw32/bin/../lib/gcc/nios2-elf/4.1.2/../../../../nios2-elf/lib\libc.a(lib_a-mallocr.o)
                0x0080ab1c                _malloc_r
 .text          0x0080b25c       0xe4 c:/altera/13.0sp1/nios2eds/bin/gnu/h-i686-mingw32/bin/../lib/gcc/nios2-elf/4.1.2/../../../../nios2-elf/lib\libc.a(lib_a-memchr.o)
                0x0080b25c                memchr
 .text          0x0080b340      0xff4 c:/altera/13.0sp1/nios2eds/bin/gnu/h-i686-mingw32/bin/../lib/gcc/nios2-elf/4.1.2/../../../../nios2-elf/lib\libc.a(lib_a-mprec.o)
                0x0080b340                _Bfree
                0x0080b368                __hi0bits
                0x0080b3d8                __lo0bits
                0x0080b49c                __mcmp
                0x0080b4fc                __ulp
                0x0080b57c                __b2d
                0x0080b69c                __ratio
                0x0080b74c                _mprec_log10
                0x0080b7e0                __copybits
                0x0080b838                __any_on
                0x0080b8c0                _Balloc
                0x0080b97c                __d2b
                0x0080baf8                __mdiff
                0x0080bc84                __lshift
                0x0080bdd0                __multiply
                0x0080bfb8                __i2b
                0x0080bff4                __multadd
                0x0080c0f4                __pow5mult
                0x0080c214                __s2b
 .text          0x0080c334      0x5f4 c:/altera/13.0sp1/nios2eds/bin/gnu/h-i686-mingw32/bin/../lib/gcc/nios2-elf/4.1.2/../../../../nios2-elf/lib\libc.a(lib_a-reallocr.o)
                0x0080c334                _realloc_r
 .text          0x0080c928      0x1e0 c:/altera/13.0sp1/nios2eds/bin/gnu/h-i686-mingw32/bin/../lib/gcc/nios2-elf/4.1.2/../../../../nios2-elf/lib\libc.a(lib_a-refill.o)
                0x0080c928                __srefill_r
 .text          0x0080cb08       0x40 c:/altera/13.0sp1/nios2eds/bin/gnu/h-i686-mingw32/bin/../lib/gcc/nios2-elf/4.1.2/../../../../nios2-elf/lib\libc.a(lib_a-s_isinfd.o)
                0x0080cb08                __isinfd
 .text          0x0080cb48       0x30 c:/altera/13.0sp1/nios2eds/bin/gnu/h-i686-mingw32/bin/../lib/gcc/nios2-elf/4.1.2/../../../../nios2-elf/lib\libc.a(lib_a-s_isnand.o)
                0x0080cb48                __isnand
 .text          0x0080cb78       0x70 c:/altera/13.0sp1/nios2eds/bin/gnu/h-i686-mingw32/bin/../lib/gcc/nios2-elf/4.1.2/../../../../nios2-elf/lib\libc.a(lib_a-sbrkr.o)
                0x0080cb78                _sbrk_r
 .text          0x0080cbe8      0x14c c:/altera/13.0sp1/nios2eds/bin/gnu/h-i686-mingw32/bin/../lib/gcc/nios2-elf/4.1.2/../../../../nios2-elf/lib\libc.a(lib_a-stdio.o)
                0x0080cbe8                __sclose
                0x0080cbf0                __sseek
                0x0080cc58                __swrite
                0x0080ccd4                __sread
 .text          0x0080cd34       0xbc c:/altera/13.0sp1/nios2eds/bin/gnu/h-i686-mingw32/bin/../lib/gcc/nios2-elf/4.1.2/../../../../nios2-elf/lib\libc.a(lib_a-strcmp.o)
                0x0080cd34                strcmp
 .text          0x0080cdf0       0x78 c:/altera/13.0sp1/nios2eds/bin/gnu/h-i686-mingw32/bin/../lib/gcc/nios2-elf/4.1.2/../../../../nios2-elf/lib\libc.a(lib_a-writer.o)
                0x0080cdf0                _write_r
 .text          0x0080ce68       0xb4 c:/altera/13.0sp1/nios2eds/bin/gnu/h-i686-mingw32/bin/../lib/gcc/nios2-elf/4.1.2/../../../../nios2-elf/lib\libc.a(lib_a-callocr.o)
                0x0080ce68                _calloc_r
 .text          0x0080cf1c       0x70 c:/altera/13.0sp1/nios2eds/bin/gnu/h-i686-mingw32/bin/../lib/gcc/nios2-elf/4.1.2/../../../../nios2-elf/lib\libc.a(lib_a-closer.o)
                0x0080cf1c                _close_r
 .text          0x0080cf8c      0x124 c:/altera/13.0sp1/nios2eds/bin/gnu/h-i686-mingw32/bin/../lib/gcc/nios2-elf/4.1.2/../../../../nios2-elf/lib\libc.a(lib_a-fclose.o)
                0x0080cf8c                _fclose_r
                0x0080d09c                fclose
 .text          0x0080d0b0       0x74 c:/altera/13.0sp1/nios2eds/bin/gnu/h-i686-mingw32/bin/../lib/gcc/nios2-elf/4.1.2/../../../../nios2-elf/lib\libc.a(lib_a-fstatr.o)
                0x0080d0b0                _fstat_r
 .text          0x0080d124        0x0 c:/altera/13.0sp1/nios2eds/bin/gnu/h-i686-mingw32/bin/../lib/gcc/nios2-elf/4.1.2/../../../../nios2-elf/lib\libc.a(lib_a-int_errno.o)
 .text          0x0080d124       0x70 c:/altera/13.0sp1/nios2eds/bin/gnu/h-i686-mingw32/bin/../lib/gcc/nios2-elf/4.1.2/../../../../nios2-elf/lib\libc.a(lib_a-isattyr.o)
                0x0080d124                _isatty_r
 .text          0x0080d194       0x78 c:/altera/13.0sp1/nios2eds/bin/gnu/h-i686-mingw32/bin/../lib/gcc/nios2-elf/4.1.2/../../../../nios2-elf/lib\libc.a(lib_a-lseekr.o)
                0x0080d194                _lseek_r
 .text          0x0080d20c       0x78 c:/altera/13.0sp1/nios2eds/bin/gnu/h-i686-mingw32/bin/../lib/gcc/nios2-elf/4.1.2/../../../../nios2-elf/lib\libc.a(lib_a-readr.o)
                0x0080d20c                _read_r
 .text          0x0080d284      0x5dc c:/altera/13.0sp1/nios2eds/bin/gnu/h-i686-mingw32/bin/../lib/gcc/nios2-elf/4.1.2\libgcc.a(_udivdi3.o)
                0x0080d284                __udivdi3
 .text          0x0080d860      0x5b0 c:/altera/13.0sp1/nios2eds/bin/gnu/h-i686-mingw32/bin/../lib/gcc/nios2-elf/4.1.2\libgcc.a(_umoddi3.o)
                0x0080d860                __umoddi3
 .text          0x0080de10      0x258 c:/altera/13.0sp1/nios2eds/bin/gnu/h-i686-mingw32/bin/../lib/gcc/nios2-elf/4.1.2\libgcc.a(_div_df.o)
                0x0080de10                __divdf3
 .text          0x0080e068       0x88 c:/altera/13.0sp1/nios2eds/bin/gnu/h-i686-mingw32/bin/../lib/gcc/nios2-elf/4.1.2\libgcc.a(_eq_df.o)
                0x0080e068                __eqdf2
 .text          0x0080e0f0       0x88 c:/altera/13.0sp1/nios2eds/bin/gnu/h-i686-mingw32/bin/../lib/gcc/nios2-elf/4.1.2\libgcc.a(_ne_df.o)
                0x0080e0f0                __nedf2
 .text          0x0080e178       0x88 c:/altera/13.0sp1/nios2eds/bin/gnu/h-i686-mingw32/bin/../lib/gcc/nios2-elf/4.1.2\libgcc.a(_gt_df.o)
                0x0080e178                __gtdf2
 .text          0x0080e200       0x88 c:/altera/13.0sp1/nios2eds/bin/gnu/h-i686-mingw32/bin/../lib/gcc/nios2-elf/4.1.2\libgcc.a(_lt_df.o)
                0x0080e200                __ltdf2
 .text          0x0080e288       0xf8 c:/altera/13.0sp1/nios2eds/bin/gnu/h-i686-mingw32/bin/../lib/gcc/nios2-elf/4.1.2\libgcc.a(_si_to_df.o)
                0x0080e288                __floatsidf
 .text          0x0080e380      0x14c c:/altera/13.0sp1/nios2eds/bin/gnu/h-i686-mingw32/bin/../lib/gcc/nios2-elf/4.1.2\libgcc.a(lib2-divmod.o)
                0x0080e3fc                __divsi3
                0x0080e45c                __modsi3
                0x0080e4bc                __udivsi3
                0x0080e4c4                __umodsi3
 .text          0x0080e4cc       0x6c ../simple_socket_bsp/\libucosii_bsp.a(alt_exit.o)
                0x0080e50c                _exit
 .text          0x0080e538       0xd0 ../simple_socket_bsp/\libucosii_bsp.a(alt_flash_dev.o)
                0x0080e538                alt_flash_open_dev
                0x0080e5b4                alt_flash_close_dev
 .text          0x0080e608      0x134 ../simple_socket_bsp/\libucosii_bsp.a(alt_fstat.o)
                0x0080e608                fstat
 .text          0x0080e73c      0x1c0 ../simple_socket_bsp/\libucosii_bsp.a(alt_irq_register.o)
                0x0080e73c                alt_irq_register
 .text          0x0080e8fc        0x0 ../simple_socket_bsp/\libucosii_bsp.a(alt_irq_vars.o)
 .text          0x0080e8fc      0x120 ../simple_socket_bsp/\libucosii_bsp.a(alt_isatty.o)
                0x0080e8fc                isatty
 .text          0x0080ea1c      0x150 ../simple_socket_bsp/\libucosii_bsp.a(alt_lseek.o)
                0x0080ea1c                lseek
 .text          0x0080eb6c       0xc8 ../simple_socket_bsp/\libucosii_bsp.a(alt_main.o)
                0x0080eb6c                alt_main
 .text          0x0080ec34       0xbc ../simple_socket_bsp/\libucosii_bsp.a(alt_sbrk.o)
                0x0080ec34                sbrk
 .text          0x0080ecf0      0x118 ../simple_socket_bsp/\libucosii_bsp.a(alt_usleep.o)
                0x0080ecf0                usleep
 .text          0x0080ee08      0x108 ../simple_socket_bsp/\libucosii_bsp.a(alt_env_lock.o)
                0x0080ee08                __env_lock
                0x0080eeb4                __env_unlock
 .text          0x0080ef10      0x1d8 ../simple_socket_bsp/\libucosii_bsp.a(alt_malloc_lock.o)
                0x0080ef10                __malloc_lock
                0x0080f018                __malloc_unlock
 .text          0x0080f0e8     0x2128 ../simple_socket_bsp/\libucosii_bsp.a(os_core.o)
                0x0080f0e8                OSEventNameGet
                0x0080f218                OSEventNameSet
                0x0080f35c                OSEventPendMulti
                0x0080fa10                OSInit
                0x0080fa64                OSIntEnter
                0x0080fae0                OSIntExit
                0x0080fbe0                OSSchedLock
                0x0080fc6c                OSSchedUnlock
                0x0080fd50                OSStart
                0x0080fdc0                OSStatInit
                0x0080fe6c                OSTimeTick
                0x008100ac                OSVersion
                0x008100cc                OS_Dummy
                0x008100e8                OS_EventTaskRdy
                0x0081027c                OS_EventTaskWait
                0x0081038c                OS_EventTaskWaitMulti
                0x008104e0                OS_EventTaskRemove
                0x00810598                OS_EventTaskRemoveMulti
                0x0081069c                OS_EventWaitListInit
                0x00810a68                OS_MemClr
                0x00810abc                OS_MemCopy
                0x00810b28                OS_Sched
                0x00810c6c                OS_StrCopy
                0x00810cec                OS_StrLen
                0x00810d44                OS_TaskIdle
                0x00810da0                OS_TaskStat
                0x00810e68                OS_TaskStatStkChk
                0x00810f30                OS_TCBInit
 .text          0x00811210      0x18c ../simple_socket_bsp/\libucosii_bsp.a(os_dbg.o)
                0x00811210                OSDebugInit
 .text          0x0081139c     0x193c ../simple_socket_bsp/\libucosii_bsp.a(os_flag.o)
                0x0081139c                OSFlagAccept
                0x008116d0                OSFlagCreate
                0x0081180c                OSFlagDel
                0x00811ab4                OSFlagNameGet
                0x00811bf8                OSFlagNameSet
                0x00811d4c                OSFlagPend
                0x00812390                OSFlagPendGetFlagsRdy
                0x008123f8                OSFlagPost
                0x008127a0                OSFlagQuery
                0x00812a38                OS_FlagInit
                0x00812c2c                OS_FlagUnlink
 .text          0x00812cd8      0x808 ../simple_socket_bsp/\libucosii_bsp.a(os_mem.o)
                0x00812cd8                OSMemCreate
                0x00812ef4                OSMemGet
                0x00812ff8                OSMemNameGet
                0x00813104                OSMemNameSet
                0x00813224                OSMemPut
                0x00813314                OSMemQuery
                0x00813410                OS_MemInit
 .text          0x008134e0     0x1334 ../simple_socket_bsp/\libucosii_bsp.a(os_q.o)
                0x008134e0                OSQAccept
                0x00813634                OSQCreate
                0x00813848                OSQDel
                0x00813b48                OSQFlush
                0x00813c10                OSQPend
                0x00813f30                OSQPendAbort
                0x008140ac                OSQPost
                0x0081422c                OSQPostFront
                0x008143b4                OSQPostOpt
                0x008145e8                OSQQuery
                0x00814768                OS_QInit
 .text          0x00814814      0xbc8 ../simple_socket_bsp/\libucosii_bsp.a(os_sem.o)
                0x00814814                OSSemAccept
                0x008148d4                OSSemCreate
                0x008149e8                OSSemDel
                0x00814c88                OSSemPend
                0x00814f04                OSSemPendAbort
                0x00815080                OSSemPost
                0x008151a8                OSSemQuery
                0x008152d8                OSSemSet
 .text          0x008153dc     0x1a40 ../simple_socket_bsp/\libucosii_bsp.a(os_task.o)
                0x008153dc                OSTaskChangePrio
                0x00815950                OSTaskCreate
                0x00815b24                OSTaskCreateExt
                0x00815d24                OSTaskDel
                0x00816130                OSTaskDelReq
                0x008162a0                OSTaskNameGet
                0x00816458                OSTaskNameSet
                0x0081661c                OSTaskResume
                0x00816834                OSTaskStkChk
                0x00816a30                OSTaskSuspend
                0x00816c5c                OSTaskQuery
                0x00816da0                OS_TaskStkClr
 .text          0x00816e1c      0x670 ../simple_socket_bsp/\libucosii_bsp.a(os_time.o)
                0x00816e1c                OSTimeDly
                0x00816f68                OSTimeDlyHMSM
                0x008171b4                OSTimeDlyResume
                0x008173c4                OSTimeGet
                0x00817428                OSTimeSet
 .text          0x0081748c      0x118 ../simple_socket_bsp/\libucosii_bsp.a(alt_sys_init.o)
                0x0081748c                alt_irq_init
                0x008174c0                alt_sys_init
 .text          0x008175a4      0x8c8 ../simple_socket_bsp/\libucosii_bsp.a(altera_avalon_cfi_flash.o)
                0x008175a4                alt_flash_cfi_init
                0x00817678                alt_flash_cfi_write
                0x00817938                alt_flash_cfi_get_info
                0x008179c8                alt_flash_cfi_read
                0x00817a30                alt_write_value_to_flash
                0x00817b94                alt_flash_program_block
 .text          0x00817e6c     0x14a8 ../simple_socket_bsp/\libucosii_bsp.a(altera_avalon_cfi_flash_table.o)
                0x00817e6c                alt_read_query_entry_8bit
                0x00817eac                alt_read_query_entry_16bit
                0x00817ef0                alt_read_query_entry_32bit
                0x00817f38                alt_write_flash_command_8bit_device_8bit_mode
                0x00817f74                alt_write_flash_command_16bit_device_8bit_mode
                0x00817ff0                alt_write_flash_command_32bit_device_8bit_mode
                0x00818038                alt_write_flash_command_16bit_device_16bit_mode
                0x0081807c                alt_write_flash_command_32bit_device_16bit_mode
                0x008180c4                alt_write_flash_command_32bit_device_32bit_mode
                0x0081810c                alt_write_native_8bit
                0x00818140                alt_write_native_16bit
                0x00818174                alt_write_native_32bit
                0x008181a4                alt_set_flash_width_func
                0x00818384                alt_set_flash_algorithm_func
                0x008184ac                alt_read_cfi_table
                0x00818a8c                alt_read_cfi_width
                0x00819238                alt_check_primary_table
 .text          0x00819314      0x9e4 ../simple_socket_bsp/\libucosii_bsp.a(altera_avalon_epcs_flash_controller.o)
                0x00819314                alt_epcs_flash_init
                0x00819730                alt_epcs_flash_write
                0x008199b0                alt_epcs_flash_get_info
                0x00819a40                alt_epcs_flash_erase_block
                0x00819b44                alt_epcs_flash_write_block
                0x00819c60                alt_epcs_flash_read
 .text          0x00819cf8      0x148 ../simple_socket_bsp/\libucosii_bsp.a(altera_avalon_jtag_uart_fd.o)
                0x00819cf8                altera_avalon_jtag_uart_read_fd
                0x00819d50                altera_avalon_jtag_uart_write_fd
                0x00819da8                altera_avalon_jtag_uart_close_fd
                0x00819df0                altera_avalon_jtag_uart_ioctl_fd
 .text          0x00819e40      0x584 ../simple_socket_bsp/\libucosii_bsp.a(altera_avalon_jtag_uart_init.o)
                0x00819e40                altera_avalon_jtag_uart_init
                0x0081a350                altera_avalon_jtag_uart_close
 .text          0x0081a3c4       0xf4 ../simple_socket_bsp/\libucosii_bsp.a(altera_avalon_jtag_uart_ioctl.o)
                0x0081a3c4                altera_avalon_jtag_uart_ioctl
 .text          0x0081a4b8      0x2c0 ../simple_socket_bsp/\libucosii_bsp.a(altera_avalon_jtag_uart_read.o)
                0x0081a4b8                altera_avalon_jtag_uart_read
 .text          0x0081a778      0x2dc ../simple_socket_bsp/\libucosii_bsp.a(altera_avalon_jtag_uart_write.o)
                0x0081a778                altera_avalon_jtag_uart_write
 .text          0x0081aa54      0xf3c ../simple_socket_bsp/\libucosii_bsp.a(altera_avalon_lcd_16207.o)
                0x0081b228                altera_avalon_lcd_16207_write
                0x0081b82c                altera_avalon_lcd_16207_init
 .text          0x0081b990       0x58 ../simple_socket_bsp/\libucosii_bsp.a(altera_avalon_lcd_16207_fd.o)
                0x0081b990                altera_avalon_lcd_16207_write_fd
 .text          0x0081b9e8      0x100 ../simple_socket_bsp/\libucosii_bsp.a(altera_avalon_timer_sc.o)
                0x0081ba58                alt_avalon_timer_sc_init
 .text          0x0081bae8       0xf8 ../simple_socket_bsp/\libucosii_bsp.a(altera_avalon_uart_fd.o)
                0x0081bae8                altera_avalon_uart_read_fd
                0x0081bb40                altera_avalon_uart_write_fd
                0x0081bb98                altera_avalon_uart_close_fd
 .text          0x0081bbe0      0x57c ../simple_socket_bsp/\libucosii_bsp.a(altera_avalon_uart_init.o)
                0x0081bbe0                altera_avalon_uart_init
                0x0081c0fc                altera_avalon_uart_close
 .text          0x0081c15c      0x310 ../simple_socket_bsp/\libucosii_bsp.a(altera_avalon_uart_read.o)
                0x0081c15c                altera_avalon_uart_read
 .text          0x0081c46c      0x2a8 ../simple_socket_bsp/\libucosii_bsp.a(altera_avalon_uart_write.o)
                0x0081c46c                altera_avalon_uart_write
 .text          0x0081c714      0x6d4 ../simple_socket_bsp/\libucosii_bsp.a(epcs_commands.o)
                0x0081c714                epcs_read_status_register
                0x0081c774                epcs_sector_erase
                0x0081c8dc                epcs_read_buffer
                0x0081ca28                epcs_write_enable
                0x0081ca78                epcs_write_status_register
                0x0081cadc                epcs_write_buffer
                0x0081cc4c                epcs_read_electronic_signature
                0x0081ccb8                epcs_read_device_id
                0x0081cd38                epcs_enter_4_bytes_mode
                0x0081cd90                epcs_exit_4_bytes_mode
 .text          0x0081cde8       0x54 ../simple_socket_bsp/\libucosii_bsp.a(alt_iniche_close.o)
                0x0081cde8                close
 .text          0x0081ce3c      0x144 ../simple_socket_bsp/\libucosii_bsp.a(alt_iniche_dev.o)
                0x0081ce3c                iniche_devices_init
 .text          0x0081cf80       0x78 ../simple_socket_bsp/\libucosii_bsp.a(alt_iniche_read.o)
                0x0081cf80                read
 .text          0x0081cff8       0x70 ../simple_socket_bsp/\libucosii_bsp.a(alt_iniche_write.o)
                0x0081cff8                write
 .text          0x0081d068      0xedc ../simple_socket_bsp/\libucosii_bsp.a(ipnet.o)
                0x0081d068                Netinit
                0x0081d6b4                fixup_subnet_mask
                0x0081d814                netclose
                0x0081d8fc                pktdemux
                0x0081dcd0                c_older
                0x0081dda0                ip2mac
 .text          0x0081df44      0x4b0 ../simple_socket_bsp/\libucosii_bsp.a(ipstart.o)
                0x0081df44                ip_startup
                0x0081e228                exit_hook
                0x0081e294                ip_exit
                0x0081e364                if_netnumber
 .text          0x0081e3f4     0x10e8 ../simple_socket_bsp/\libucosii_bsp.a(igmp_cmn.o)
                0x0081e3f4                igmp_init
                0x0081e4e4                igmp_input
                0x0081e5dc                igmp_fasttimo
                0x0081e810                igmp_send
                0x0081eab8                igmp_joingroup
                0x0081ed24                igmp_leavegroup
                0x0081eda0                igmp_validate
                0x0081f0fc                igmp_print_stats
 .text          0x0081f4dc      0xbc8 ../simple_socket_bsp/\libucosii_bsp.a(bsdsock.o)
                0x0081f4dc                bsd_accept
                0x0081f614                bsd_getpeername
                0x0081f740                bsd_getsockname
                0x0081f86c                bsd_i_sockoptlen
                0x0081fa24                bsd_getsockopt
                0x0081fb44                bsd_ioctl
                0x0081fc48                bsd_inet_ntoa
                0x0081fc78                bsd_recvfrom
                0x0081fdd8                bsd_select
                0x0081ffb8                bsd_setsockopt
 .text          0x008200a4      0x118 ../simple_socket_bsp/\libucosii_bsp.a(cksum.o)
                0x008200a4                ccksum
                0x00820154                cksum
 .text          0x008201bc      0xa9c ../simple_socket_bsp/\libucosii_bsp.a(in_utils.o)
                0x008201bc                do_trap
                0x008201e8                nextarg
                0x00820264                hexdump
                0x008203ac                print_ipad
                0x00820420                print_uptime
                0x0082054c                panic
                0x00820590                print_eth
                0x008206f4                uslash
                0x00820774                ns_printf
                0x008208f8                std_out
                0x0082093c                con_page
                0x00820a2c                parse_args
 .text          0x00820c58      0x1c8 ../simple_socket_bsp/\libucosii_bsp.a(netmain.o)
                0x00820c58                netmain
                0x00820d4c                tk_netmain
                0x00820dd4                tk_nettick
 .text          0x00820e20      0x810 ../simple_socket_bsp/\libucosii_bsp.a(parseip.o)
                0x00820e20                parse_ipad
                0x0082113c                inet_addr
                0x008211a4                hextoa
                0x00821214                inet_pton
                0x008212c0                inet_ntop
                0x0082134c                print46_addr
                0x008213ac                inet46_addr
                0x00821470                inet_setport
                0x008214e4                convert_ip
 .text          0x00821630      0x5e8 ../simple_socket_bsp/\libucosii_bsp.a(tk_crnos.o)
                0x00821630                TK_OSTimeDly
                0x0082165c                TK_OSTaskResume
                0x008216cc                tcp_sleep
                0x0082186c                tcp_wakeup
                0x00821970                TK_OSTaskQuery
                0x008219e4                tk_yield
                0x00821a10                tk_stats
 .text          0x00821c18     0x3294 ../simple_socket_bsp/\libucosii_bsp.a(dhcpclnt.o)
                0x00821c18                dhc_get_srv_ipaddr
                0x00821ca8                dhc_init
                0x00821d64                dhc_set_callback
                0x00821da8                dhc_upcall
                0x008225d8                dhc_buildheader
                0x008227f4                dhc_discover
                0x00822d0c                dhc_rx_offer
                0x00822e10                dhc_request
                0x0082394c                dhc_setip
                0x00823bcc                dhc_resetip
                0x00823cb0                dhc_decline
                0x00823e94                dhc_extract_opts
                0x00824150                dhc_second
                0x00824a40                dhc_halt
                0x00824ac8                dhc_reclaim
                0x00824c98                dhc_state_init
                0x00824cf8                dhc_alldone
                0x00824d88                dhc_ifacedone
                0x00824dfc                dhc_set_state
 .text          0x00824eac       0xcc ../simple_socket_bsp/\libucosii_bsp.a(dhcputil.o)
                0x00824eac                find_opt
 .text          0x00824f78      0x79c ../simple_socket_bsp/\libucosii_bsp.a(pktalloc.o)
                0x00824f78                pk_init
                0x00825208                pk_alloc
                0x008252e4                pk_validate
                0x0082559c                pk_free
                0x00825648                pk_get_max_intrsafe_buf_len
                0x00825668                dump_buf_estats
 .text          0x00825714      0x288 ../simple_socket_bsp/\libucosii_bsp.a(q.o)
                0x00825714                getq
                0x008257dc                putq
                0x0082588c                qdel
 .text          0x0082599c      0x31c ../simple_socket_bsp/\libucosii_bsp.a(udp_open.o)
                0x0082599c                udp_open
                0x00825bd4                udp_close
 .text          0x00825cb8      0x194 ../simple_socket_bsp/\libucosii_bsp.a(asm_cksum.o)
                0x00825cb8                asm_cksum
 .text          0x00825e4c      0x2e4 ../simple_socket_bsp/\libucosii_bsp.a(brdutils.o)
                0x00825e4c                dtrap
                0x00825e7c                kbhit
                0x00825f28                getch
                0x00825f88                clock_init
                0x00825fc4                clock_c
                0x00825fe0                cticks_hook
                0x00826090                irq_Mask
                0x008260ec                irq_Unmask
 .text          0x00826130      0x488 ../simple_socket_bsp/\libucosii_bsp.a(osportco.o)
                0x00826130                LOCK_NET_RESOURCE
                0x008261f0                UNLOCK_NET_RESOURCE
                0x00826278                TK_NEWTASK
                0x0082648c                wait_app_sem
                0x00826540                post_app_sem
 .text          0x008265b8      0x568 ../simple_socket_bsp/\libucosii_bsp.a(targnios.o)
                0x008265b8                alt_iniche_init
                0x008267d4                pre_task_setup
                0x00826848                post_task_setup
                0x00826868                prep_armintcp
                0x008268a0                calloc2
                0x008268d4                npalloc
                0x008269c8                npfree
                0x00826a80                ncpalloc
                0x00826ad4                ncpfree
 .text          0x00826b20     0x19b8 ../simple_socket_bsp/\libucosii_bsp.a(nptcp.o)
                0x00826b20                pffindtype
                0x00826bc0                pffindproto
                0x00826c90                m_getnbuf
                0x00826e38                m_free
                0x00826f6c                m_freem
                0x00826fb0                m_copy
                0x008272d4                m_adj
                0x008274a4                mbuf_len
                0x008274fc                dtom
                0x008275a4                remque
                0x00827614                insque
                0x00827690                nptcp_init
                0x008277b4                tcp_rcv
                0x008279a0                ip_output
                0x00827f98                in_broadcast
                0x00827fd8                np_stripoptions
                0x008280c0                so_icmpdu
                0x00828418                tcp_tick
 .text          0x008284d8      0xa2c ../simple_socket_bsp/\libucosii_bsp.a(rawsock.o)
                0x008284d8                rawip_lookup
                0x00828548                rawip_soinput
                0x0082871c                rawip_usrreq
 .text          0x00828f04     0x17fc ../simple_socket_bsp/\libucosii_bsp.a(sockcall.o)
                0x00828f04                DOMAIN_CHECK
                0x00828f50                t_socket
                0x00828fe0                t_bind
                0x0082915c                t_listen
                0x00829240                t_accept
                0x008294d8                t_connect
                0x00829780                t_getpeername
                0x008297c4                t_getsockname
                0x00829a04                t_setsockopt
                0x00829be0                t_getsockopt
                0x00829d84                t_recv
                0x00829e74                t_recvfrom
                0x00829fc4                t_sendto
                0x0082a1f0                t_send
                0x0082a418                t_shutdown
                0x0082a4fc                t_socketclose
                0x0082a664                t_errno
 .text          0x0082a700     0x23ec ../simple_socket_bsp/\libucosii_bsp.a(socket.o)
                0x0082a700                socreate
                0x0082a8cc                sobind
                0x0082a928                solisten
                0x0082aa18                sofree
                0x0082ab48                soclose
                0x0082aeb4                soabort
                0x0082af04                soaccept
                0x0082afa0                soconnect
                0x0082b074                sodisconnect
                0x0082b114                sosend
                0x0082b71c                soreceive
                0x0082bf00                soshutdown
                0x0082bfa8                sorflush
                0x0082c0a8                sosetopt
                0x0082c568                sogetopt
                0x0082caa8                sohasoutofband
 .text          0x0082caec     0x1318 ../simple_socket_bsp/\libucosii_bsp.a(socket2.o)
                0x0082caec                soisconnecting
                0x0082cb58                soisconnected
                0x0082cc54                soisdisconnecting
                0x0082cce0                soisdisconnected
                0x0082cd9c                sonewconn
                0x0082cfb8                soqinsque
                0x0082d064                soqremque
                0x0082d184                socantsendmore
                0x0082d1d4                socantrcvmore
                0x0082d224                sbselqueue
                0x0082d25c                sbwait
                0x0082d2c4                sbwakeup
                0x0082d360                soreserve
                0x0082d3e0                sbreserve
                0x0082d440                sbrelease
                0x0082d488                sbappend
                0x0082d530                sbappendrecord
                0x0082d610                sbappendaddr
                0x0082d818                sbcompress
                0x0082da00                sbflush
                0x0082da90                sbdrop
                0x0082dc60                sbdropend
                0x0082dd70                sbdroprecord
 .text          0x0082de04      0x914 ../simple_socket_bsp/\libucosii_bsp.a(soselect.o)
                0x0082de04                t_select
                0x0082e024                sock_selscan
                0x0082e17c                sock_select
                0x0082e390                in_pcbnotify
                0x0082e45c                tcp_notify
                0x0082e4c4                ifd_clr
                0x0082e5b4                ifd_set
                0x0082e628                ifd_isset
                0x0082e6a8                ifd_get
 .text          0x0082e718     0x3020 ../simple_socket_bsp/\libucosii_bsp.a(tcp_in.o)
                0x0082e718                tcp_reass
                0x0082eb20                tcp_input
                0x00831074                tcp_dooptions
                0x00831204                tcp_pulloutofband
                0x00831330                tcp_xmit_timer
                0x008315d4                ip4_tcpmss
                0x0083161c                tcp_mss
 .text          0x00831738     0x1360 ../simple_socket_bsp/\libucosii_bsp.a(tcp_out.o)
                0x00831738                tcp_output
                0x008328b4                tcp_setpersist
 .text          0x00832a98      0x9e8 ../simple_socket_bsp/\libucosii_bsp.a(tcp_subr.o)
                0x00832a98                tcp_init
                0x00832af0                tcp_template
                0x00832c08                tcp_respond
                0x00833090                tcp_newtcpcb
                0x008331a8                tcp_drop
                0x00833254                tcp_close
                0x0083333c                tcp_quench
                0x00833388                tcp_putseq
                0x00833408                tcp_getseq
 .text          0x00833480      0x798 ../simple_socket_bsp/\libucosii_bsp.a(tcp_timr.o)
                0x00833480                tcp_slowtimo
                0x00833720                tcp_canceltimers
                0x0083377c                tcp_timers
 .text          0x00833c18      0x9ec ../simple_socket_bsp/\libucosii_bsp.a(tcp_usr.o)
                0x00833c18                tcp_usrreq
                0x0083431c                tcp_attach
                0x00834450                tcp_disconnect
                0x00834524                tcp_usrclosed
 .text          0x00834604       0x4c ../simple_socket_bsp/\libucosii_bsp.a(tcpport.o)
                0x00834604                tcpinit
 .text          0x00834650      0xd20 ../simple_socket_bsp/\libucosii_bsp.a(udpsock.o)
                0x00834650                udp_lookup
                0x008346c0                udp_soinput
                0x00834878                udp_usrreq
                0x00834afc                udp4_sockbind
                0x00834e38                udp4_socksend
                0x00835214                udp4_sockaddr
 .text          0x00835370      0x154 ../simple_socket_bsp/\libucosii_bsp.a(alt_alarm_start.o)
                0x00835370                alt_alarm_start
 .text          0x008354c4      0x14c ../simple_socket_bsp/\libucosii_bsp.a(alt_busy_sleep.o)
                0x008354c4                alt_busy_sleep
 .text          0x00835610      0x15c ../simple_socket_bsp/\libucosii_bsp.a(alt_close.o)
                0x00835610                alt_close
 .text          0x0083576c       0x78 ../simple_socket_bsp/\libucosii_bsp.a(alt_dcache_flush.o)
                0x0083576c                alt_dcache_flush
 .text          0x008357e4       0x2c ../simple_socket_bsp/\libucosii_bsp.a(alt_dev.o)
 .text          0x00835810      0x114 ../simple_socket_bsp/\libucosii_bsp.a(alt_dev_llist_insert.o)
                0x00835810                alt_dev_llist_insert
 .text          0x00835924       0x64 ../simple_socket_bsp/\libucosii_bsp.a(alt_do_ctors.o)
                0x00835924                _do_ctors
 .text          0x00835988       0x64 ../simple_socket_bsp/\libucosii_bsp.a(alt_do_dtors.o)
                0x00835988                _do_dtors
 .text          0x008359ec        0x0 ../simple_socket_bsp/\libucosii_bsp.a(alt_errno.o)
 .text          0x008359ec       0x94 ../simple_socket_bsp/\libucosii_bsp.a(alt_find_dev.o)
                0x008359ec                alt_find_dev
 .text          0x00835a80      0x1d4 ../simple_socket_bsp/\libucosii_bsp.a(alt_iic.o)
                0x00835a80                alt_ic_isr_register
                0x00835ad0                alt_ic_irq_enable
                0x00835b6c                alt_ic_irq_disable
                0x00835c0c                alt_ic_irq_enabled
 .text          0x00835c54       0xf8 ../simple_socket_bsp/\libucosii_bsp.a(alt_iic_isr_register.o)
                0x00835c54                alt_iic_isr_register
 .text          0x00835d4c      0x13c ../simple_socket_bsp/\libucosii_bsp.a(alt_io_redirect.o)
                0x00835e10                alt_io_redirect
 .text          0x00835e88        0x0 ../simple_socket_bsp/\libucosii_bsp.a(alt_irq_entry.o)
 .text          0x00835e88        0x0 ../simple_socket_bsp/\libucosii_bsp.a(alt_irq_handler.o)
 .text          0x00835e88      0x2c4 ../simple_socket_bsp/\libucosii_bsp.a(alt_open.o)
                0x00835f64                open
 .text          0x0083614c      0x180 ../simple_socket_bsp/\libucosii_bsp.a(alt_read.o)
                0x0083614c                alt_read
 .text          0x008362cc       0x60 ../simple_socket_bsp/\libucosii_bsp.a(alt_release_fd.o)
                0x008362cc                alt_release_fd
 .text          0x0083632c       0x38 ../simple_socket_bsp/\libucosii_bsp.a(alt_remap_cached.o)
                0x0083632c                alt_remap_cached
 .text          0x00836364       0x40 ../simple_socket_bsp/\libucosii_bsp.a(alt_remap_uncached.o)
                0x00836364                alt_remap_uncached
 .text          0x008363a4      0x1a8 ../simple_socket_bsp/\libucosii_bsp.a(alt_tick.o)
                0x008363a4                alt_alarm_stop
                0x0083643c                alt_tick
 .text          0x0083654c      0x180 ../simple_socket_bsp/\libucosii_bsp.a(alt_write.o)
                0x0083654c                alt_write
 .text          0x008366cc       0x20 ../simple_socket_bsp/\libucosii_bsp.a(altera_nios2_qsys_irq.o)
                0x008366cc                altera_nios2_qsys_irq_init
 .text          0x008366ec       0xd0 ../simple_socket_bsp/\libucosii_bsp.a(os_cpu_a.o)
                0x008366ec                OSCtxSw
                0x008366ec                OSIntCtxSw
                0x00836778                OSStartHighRdy
                0x00836798                OSStartTsk
 .text          0x008367bc      0x424 ../simple_socket_bsp/\libucosii_bsp.a(os_cpu_c.o)
                0x008367bc                OSTaskStkInit
                0x00836acc                OSTaskCreateHook
                0x00836aec                OSTaskDelHook
                0x00836b0c                OSTaskSwHook
                0x00836b28                OSTaskStatHook
                0x00836b44                OSTimeTickHook
                0x00836b6c                OSInitHookBegin
                0x00836b88                OSInitHookEnd
                0x00836ba4                OSTaskIdleHook
                0x00836bc0                OSTCBInitHook
 .text          0x00836be0      0x460 ../simple_socket_bsp/\libucosii_bsp.a(altera_avalon_cfi_flash_amd.o)
                0x00836be0                alt_program_amd
                0x00836c48                alt_erase_block_amd
 .text          0x00837040      0x460 ../simple_socket_bsp/\libucosii_bsp.a(altera_avalon_cfi_flash_intel.o)
                0x00837040                alt_program_intel
                0x008370c4                alt_erase_block_intel
 .text          0x008374a0      0x238 ../simple_socket_bsp/\libucosii_bsp.a(altera_avalon_spi.o)
                0x008374a0                alt_avalon_spi_command
 .text          0x008376d8      0x444 ../simple_socket_bsp/\libucosii_bsp.a(allports.o)
                0x008376d8                netmain_init
                0x008377d4                icmp_port_du
                0x0083785c                station_state
                0x008379c0                sysuptime
                0x00837a54                packet_check
                0x00837aa0                mcastlist
                0x00837ac4                prep_modules
 .text          0x00837b1c      0x580 ../simple_socket_bsp/\libucosii_bsp.a(timeouts.o)
                0x00837b1c                inet_timer
                0x00837e1c                in_timerset
                0x00837ff4                in_timerkill
 .text          0x0083809c       0xa4 ../simple_socket_bsp/\libucosii_bsp.a(tk_misc.o)
                0x0083809c                create_apptasks
                0x008380c0                task_stats
 .text          0x00838140       0xb0 ../simple_socket_bsp/\libucosii_bsp.a(alt_iniche_fcntl.o)
                0x00838140                fcntl
 .text          0x008381f0     0x15b0 ../simple_socket_bsp/\libucosii_bsp.a(et_arp.o)
                0x008381f0                etainit
                0x00838244                et_send
                0x008383c0                arp_free_pending
                0x00838448                arp_send_pending
                0x008384bc                send_arp
                0x00838954                find_oldest_arp
                0x00838b50                make_arp_entry
                0x00838c64                arpReply
                0x00838ef8                arprcv
                0x00839158                send_via_arp
                0x00839328                cb_arpent_tmo
                0x008394d4                grat_arp
 .text          0x008397a0      0x298 ../simple_socket_bsp/\libucosii_bsp.a(iface.o)
                0x008397a0                if_getbynum
                0x00839824                isbcast
                0x00839904                reg_type
                0x008399a0                if_killsocks
 .text          0x00839a38     0x22a4 ../simple_socket_bsp/\libucosii_bsp.a(ip.o)
                0x00839a38                ip_init
                0x00839b34                ip_bldhead
                0x00839cd8                ip_write_internal
                0x0083a458                ip_write
                0x0083a6a0                ip_write2
                0x0083aa50                ip_raw_write
                0x0083ab28                ip_fragment_lc
                0x0083afb0                ip_fragment
                0x0083b5d4                ip_mymach
                0x0083b680                ip_dump
                0x0083b938                iproute
                0x0083bba4                ip_copypkt
 .text          0x0083bcdc     0x1e08 ../simple_socket_bsp/\libucosii_bsp.a(ip_reasm.o)
                0x0083bcdc                ip_reasm_match_frag_with_ire
                0x0083bdac                ip_reasm_determine_type_of_frag
                0x0083be98                ip_reasm_check_mem_useage
                0x0083bf30                ip_reasm_incr_mem_useage
                0x0083bfd8                ip_reasm_decr_mem_useage
                0x0083c078                ip_reasm_process_first_fragment
                0x0083c358                ip_reassm
                0x0083c3f8                ip_reasm_compute_overlap
                0x0083c988                ip_reasm_process_subsequent_fragments
                0x0083cf1c                ip_reasm_find_ire
                0x0083cf80                ip_reasm_copy_queued_fragments_into_reassy_buffer
                0x0083d2dc                ip_reasm_process_timer_tick
                0x0083d3fc                ip_reasm_delete_ire
                0x0083d5c4                ip_reasm_mark_compact_rfq
                0x0083d70c                ipr_stats
                0x0083da90                ip_reasm_send_icmp_timex
 .text          0x0083dae4      0xe3c ../simple_socket_bsp/\libucosii_bsp.a(ipdemux.o)
                0x0083dae4                ip_rcv
                0x0083dee4                ip_rcv_phase2
                0x0083e4f0                ip_demux
 .text          0x0083e920      0x2f0 ../simple_socket_bsp/\libucosii_bsp.a(ipmc.o)
                0x0083e920                in_addmulti
                0x0083ea88                in_delmulti
                0x0083eba0                lookup_mcast
 .text          0x0083ec10       0xe4 ../simple_socket_bsp/\libucosii_bsp.a(ipport.o)
                0x0083ec10                prep_ifaces
                0x0083eca4                netexit
                0x0083eccc                evtmap_setup
 .text          0x0083ecf4      0x550 ../simple_socket_bsp/\libucosii_bsp.a(ipraw.o)
                0x0083ecf4                ip_raw_open
                0x0083ede4                ip_raw_close
                0x0083eea4                ip_raw_input
                0x0083f0dc                ip_raw_alloc
                0x0083f1a8                ip_raw_free
                0x0083f1e8                ip_raw_maxalloc
 .text          0x0083f244      0x6f0 ../simple_socket_bsp/\libucosii_bsp.a(iproute.o)
                0x0083f244                rt_lookup
                0x0083f3c8                add_route
                0x0083f7f0                del_route
 .text          0x0083f934      0xe3c ../simple_socket_bsp/\libucosii_bsp.a(udp.o)
                0x0083f934                udpdemux
                0x0084018c                udp_send
                0x00840444                udpswap
                0x00840574                udp_socket
                0x00840644                udp_alloc
                0x00840704                udp_maxalloc
                0x00840730                udp_free
 .text          0x00840770      0x2e8 ../simple_socket_bsp/\libucosii_bsp.a(igmp.o)
                0x00840770                igmpv1_input
 .text          0x00840a58      0x7c0 ../simple_socket_bsp/\libucosii_bsp.a(igmp2.o)
                0x00840a58                igmpv2_input
                0x00840bb8                igmpv2_process_report
                0x00840d04                igmpv2_process_query
                0x00840f50                igmpv2_chk_set_timer
                0x008410a8                igmpv2_chk4_rtr_alert_opt
 .text          0x00841218      0x8fc ../simple_socket_bsp/\libucosii_bsp.a(ipopt.o)
                0x00841218                IPADDR_TO_NETP
                0x00841360                ip_setmoptions
                0x00841950                ip_getmoptions
                0x00841a90                ip_freemoptions
 .text          0x00841b14      0x6e8 ../simple_socket_bsp/\libucosii_bsp.a(u_mctest.o)
                0x00841b14                u_mctest_init
                0x00841b44                u_mctest_run
 .text          0x008421fc      0x3d0 ../simple_socket_bsp/\libucosii_bsp.a(dhcsetup.o)
                0x008421fc                dhc_setup
                0x008424c8                dhc_main_ipset
 .text          0x008425cc      0x40c ../simple_socket_bsp/\libucosii_bsp.a(memdev.o)
                0x008425cc                init_memdev
                0x00842644                md_fopen
                0x0084266c                md_fclose
                0x0084268c                md_fread
                0x0084280c                md_fwrite
                0x0084288c                md_fseek
                0x008428b8                md_ftell
                0x008428dc                md_fgetc
                0x008429b4                md_unlink
 .text          0x008429d8      0x1cc ../simple_socket_bsp/\libucosii_bsp.a(tcpcksum.o)
                0x008429d8                tcp_cksum
 .text          0x00842ba4      0x900 ../simple_socket_bsp/\libucosii_bsp.a(in_pcb.o)
                0x00842ba4                in_pcballoc
                0x00842c38                in_pcbdetach
                0x00842c8c                in_pcbbind
                0x00842ee0                in_pcbconnect
                0x008430f0                in_pcbdisconnect
                0x00843150                in_setsockaddr
                0x008431cc                in_setpeeraddr
                0x00843248                in_pcblookup
 .text          0x008434a4     0x1a74 ../simple_socket_bsp/\libucosii_bsp.a(vfsfiles.o)
                0x008434a4                set_vfopen_error
                0x008434cc                get_vfopen_error
                0x008434ec                vf_alloc_and_link_vop
                0x00843568                vf_alloc_buffer
                0x00843640                vf_free_buffer
                0x00843690                vfopen_locked
                0x008439f8                vfopen
                0x00843a48                vfclose_locked
                0x00843bf0                vfclose
                0x00843c30                vfflush
                0x00843c78                vfgets
                0x00843d5c                vfeof
                0x00843db4                vunlink_flag_open_files
                0x00843e10                vunlink
                0x00844030                vfread
                0x008441dc                vfwrite_locked
                0x008445c4                vfwrite
                0x00844624                vfseek
                0x008447a0                vftell
                0x008448d4                vgetc_locked
                0x008449f4                vgetc
                0x00844a3c                vfslookup_locked
                0x00844b74                vfslookup
                0x00844bbc                strippath
                0x00844da4                isvfile_locked
                0x00844e08                isvfile
                0x00844e50                vferror
                0x00844ebc                vclearerr
 .text          0x00844f18       0x24 ../simple_socket_bsp/\libucosii_bsp.a(vfsport.o)
                0x00844f18                prep_vfs
 .text          0x00844f3c        0x0 ../simple_socket_bsp/\libucosii_bsp.a(alt_exception_entry.o)
 .text          0x00844f3c      0x1b4 ../simple_socket_bsp/\libucosii_bsp.a(alt_fcntl.o)
                0x00844f3c                alt_fcntl
 .text          0x008450f0      0x120 ../simple_socket_bsp/\libucosii_bsp.a(alt_find_file.o)
                0x008450f0                alt_find_file
 .text          0x00845210       0xf4 ../simple_socket_bsp/\libucosii_bsp.a(alt_get_fd.o)
                0x00845210                alt_get_fd
 .text          0x00845304     0x130c ../simple_socket_bsp/\libucosii_bsp.a(icmp.o)
                0x00845304                icmprcv
                0x00845f38                icmp_destun
                0x00846288                icmp_timex
                0x008465bc                icmp_du
 .text          0x00846610       0x14 c:/altera/13.0sp1/nios2eds/bin/gnu/h-i686-mingw32/bin/../lib/gcc/nios2-elf/4.1.2/../../../../nios2-elf/lib\libc.a(lib_a-atexit.o)
                0x00846610                atexit
 .text          0x00846624       0x18 c:/altera/13.0sp1/nios2eds/bin/gnu/h-i686-mingw32/bin/../lib/gcc/nios2-elf/4.1.2/../../../../nios2-elf/lib\libc.a(lib_a-atoi.o)
                0x00846624                _atoi_r
                0x00846630                atoi
 .text          0x0084663c       0x1c c:/altera/13.0sp1/nios2eds/bin/gnu/h-i686-mingw32/bin/../lib/gcc/nios2-elf/4.1.2/../../../../nios2-elf/lib\libc.a(lib_a-calloc.o)
                0x0084663c                calloc
 .text          0x00846658       0x28 c:/altera/13.0sp1/nios2eds/bin/gnu/h-i686-mingw32/bin/../lib/gcc/nios2-elf/4.1.2/../../../../nios2-elf/lib\libc.a(lib_a-malloc.o)
                0x00846658                free
                0x0084666c                malloc
 .text          0x00846680       0x74 c:/altera/13.0sp1/nios2eds/bin/gnu/h-i686-mingw32/bin/../lib/gcc/nios2-elf/4.1.2/../../../../nios2-elf/lib\libc.a(lib_a-memcmp.o)
                0x00846680                memcmp
 .text          0x008466f4       0xd4 c:/altera/13.0sp1/nios2eds/bin/gnu/h-i686-mingw32/bin/../lib/gcc/nios2-elf/4.1.2/../../../../nios2-elf/lib\libc.a(lib_a-sprintf.o)
                0x008466f4                sprintf
                0x00846768                _sprintf_r
 .text          0x008467c8       0x8c c:/altera/13.0sp1/nios2eds/bin/gnu/h-i686-mingw32/bin/../lib/gcc/nios2-elf/4.1.2/../../../../nios2-elf/lib\libc.a(lib_a-strcpy.o)
                0x008467c8                strcpy
 .text          0x00846854       0xf0 c:/altera/13.0sp1/nios2eds/bin/gnu/h-i686-mingw32/bin/../lib/gcc/nios2-elf/4.1.2/../../../../nios2-elf/lib\libc.a(lib_a-strncmp.o)
                0x00846854                strncmp
 .text          0x00846944       0xbc c:/altera/13.0sp1/nios2eds/bin/gnu/h-i686-mingw32/bin/../lib/gcc/nios2-elf/4.1.2/../../../../nios2-elf/lib\libc.a(lib_a-strncpy.o)
                0x00846944                strncpy
 .text          0x00846a00      0x268 c:/altera/13.0sp1/nios2eds/bin/gnu/h-i686-mingw32/bin/../lib/gcc/nios2-elf/4.1.2/../../../../nios2-elf/lib\libc.a(lib_a-strtol.o)
                0x00846a00                _strtol_r
                0x00846c44                strtol
 .text          0x00846c68       0x34 c:/altera/13.0sp1/nios2eds/bin/gnu/h-i686-mingw32/bin/../lib/gcc/nios2-elf/4.1.2/../../../../nios2-elf/lib\libc.a(lib_a-vprintf.o)
                0x00846c68                _vprintf_r
                0x00846c7c                vprintf
 .text          0x00846c9c       0x74 c:/altera/13.0sp1/nios2eds/bin/gnu/h-i686-mingw32/bin/../lib/gcc/nios2-elf/4.1.2/../../../../nios2-elf/lib\libc.a(lib_a-vsprintf.o)
                0x00846c9c                _vsprintf_r
                0x00846cec                vsprintf
 .text          0x00846d10      0x134 c:/altera/13.0sp1/nios2eds/bin/gnu/h-i686-mingw32/bin/../lib/gcc/nios2-elf/4.1.2/../../../../nios2-elf/lib\libc.a(lib_a-__atexit.o)
                0x00846d10                __register_exitproc
 *(.gnu.warning.*)
 *(.fini)
                0x00846e44                PROVIDE (__etext, ABSOLUTE (.))
                0x00846e44                PROVIDE (_etext, ABSOLUTE (.))
                0x00846e44                PROVIDE (etext, ABSOLUTE (.))
 *(.eh_frame_hdr)
                0x00846e44                . = ALIGN (0x4)
                0x00846e44                PROVIDE (__preinit_array_start, ABSOLUTE (.))
 *(.preinit_array)
                0x00846e44                PROVIDE (__preinit_array_end, ABSOLUTE (.))
                0x00846e44                PROVIDE (__init_array_start, ABSOLUTE (.))
 *(.init_array)
                0x00846e44                PROVIDE (__init_array_end, ABSOLUTE (.))
                0x00846e44                PROVIDE (__fini_array_start, ABSOLUTE (.))
 *(.fini_array)
                0x00846e44                PROVIDE (__fini_array_end, ABSOLUTE (.))
 *(.eh_frame)
 *(.gcc_except_table)
 *(.dynamic)
                0x00846e44                PROVIDE (__CTOR_LIST__, ABSOLUTE (.))
 *(.ctors)
 *(SORT(.ctors.*))
 .ctors.65535   0x00846e44        0x4 c:/altera/13.0sp1/nios2eds/bin/gnu/h-i686-mingw32/bin/../lib/gcc/nios2-elf/4.1.2/../../../../nios2-elf/lib\libc.a(lib_a-__call_atexit.o)
                0x00846e48                PROVIDE (__CTOR_END__, ABSOLUTE (.))
                0x00846e48                PROVIDE (__DTOR_LIST__, ABSOLUTE (.))
 *(.dtors)
 *(SORT(.dtors.*))
                0x00846e48                PROVIDE (__DTOR_END__, ABSOLUTE (.))
 *(.jcr)
                0x00846e48                . = ALIGN (0x4)

.rodata         0x00846e48     0x4268
                0x00846e48                PROVIDE (__ram_rodata_start, ABSOLUTE (.))
                0x00846e48                . = ALIGN (0x4)
 *(.rodata .rodata.* .gnu.linkonce.r.*)
 .rodata        0x00846e48       0x60 obj/default/LCD.o
 .rodata        0x00846ea8       0xa8 obj/default/SSS_DE2_115.o
 .rodata        0x00846f50      0xba4 obj/default/alt_error_handler.o
 .rodata        0x00847af4       0x64 obj/default/dm9000a.o
 .rodata        0x00847b58      0x14c obj/default/iniche_init.o
 .rodata        0x00847ca4      0x234 obj/default/network_utilities.o
 .rodata        0x00847ed8      0x2e0 obj/default/simple_socket_server.o
 .rodata        0x008481b8       0x14 c:/altera/13.0sp1/nios2eds/bin/gnu/h-i686-mingw32/bin/../lib/gcc/nios2-elf/4.1.2\libgcc.a(_thenan_df.o)
                0x008481b8                __thenan_df
 .rodata        0x008481cc      0x100 c:/altera/13.0sp1/nios2eds/bin/gnu/h-i686-mingw32/bin/../lib/gcc/nios2-elf/4.1.2\libgcc.a(_clz.o)
                0x008481cc                __clz_tab
 .rodata        0x008482cc      0x281 c:/altera/13.0sp1/nios2eds/bin/gnu/h-i686-mingw32/bin/../lib/gcc/nios2-elf/4.1.2/../../../../nios2-elf/lib\libc.a(lib_a-ctype_.o)
                0x008482cc                _ctype_
 *fill*         0x0084854d        0x3 00
 .rodata.str1.4
                0x00848550        0x2 c:/altera/13.0sp1/nios2eds/bin/gnu/h-i686-mingw32/bin/../lib/gcc/nios2-elf/4.1.2/../../../../nios2-elf/lib\libc.a(lib_a-impure.o)
                                  0x4 (size before relaxing)
 *fill*         0x00848552        0x2 00
 .rodata.str1.4
                0x00848554        0x3 c:/altera/13.0sp1/nios2eds/bin/gnu/h-i686-mingw32/bin/../lib/gcc/nios2-elf/4.1.2/../../../../nios2-elf/lib\libc.a(lib_a-perror.o)
                                  0x4 (size before relaxing)
 *fill*         0x00848557        0x1 00
 .rodata.str1.4
                0x00848558        0x2 c:/altera/13.0sp1/nios2eds/bin/gnu/h-i686-mingw32/bin/../lib/gcc/nios2-elf/4.1.2/../../../../nios2-elf/lib\libc.a(lib_a-puts.o)
                                  0x4 (size before relaxing)
 *fill*         0x0084855a        0x2 00
 .rodata.str1.4
                0x0084855c      0x7a2 c:/altera/13.0sp1/nios2eds/bin/gnu/h-i686-mingw32/bin/../lib/gcc/nios2-elf/4.1.2/../../../../nios2-elf/lib\libc.a(lib_a-strerror.o)
                                0x7a8 (size before relaxing)
 *fill*         0x00848cfe        0x2 00
 .rodata.str1.4
                0x00848d00       0x5e c:/altera/13.0sp1/nios2eds/bin/gnu/h-i686-mingw32/bin/../lib/gcc/nios2-elf/4.1.2/../../../../nios2-elf/lib\libc.a(lib_a-vfprintf.o)
                                 0x60 (size before relaxing)
 .rodata        0x00848d5e       0x20 c:/altera/13.0sp1/nios2eds/bin/gnu/h-i686-mingw32/bin/../lib/gcc/nios2-elf/4.1.2/../../../../nios2-elf/lib\libc.a(lib_a-vfprintf.o)
 *fill*         0x00848d7e        0x2 00
 .rodata.str1.4
                0x00848d80       0x10 c:/altera/13.0sp1/nios2eds/bin/gnu/h-i686-mingw32/bin/../lib/gcc/nios2-elf/4.1.2/../../../../nios2-elf/lib\libc.a(lib_a-dtoa.o)
                                 0x14 (size before relaxing)
 .rodata.str1.4
                0x00848d90       0x10 c:/altera/13.0sp1/nios2eds/bin/gnu/h-i686-mingw32/bin/../lib/gcc/nios2-elf/4.1.2/../../../../nios2-elf/lib\libc.a(lib_a-locale.o)
                                 0x18 (size before relaxing)
 .rodata        0x00848da0       0x30 c:/altera/13.0sp1/nios2eds/bin/gnu/h-i686-mingw32/bin/../lib/gcc/nios2-elf/4.1.2/../../../../nios2-elf/lib\libc.a(lib_a-locale.o)
 .rodata        0x00848dd0      0x124 c:/altera/13.0sp1/nios2eds/bin/gnu/h-i686-mingw32/bin/../lib/gcc/nios2-elf/4.1.2/../../../../nios2-elf/lib\libc.a(lib_a-mprec.o)
                0x00848dd0                __mprec_tens
                0x00848e98                __mprec_bigtens
                0x00848ec0                __mprec_tinytens
 .rodata        0x00848ef4       0x14 ../simple_socket_bsp/\libucosii_bsp.a(alt_main.o)
 .rodata        0x00848f08      0x120 ../simple_socket_bsp/\libucosii_bsp.a(os_core.o)
                0x00848f08                OSUnMapTbl
 .rodata        0x00849028       0x60 ../simple_socket_bsp/\libucosii_bsp.a(alt_sys_init.o)
 .rodata        0x00849088       0xd8 ../simple_socket_bsp/\libucosii_bsp.a(ipnet.o)
 .rodata        0x00849160       0xec ../simple_socket_bsp/\libucosii_bsp.a(ipstart.o)
 .rodata        0x0084924c      0x54c ../simple_socket_bsp/\libucosii_bsp.a(igmp_cmn.o)
 .rodata        0x00849798       0xb8 ../simple_socket_bsp/\libucosii_bsp.a(in_utils.o)
 .rodata        0x00849850       0x34 ../simple_socket_bsp/\libucosii_bsp.a(netmain.o)
 .rodata        0x00849884       0x94 ../simple_socket_bsp/\libucosii_bsp.a(parseip.o)
 .rodata        0x00849918      0x1a8 ../simple_socket_bsp/\libucosii_bsp.a(tk_crnos.o)
 .rodata        0x00849ac0        0x8 ../simple_socket_bsp/\libucosii_bsp.a(dhcpclnt.o)
 .rodata        0x00849ac8      0x118 ../simple_socket_bsp/\libucosii_bsp.a(pktalloc.o)
 .rodata        0x00849be0       0x84 ../simple_socket_bsp/\libucosii_bsp.a(udp_open.o)
 .rodata        0x00849c64       0x2c ../simple_socket_bsp/\libucosii_bsp.a(brdutils.o)
 .rodata        0x00849c90      0x26c ../simple_socket_bsp/\libucosii_bsp.a(osportco.o)
 .rodata        0x00849efc       0xa0 ../simple_socket_bsp/\libucosii_bsp.a(targnios.o)
 .rodata        0x00849f9c       0x90 ../simple_socket_bsp/\libucosii_bsp.a(nptcp.o)
 .rodata        0x0084a02c        0x8 ../simple_socket_bsp/\libucosii_bsp.a(sockcall.o)
 .rodata        0x0084a034       0x50 ../simple_socket_bsp/\libucosii_bsp.a(socket.o)
 .rodata        0x0084a084       0x40 ../simple_socket_bsp/\libucosii_bsp.a(socket2.o)
 .rodata        0x0084a0c4       0x20 ../simple_socket_bsp/\libucosii_bsp.a(tcp_in.o)
 .rodata        0x0084a0e4       0x40 ../simple_socket_bsp/\libucosii_bsp.a(tcp_out.o)
 .rodata        0x0084a124       0x24 ../simple_socket_bsp/\libucosii_bsp.a(tcp_subr.o)
 .rodata        0x0084a148       0x2c ../simple_socket_bsp/\libucosii_bsp.a(tcp_usr.o)
 .rodata        0x0084a174        0xc ../simple_socket_bsp/\libucosii_bsp.a(alt_dev.o)
 .rodata        0x0084a180        0x4 ../simple_socket_bsp/\libucosii_bsp.a(os_cpu_c.o)
 .rodata        0x0084a184      0x1d4 ../simple_socket_bsp/\libucosii_bsp.a(allports.o)
 .rodata        0x0084a358       0x34 ../simple_socket_bsp/\libucosii_bsp.a(tk_misc.o)
 .rodata        0x0084a38c       0x44 ../simple_socket_bsp/\libucosii_bsp.a(et_arp.o)
 .rodata        0x0084a3d0      0x1dc ../simple_socket_bsp/\libucosii_bsp.a(ip.o)
 .rodata        0x0084a5ac      0x158 ../simple_socket_bsp/\libucosii_bsp.a(ip_reasm.o)
 .rodata        0x0084a704      0x120 ../simple_socket_bsp/\libucosii_bsp.a(ipdemux.o)
 .rodata        0x0084a824       0x34 ../simple_socket_bsp/\libucosii_bsp.a(ipport.o)
 .rodata        0x0084a858       0x24 ../simple_socket_bsp/\libucosii_bsp.a(ipraw.o)
 .rodata        0x0084a87c       0x38 ../simple_socket_bsp/\libucosii_bsp.a(iproute.o)
 .rodata        0x0084a8b4       0xe8 ../simple_socket_bsp/\libucosii_bsp.a(udp.o)
 .rodata        0x0084a99c      0x2d0 ../simple_socket_bsp/\libucosii_bsp.a(u_mctest.o)
 .rodata        0x0084ac6c       0xf8 ../simple_socket_bsp/\libucosii_bsp.a(dhcsetup.o)
 .rodata        0x0084ad64       0x34 ../simple_socket_bsp/\libucosii_bsp.a(vfsfiles.o)
 .rodata        0x0084ad98      0x318 ../simple_socket_bsp/\libucosii_bsp.a(icmp.o)
 *(.rodata1)
                0x0084b0b0                . = ALIGN (0x4)
                0x0084b0b0                PROVIDE (__ram_rodata_end, ABSOLUTE (.))
                0x00846e48                PROVIDE (__flash_rodata_start, LOADADDR (.rodata))

.rwdata         0x0084b0b0     0x213c
                0x0084b0b0                PROVIDE (__ram_rwdata_start, ABSOLUTE (.))
                0x0084b0b0                . = ALIGN (0x4)
 *(.got.plt)
 *(.got)
 *(.data1)
 *(.data .data.* .gnu.linkonce.d.*)
 .data          0x0084b0b0        0x0 ../simple_socket_bsp//obj/HAL/src/crt0.o
 .data          0x0084b0b0        0x0 obj/default/LCD.o
 .data          0x0084b0b0        0x0 obj/default/SSS_DE2_115.o
 .data          0x0084b0b0        0x0 obj/default/alt_error_handler.o
 .data          0x0084b0b0        0x0 obj/default/dm9000a.o
 .data          0x0084b0b0       0x18 obj/default/iniche_init.o
                0x0084b0b0                ssstask
 .data          0x0084b0c8        0x0 obj/default/led.o
 .data          0x0084b0c8        0x0 obj/default/network_utilities.o
 .data          0x0084b0c8        0x0 obj/default/simple_socket_server.o
 .data          0x0084b0c8        0x0 obj/default/tse_my_system.o
 .data          0x0084b0c8        0x0 c:/altera/13.0sp1/nios2eds/bin/gnu/h-i686-mingw32/bin/../lib/gcc/nios2-elf/4.1.2\libgcc.a(_fixunsdfsi.o)
 .data          0x0084b0c8        0x0 c:/altera/13.0sp1/nios2eds/bin/gnu/h-i686-mingw32/bin/../lib/gcc/nios2-elf/4.1.2\libgcc.a(_addsub_df.o)
 .data          0x0084b0c8        0x0 c:/altera/13.0sp1/nios2eds/bin/gnu/h-i686-mingw32/bin/../lib/gcc/nios2-elf/4.1.2\libgcc.a(_mul_df.o)
 .data          0x0084b0c8        0x0 c:/altera/13.0sp1/nios2eds/bin/gnu/h-i686-mingw32/bin/../lib/gcc/nios2-elf/4.1.2\libgcc.a(_ge_df.o)
 .data          0x0084b0c8        0x0 c:/altera/13.0sp1/nios2eds/bin/gnu/h-i686-mingw32/bin/../lib/gcc/nios2-elf/4.1.2\libgcc.a(_df_to_si.o)
 .data          0x0084b0c8        0x0 c:/altera/13.0sp1/nios2eds/bin/gnu/h-i686-mingw32/bin/../lib/gcc/nios2-elf/4.1.2\libgcc.a(_thenan_df.o)
 .data          0x0084b0c8        0x0 c:/altera/13.0sp1/nios2eds/bin/gnu/h-i686-mingw32/bin/../lib/gcc/nios2-elf/4.1.2\libgcc.a(_usi_to_df.o)
 .data          0x0084b0c8        0x0 c:/altera/13.0sp1/nios2eds/bin/gnu/h-i686-mingw32/bin/../lib/gcc/nios2-elf/4.1.2\libgcc.a(_muldi3.o)
 .data          0x0084b0c8        0x0 c:/altera/13.0sp1/nios2eds/bin/gnu/h-i686-mingw32/bin/../lib/gcc/nios2-elf/4.1.2\libgcc.a(_clzsi2.o)
 .data          0x0084b0c8        0x0 c:/altera/13.0sp1/nios2eds/bin/gnu/h-i686-mingw32/bin/../lib/gcc/nios2-elf/4.1.2\libgcc.a(_pack_df.o)
 .data          0x0084b0c8        0x0 c:/altera/13.0sp1/nios2eds/bin/gnu/h-i686-mingw32/bin/../lib/gcc/nios2-elf/4.1.2\libgcc.a(_unpack_df.o)
 .data          0x0084b0c8        0x0 c:/altera/13.0sp1/nios2eds/bin/gnu/h-i686-mingw32/bin/../lib/gcc/nios2-elf/4.1.2\libgcc.a(_fpcmp_parts_df.o)
 .data          0x0084b0c8        0x0 c:/altera/13.0sp1/nios2eds/bin/gnu/h-i686-mingw32/bin/../lib/gcc/nios2-elf/4.1.2\libgcc.a(_clz.o)
 .data          0x0084b0c8        0x0 c:/altera/13.0sp1/nios2eds/bin/gnu/h-i686-mingw32/bin/../lib/gcc/nios2-elf/4.1.2/../../../../nios2-elf/lib\libc.a(lib_a-ctype_.o)
 .data          0x0084b0c8        0x0 c:/altera/13.0sp1/nios2eds/bin/gnu/h-i686-mingw32/bin/../lib/gcc/nios2-elf/4.1.2/../../../../nios2-elf/lib\libc.a(lib_a-exit.o)
 .data          0x0084b0c8        0x0 c:/altera/13.0sp1/nios2eds/bin/gnu/h-i686-mingw32/bin/../lib/gcc/nios2-elf/4.1.2/../../../../nios2-elf/lib\libc.a(lib_a-fprintf.o)
 .data          0x0084b0c8        0x0 c:/altera/13.0sp1/nios2eds/bin/gnu/h-i686-mingw32/bin/../lib/gcc/nios2-elf/4.1.2/../../../../nios2-elf/lib\libc.a(lib_a-fwrite.o)
 .data          0x0084b0c8        0x0 c:/altera/13.0sp1/nios2eds/bin/gnu/h-i686-mingw32/bin/../lib/gcc/nios2-elf/4.1.2/../../../../nios2-elf/lib\libc.a(lib_a-getc.o)
 .data          0x0084b0c8      0x400 c:/altera/13.0sp1/nios2eds/bin/gnu/h-i686-mingw32/bin/../lib/gcc/nios2-elf/4.1.2/../../../../nios2-elf/lib\libc.a(lib_a-impure.o)
 .data          0x0084b4c8        0x0 c:/altera/13.0sp1/nios2eds/bin/gnu/h-i686-mingw32/bin/../lib/gcc/nios2-elf/4.1.2/../../../../nios2-elf/lib\libc.a(lib_a-memcpy.o)
 .data          0x0084b4c8        0x0 c:/altera/13.0sp1/nios2eds/bin/gnu/h-i686-mingw32/bin/../lib/gcc/nios2-elf/4.1.2/../../../../nios2-elf/lib\libc.a(lib_a-memmove.o)
 .data          0x0084b4c8        0x0 c:/altera/13.0sp1/nios2eds/bin/gnu/h-i686-mingw32/bin/../lib/gcc/nios2-elf/4.1.2/../../../../nios2-elf/lib\libc.a(lib_a-memset.o)
 .data          0x0084b4c8        0x0 c:/altera/13.0sp1/nios2eds/bin/gnu/h-i686-mingw32/bin/../lib/gcc/nios2-elf/4.1.2/../../../../nios2-elf/lib\libc.a(lib_a-perror.o)
 .data          0x0084b4c8        0x0 c:/altera/13.0sp1/nios2eds/bin/gnu/h-i686-mingw32/bin/../lib/gcc/nios2-elf/4.1.2/../../../../nios2-elf/lib\libc.a(lib_a-printf.o)
 .data          0x0084b4c8        0x0 c:/altera/13.0sp1/nios2eds/bin/gnu/h-i686-mingw32/bin/../lib/gcc/nios2-elf/4.1.2/../../../../nios2-elf/lib\libc.a(lib_a-putc.o)
 .data          0x0084b4c8        0x0 c:/altera/13.0sp1/nios2eds/bin/gnu/h-i686-mingw32/bin/../lib/gcc/nios2-elf/4.1.2/../../../../nios2-elf/lib\libc.a(lib_a-putchar.o)
 .data          0x0084b4c8        0x0 c:/altera/13.0sp1/nios2eds/bin/gnu/h-i686-mingw32/bin/../lib/gcc/nios2-elf/4.1.2/../../../../nios2-elf/lib\libc.a(lib_a-puts.o)
 .data          0x0084b4c8        0x0 c:/altera/13.0sp1/nios2eds/bin/gnu/h-i686-mingw32/bin/../lib/gcc/nios2-elf/4.1.2/../../../../nios2-elf/lib\libc.a(lib_a-rget.o)
 .data          0x0084b4c8        0x0 c:/altera/13.0sp1/nios2eds/bin/gnu/h-i686-mingw32/bin/../lib/gcc/nios2-elf/4.1.2/../../../../nios2-elf/lib\libc.a(lib_a-strchr.o)
 .data          0x0084b4c8        0x0 c:/altera/13.0sp1/nios2eds/bin/gnu/h-i686-mingw32/bin/../lib/gcc/nios2-elf/4.1.2/../../../../nios2-elf/lib\libc.a(lib_a-strerror.o)
 .data          0x0084b4c8        0x0 c:/altera/13.0sp1/nios2eds/bin/gnu/h-i686-mingw32/bin/../lib/gcc/nios2-elf/4.1.2/../../../../nios2-elf/lib\libc.a(lib_a-strlen.o)
 .data          0x0084b4c8        0x0 c:/altera/13.0sp1/nios2eds/bin/gnu/h-i686-mingw32/bin/../lib/gcc/nios2-elf/4.1.2/../../../../nios2-elf/lib\libc.a(lib_a-u_strerr.o)
 .data          0x0084b4c8        0x0 c:/altera/13.0sp1/nios2eds/bin/gnu/h-i686-mingw32/bin/../lib/gcc/nios2-elf/4.1.2/../../../../nios2-elf/lib\libc.a(lib_a-vfprintf.o)
 .data          0x0084b4c8        0x0 c:/altera/13.0sp1/nios2eds/bin/gnu/h-i686-mingw32/bin/../lib/gcc/nios2-elf/4.1.2/../../../../nios2-elf/lib\libc.a(lib_a-wbuf.o)
 .data          0x0084b4c8        0x0 c:/altera/13.0sp1/nios2eds/bin/gnu/h-i686-mingw32/bin/../lib/gcc/nios2-elf/4.1.2/../../../../nios2-elf/lib\libc.a(lib_a-wsetup.o)
 .data          0x0084b4c8        0x0 c:/altera/13.0sp1/nios2eds/bin/gnu/h-i686-mingw32/bin/../lib/gcc/nios2-elf/4.1.2/../../../../nios2-elf/lib\libc.a(lib_a-__call_atexit.o)
 .data          0x0084b4c8        0x0 c:/altera/13.0sp1/nios2eds/bin/gnu/h-i686-mingw32/bin/../lib/gcc/nios2-elf/4.1.2/../../../../nios2-elf/lib\libc.a(lib_a-dtoa.o)
 .data          0x0084b4c8        0x0 c:/altera/13.0sp1/nios2eds/bin/gnu/h-i686-mingw32/bin/../lib/gcc/nios2-elf/4.1.2/../../../../nios2-elf/lib\libc.a(lib_a-fflush.o)
 .data          0x0084b4c8        0x0 c:/altera/13.0sp1/nios2eds/bin/gnu/h-i686-mingw32/bin/../lib/gcc/nios2-elf/4.1.2/../../../../nios2-elf/lib\libc.a(lib_a-findfp.o)
 .data          0x0084b4c8        0x0 c:/altera/13.0sp1/nios2eds/bin/gnu/h-i686-mingw32/bin/../lib/gcc/nios2-elf/4.1.2/../../../../nios2-elf/lib\libc.a(lib_a-fputc.o)
 .data          0x0084b4c8        0x0 c:/altera/13.0sp1/nios2eds/bin/gnu/h-i686-mingw32/bin/../lib/gcc/nios2-elf/4.1.2/../../../../nios2-elf/lib\libc.a(lib_a-fputs.o)
 .data          0x0084b4c8        0x0 c:/altera/13.0sp1/nios2eds/bin/gnu/h-i686-mingw32/bin/../lib/gcc/nios2-elf/4.1.2/../../../../nios2-elf/lib\libc.a(lib_a-freer.o)
 .data          0x0084b4c8        0x0 c:/altera/13.0sp1/nios2eds/bin/gnu/h-i686-mingw32/bin/../lib/gcc/nios2-elf/4.1.2/../../../../nios2-elf/lib\libc.a(lib_a-fvwrite.o)
 .data          0x0084b4c8        0x0 c:/altera/13.0sp1/nios2eds/bin/gnu/h-i686-mingw32/bin/../lib/gcc/nios2-elf/4.1.2/../../../../nios2-elf/lib\libc.a(lib_a-fwalk.o)
 .data          0x0084b4c8        0xc c:/altera/13.0sp1/nios2eds/bin/gnu/h-i686-mingw32/bin/../lib/gcc/nios2-elf/4.1.2/../../../../nios2-elf/lib\libc.a(lib_a-locale.o)
                0x0084b4c8                __lc_ctype
 .data          0x0084b4d4        0x0 c:/altera/13.0sp1/nios2eds/bin/gnu/h-i686-mingw32/bin/../lib/gcc/nios2-elf/4.1.2/../../../../nios2-elf/lib\libc.a(lib_a-makebuf.o)
 .data          0x0084b4d4      0x408 c:/altera/13.0sp1/nios2eds/bin/gnu/h-i686-mingw32/bin/../lib/gcc/nios2-elf/4.1.2/../../../../nios2-elf/lib\libc.a(lib_a-mallocr.o)
                0x0084b4d4                __malloc_av_
 .data          0x0084b8dc        0x0 c:/altera/13.0sp1/nios2eds/bin/gnu/h-i686-mingw32/bin/../lib/gcc/nios2-elf/4.1.2/../../../../nios2-elf/lib\libc.a(lib_a-memchr.o)
 .data          0x0084b8dc        0x0 c:/altera/13.0sp1/nios2eds/bin/gnu/h-i686-mingw32/bin/../lib/gcc/nios2-elf/4.1.2/../../../../nios2-elf/lib\libc.a(lib_a-mprec.o)
 .data          0x0084b8dc        0x0 c:/altera/13.0sp1/nios2eds/bin/gnu/h-i686-mingw32/bin/../lib/gcc/nios2-elf/4.1.2/../../../../nios2-elf/lib\libc.a(lib_a-reallocr.o)
 .data          0x0084b8dc        0x0 c:/altera/13.0sp1/nios2eds/bin/gnu/h-i686-mingw32/bin/../lib/gcc/nios2-elf/4.1.2/../../../../nios2-elf/lib\libc.a(lib_a-refill.o)
 .data          0x0084b8dc        0x0 c:/altera/13.0sp1/nios2eds/bin/gnu/h-i686-mingw32/bin/../lib/gcc/nios2-elf/4.1.2/../../../../nios2-elf/lib\libc.a(lib_a-s_isinfd.o)
 .data          0x0084b8dc        0x0 c:/altera/13.0sp1/nios2eds/bin/gnu/h-i686-mingw32/bin/../lib/gcc/nios2-elf/4.1.2/../../../../nios2-elf/lib\libc.a(lib_a-s_isnand.o)
 .data          0x0084b8dc        0x0 c:/altera/13.0sp1/nios2eds/bin/gnu/h-i686-mingw32/bin/../lib/gcc/nios2-elf/4.1.2/../../../../nios2-elf/lib\libc.a(lib_a-sbrkr.o)
 .data          0x0084b8dc        0x0 c:/altera/13.0sp1/nios2eds/bin/gnu/h-i686-mingw32/bin/../lib/gcc/nios2-elf/4.1.2/../../../../nios2-elf/lib\libc.a(lib_a-stdio.o)
 .data          0x0084b8dc        0x0 c:/altera/13.0sp1/nios2eds/bin/gnu/h-i686-mingw32/bin/../lib/gcc/nios2-elf/4.1.2/../../../../nios2-elf/lib\libc.a(lib_a-strcmp.o)
 .data          0x0084b8dc        0x0 c:/altera/13.0sp1/nios2eds/bin/gnu/h-i686-mingw32/bin/../lib/gcc/nios2-elf/4.1.2/../../../../nios2-elf/lib\libc.a(lib_a-writer.o)
 .data          0x0084b8dc        0x0 c:/altera/13.0sp1/nios2eds/bin/gnu/h-i686-mingw32/bin/../lib/gcc/nios2-elf/4.1.2/../../../../nios2-elf/lib\libc.a(lib_a-callocr.o)